 CppTestCases_BasicDiffObjectsBefore

 Timestamp is 5c1a954c (Wed Dec 19 11:00:28 2018)

 Preferred load address is 0000000180000000

 Start         Length     Name                   Class
 0001:00000000 000018a0H .text$mn                CODE
 0001:000018a0 00000020H .text$mn$00             CODE
 0001:000018c0 000000cdH .text$x                 CODE
 0002:00000000 000000f8H .idata$5                DATA
 0002:000000f8 00000010H .00cfg                  DATA
 0002:00000108 00000008H .CRT$XCA                DATA
 0002:00000110 00000008H .CRT$XCZ                DATA
 0002:00000118 00000008H .CRT$XIA                DATA
 0002:00000120 00000008H .CRT$XIZ                DATA
 0002:00000128 00000008H .CRT$XPA                DATA
 0002:00000130 00000008H .CRT$XPZ                DATA
 0002:00000138 00000008H .CRT$XTA                DATA
 0002:00000140 00000010H .CRT$XTZ                DATA
 0002:00000150 000006c8H .rdata                  DATA
 0002:00000818 00000000H .rdata$r                DATA
 0002:00000818 000002d0H .rdata$zzzdbg           DATA
 0002:00000ae8 00000008H .rtc$IAA                DATA
 0002:00000af0 00000000H .rtc$IMZ                DATA
 0002:00000af0 00000008H .rtc$IZZ                DATA
 0002:00000af8 00000008H .rtc$TAA                DATA
 0002:00000b00 00000000H .rtc$TMZ                DATA
 0002:00000b00 00000008H .rtc$TZZ                DATA
 0002:00000b08 000001b4H .xdata                  DATA
 0002:00000cbc 00000000H .edata                  DATA
 0002:00000cbc 0000003cH .idata$2                DATA
 0002:00000cf8 00000018H .idata$3                DATA
 0002:00000d10 000000f8H .idata$4                DATA
 0002:00000e08 000002acH .idata$6                DATA
 0003:00000000 000000b0H .data                   DATA
 0003:000000b0 00000000H .data$r                 DATA
 0003:000000b0 00000628H .bss                    DATA
 0004:00000000 00000294H .pdata                  DATA
 0005:00000000 00000010H .gfids$y                DATA
 0006:00000000 00000060H .rsrc$01                DATA
 0006:00000060 00000180H .rsrc$02                DATA

  Address         Publics by Value              Rva+Base               Lib:Object

 0000:00000000       __dynamic_value_reloc_table 0000000000000000     <absolute>
 0000:00000000       __guard_iat_table          0000000000000000     <absolute>
 0000:00000000       __guard_iat_count          0000000000000000     <absolute>
 0000:00000000       ___safe_se_handler_count   0000000000000000     <absolute>
 0000:00000000       __guard_fids_count         0000000000000000     <absolute>
 0000:00000000       __guard_longjmp_table      0000000000000000     <absolute>
 0000:00000000       __guard_longjmp_count      0000000000000000     <absolute>
 0000:00000000       ___safe_se_handler_table   0000000000000000     <absolute>
 0000:00000000       __guard_fids_table         0000000000000000     <absolute>
 0000:00000100       __guard_flags              0000000000000100     <absolute>
 0000:00000000       __ImageBase                0000000180000000     <linker-defined>
 0001:00000000       __local_stdio_printf_options 0000000180001000 f i dllmain.obj
 0001:00000010       printf                     0000000180001010 f i dllmain.obj
 0001:00000070       DllMain                    0000000180001070 f   dllmain.obj
 0001:000000f0       ?FunctionInStaticLib1@@YAXH@Z 00000001800010f0 f   StaticLib1:SourceFile1.obj
 0001:00000130       ?FunctionInStaticLib2@@YAXH@Z 0000000180001130 f   StaticLib2:SourceFile1.obj
 0001:00000180       __security_check_cookie    0000000180001180 f   MSVCRTD:_amdsecgs_.obj
 0001:000005a0       _DllMainCRTStartup         00000001800015a0 f   MSVCRTD:dll_dllmain.obj
 0001:000005e0       __GSHandlerCheck           00000001800015e0 f   MSVCRTD:_gshandler_.obj
 0001:00000620       __GSHandlerCheckCommon     0000000180001620 f   MSVCRTD:_gshandler_.obj
 0001:00000720       __raise_securityfailure    0000000180001720 f   MSVCRTD:gs_report.obj
 0001:00000760       __report_gsfailure         0000000180001760 f   MSVCRTD:gs_report.obj
 0001:00000900       ??$__crt_fast_decode_pointer@PEAP6AXXZ@@YAPEAP6AXXZQEAP6AXXZ@Z 0000000180001900 f i MSVCRTD:utility.obj
 0001:00000940       ??$__crt_fast_encode_pointer@PEAP6AXXZ@@YAPEAP6AXXZQEAP6AXXZ@Z 0000000180001940 f i MSVCRTD:utility.obj
 0001:00000980       ?__crt_rotate_pointer_value@@YA_K_KH@Z 0000000180001980 f i MSVCRTD:utility.obj
 0001:000009a0       ?configure_argv@__scrt_narrow_argv_policy@@SAHXZ 00000001800019a0 f i MSVCRTD:utility.obj
 0001:00000b20       NtCurrentTeb               0000000180001b20 f i MSVCRTD:utility.obj
 0001:00000b30       __scrt_acquire_startup_lock 0000000180001b30 f   MSVCRTD:utility.obj
 0001:00000ba0       __scrt_dllmain_after_initialize_c 0000000180001ba0 f   MSVCRTD:utility.obj
 0001:00000bd0       __scrt_dllmain_before_initialize_c 0000000180001bd0 f   MSVCRTD:utility.obj
 0001:00000bf0       __scrt_dllmain_crt_thread_attach 0000000180001bf0 f   MSVCRTD:utility.obj
 0001:00000c20       __scrt_dllmain_crt_thread_detach 0000000180001c20 f   MSVCRTD:utility.obj
 0001:00000c40       __scrt_dllmain_exception_filter 0000000180001c40 f   MSVCRTD:utility.obj
 0001:00000ca0       __scrt_dllmain_uninitialize_c 0000000180001ca0 f   MSVCRTD:utility.obj
 0001:00000cd0       __scrt_dllmain_uninitialize_critical 0000000180001cd0 f   MSVCRTD:utility.obj
 0001:00000cf0       __scrt_initialize_crt      0000000180001cf0 f   MSVCRTD:utility.obj
 0001:00000d40       __scrt_initialize_onexit_tables 0000000180001d40 f   MSVCRTD:utility.obj
 0001:00000e40       __scrt_is_nonwritable_in_current_image 0000000180001e40 f   MSVCRTD:utility.obj
 0001:00000ed0       __scrt_release_startup_lock 0000000180001ed0 f   MSVCRTD:utility.obj
 0001:00000f00       __scrt_uninitialize_crt    0000000180001f00 f   MSVCRTD:utility.obj
 0001:00000f40       _onexit                    0000000180001f40 f   MSVCRTD:utility.obj
 0001:00000fd0       atexit                     0000000180001fd0 f   MSVCRTD:utility.obj
 0001:00001010       __security_init_cookie     0000000180002010 f   MSVCRTD:gs_support.obj
 0001:00001130       ?__scrt_initialize_type_info@@YAXXZ 0000000180002130 f   MSVCRTD:tncleanup.obj
 0001:00001150       ?__scrt_uninitialize_type_info@@YAXXZ 0000000180002150 f   MSVCRTD:tncleanup.obj
 0001:00001170       __local_stdio_scanf_options 0000000180002170 f i MSVCRTD:default_local_stdio_options.obj
 0001:00001180       __scrt_initialize_default_local_stdio_options 0000000180002180 f   MSVCRTD:default_local_stdio_options.obj
 0001:000011d0       __scrt_get_dyn_tls_init_callback 00000001800021d0 f   MSVCRTD:dyn_tls_init.obj
 0001:000011e0       __crt_debugger_hook        00000001800021e0 f   MSVCRTD:utility_desktop.obj
 0001:000011f0       __scrt_fastfail            00000001800021f0 f   MSVCRTD:utility_desktop.obj
 0001:00001390       _RTC_Initialize            0000000180002390 f   MSVCRTD:_initsect_.obj
 0001:000013e0       _RTC_Terminate             00000001800023e0 f   MSVCRTD:_initsect_.obj
 0001:00001430       _guard_check_icall         0000000180002430 f i MSVCRTD:checkcfg.obj
 0001:00001450       __isa_available_init       0000000180002450 f   MSVCRTD:_cpu_disp_.obj
 0001:000017d0       _get_startup_argv_mode     00000001800027d0 f   MSVCRTD:argv_mode.obj
 0001:000017e0       __scrt_is_ucrt_dll_in_use  00000001800027e0 f   MSVCRTD:ucrt_detection.obj
 0001:00001810       _guard_check_icall_nop     0000000180002810 f i MSVCRTD:guard_support.obj
 0001:00001820       __C_specific_handler       0000000180002820 f   vcruntimed:VCRUNTIME140D.dll
 0001:00001826       __std_type_info_destroy_list 0000000180002826 f   vcruntimed:VCRUNTIME140D.dll
 0001:0000182c       _initterm                  000000018000282c f   ucrtd:ucrtbased.dll
 0001:00001832       _initterm_e                0000000180002832 f   ucrtd:ucrtbased.dll
 0001:00001838       _seh_filter_dll            0000000180002838 f   ucrtd:ucrtbased.dll
 0001:0000183e       _configure_narrow_argv     000000018000283e f   ucrtd:ucrtbased.dll
 0001:00001844       _initialize_narrow_environment 0000000180002844 f   ucrtd:ucrtbased.dll
 0001:0000184a       _initialize_onexit_table   000000018000284a f   ucrtd:ucrtbased.dll
 0001:00001850       _register_onexit_function  0000000180002850 f   ucrtd:ucrtbased.dll
 0001:00001856       _execute_onexit_table      0000000180002856 f   ucrtd:ucrtbased.dll
 0001:0000185c       _crt_atexit                000000018000285c f   ucrtd:ucrtbased.dll
 0001:00001862       _cexit                     0000000180002862 f   ucrtd:ucrtbased.dll
 0001:00001868       IsProcessorFeaturePresent  0000000180002868 f   kernel32:KERNEL32.dll
 0001:00001870       __vcrt_thread_detach       0000000180002870 f   MSVCRTD:ucrt_stubs.obj
 0001:00001870       __scrt_stub_for_acrt_initialize 0000000180002870 f   MSVCRTD:ucrt_stubs.obj
 0001:00001870       __vcrt_thread_attach       0000000180002870 f   MSVCRTD:ucrt_stubs.obj
 0001:00001870       __vcrt_initialize          0000000180002870 f   MSVCRTD:ucrt_stubs.obj
 0001:00001870       __scrt_stub_for_acrt_thread_attach 0000000180002870 f   MSVCRTD:ucrt_stubs.obj
 0001:00001870       __scrt_stub_for_acrt_thread_detach 0000000180002870 f   MSVCRTD:ucrt_stubs.obj
 0001:00001870       __acrt_thread_detach       0000000180002870 f   MSVCRTD:ucrt_stubs.obj
 0001:00001870       __acrt_thread_attach       0000000180002870 f   MSVCRTD:ucrt_stubs.obj
 0001:00001870       __acrt_initialize          0000000180002870 f   MSVCRTD:ucrt_stubs.obj
 0001:00001880       __acrt_uninitialize        0000000180002880 f   MSVCRTD:ucrt_stubs.obj
 0001:00001880       __scrt_stub_for_acrt_uninitialize 0000000180002880 f   MSVCRTD:ucrt_stubs.obj
 0001:00001880       __acrt_uninitialize_critical 0000000180002880 f   MSVCRTD:ucrt_stubs.obj
 0001:00001880       __vcrt_uninitialize_critical 0000000180002880 f   MSVCRTD:ucrt_stubs.obj
 0001:00001880       __vcrt_uninitialize        0000000180002880 f   MSVCRTD:ucrt_stubs.obj
 0001:00001880       __scrt_stub_for_acrt_uninitialize_critical 0000000180002880 f   MSVCRTD:ucrt_stubs.obj
 0001:00001890       __scrt_stub_for_is_c_termination_complete 0000000180002890 f   MSVCRTD:ucrt_stubs.obj
 0001:00001890       _is_c_termination_complete 0000000180002890 f   MSVCRTD:ucrt_stubs.obj
 0001:000018b0       _guard_dispatch_icall_nop  00000001800028b0 f   MSVCRTD:_guard_dispatch_.obj
 0002:00000000       __imp_UnhandledExceptionFilter 0000000180003000     kernel32:KERNEL32.dll
 0002:00000008       __imp_RtlVirtualUnwind     0000000180003008     kernel32:KERNEL32.dll
 0002:00000010       __imp_RtlLookupFunctionEntry 0000000180003010     kernel32:KERNEL32.dll
 0002:00000018       __imp_RtlCaptureContext    0000000180003018     kernel32:KERNEL32.dll
 0002:00000020       __imp_GetCurrentProcess    0000000180003020     kernel32:KERNEL32.dll
 0002:00000028       __imp_TerminateProcess     0000000180003028     kernel32:KERNEL32.dll
 0002:00000030       __imp_IsProcessorFeaturePresent 0000000180003030     kernel32:KERNEL32.dll
 0002:00000038       __imp_IsDebuggerPresent    0000000180003038     kernel32:KERNEL32.dll
 0002:00000040       __imp_InitializeSListHead  0000000180003040     kernel32:KERNEL32.dll
 0002:00000048       __imp_GetSystemTimeAsFileTime 0000000180003048     kernel32:KERNEL32.dll
 0002:00000050       __imp_GetCurrentThreadId   0000000180003050     kernel32:KERNEL32.dll
 0002:00000058       __imp_GetCurrentProcessId  0000000180003058     kernel32:KERNEL32.dll
 0002:00000060       __imp_QueryPerformanceCounter 0000000180003060     kernel32:KERNEL32.dll
 0002:00000068       __imp_SetUnhandledExceptionFilter 0000000180003068     kernel32:KERNEL32.dll
 0002:00000070       \177KERNEL32_NULL_THUNK_DATA 0000000180003070     kernel32:KERNEL32.dll
 0002:00000078       __imp___std_type_info_destroy_list 0000000180003078     vcruntimed:VCRUNTIME140D.dll
 0002:00000080       __imp___C_specific_handler 0000000180003080     vcruntimed:VCRUNTIME140D.dll
 0002:00000088       \177VCRUNTIME140D_NULL_THUNK_DATA 0000000180003088     vcruntimed:VCRUNTIME140D.dll
 0002:00000090       __imp__cexit               0000000180003090     ucrtd:ucrtbased.dll
 0002:00000098       __imp__crt_atexit          0000000180003098     ucrtd:ucrtbased.dll
 0002:000000a0       __imp__execute_onexit_table 00000001800030a0     ucrtd:ucrtbased.dll
 0002:000000a8       __imp__register_onexit_function 00000001800030a8     ucrtd:ucrtbased.dll
 0002:000000b0       __imp__initialize_onexit_table 00000001800030b0     ucrtd:ucrtbased.dll
 0002:000000b8       __imp__initialize_narrow_environment 00000001800030b8     ucrtd:ucrtbased.dll
 0002:000000c0       __imp__configure_narrow_argv 00000001800030c0     ucrtd:ucrtbased.dll
 0002:000000c8       __imp__seh_filter_dll      00000001800030c8     ucrtd:ucrtbased.dll
 0002:000000d0       __imp__initterm_e          00000001800030d0     ucrtd:ucrtbased.dll
 0002:000000d8       __imp__initterm            00000001800030d8     ucrtd:ucrtbased.dll
 0002:000000e0       __imp___stdio_common_vfprintf 00000001800030e0     ucrtd:ucrtbased.dll
 0002:000000e8       __imp___acrt_iob_func      00000001800030e8     ucrtd:ucrtbased.dll
 0002:000000f0       \177ucrtbased_NULL_THUNK_DATA 00000001800030f0     ucrtd:ucrtbased.dll
 0002:000000f8       __guard_check_icall_fptr   00000001800030f8     MSVCRTD:guard_support.obj
 0002:00000100       __guard_dispatch_icall_fptr 0000000180003100     MSVCRTD:guard_support.obj
 0002:00000108       __xc_a                     0000000180003108     MSVCRTD:initializers.obj
 0002:00000110       __xc_z                     0000000180003110     MSVCRTD:initializers.obj
 0002:00000118       __xi_a                     0000000180003118     MSVCRTD:initializers.obj
 0002:00000120       __xi_z                     0000000180003120     MSVCRTD:initializers.obj
 0002:00000128       __xp_a                     0000000180003128     MSVCRTD:initializers.obj
 0002:00000130       __xp_z                     0000000180003130     MSVCRTD:initializers.obj
 0002:00000138       __xt_a                     0000000180003138     MSVCRTD:initializers.obj
 0002:00000140       __xt_z                     0000000180003140     MSVCRTD:initializers.obj
 0002:00000160       _pRawDllMain               0000000180003160     MSVCRTD:dll_dllmain.obj
 0002:00000160       _pDefaultRawDllMain        0000000180003160     MSVCRTD:dll_dllmain.obj
 0002:00000240       ??_C@_0NN@NGPKDKPD@The?5value?5of?5ESP?5was?5not?5properl@ 0000000180003240     MSVCRTD:_error_.obj
 0002:00000320       ??_C@_0BBN@GPMLNJCF@A?5cast?5to?5a?5smaller?5data?5type?5ha@ 0000000180003320     MSVCRTD:_error_.obj
 0002:00000440       ??_C@_0BN@FFOINMNJ@Stack?5memory?5was?5corrupted?6?$AN?$AA@ 0000000180003440     MSVCRTD:_error_.obj
 0002:00000460       ??_C@_0DG@HKJMLLLP@A?5local?5variable?5was?5used?5before@ 0000000180003460     MSVCRTD:_error_.obj
 0002:00000498       ??_C@_0CM@NGINOKPC@Stack?5memory?5around?5_alloca?5was?5@ 0000000180003498     MSVCRTD:_error_.obj
 0002:000004c8       ??_C@_0BO@GNIAFIKK@Unknown?5Runtime?5Check?5Error?6?$AN?$AA@ 00000001800034c8     MSVCRTD:_error_.obj
 0002:00000510       ??_C@_0BJ@HEGAHDFO@Stack?5pointer?5corruption?$AA@ 0000000180003510     MSVCRTD:_userapi_.obj
 0002:00000530       ??_C@_0CK@FEGOIOPB@Cast?5to?5smaller?5type?5causing?5los@ 0000000180003530     MSVCRTD:_userapi_.obj
 0002:00000560       ??_C@_0BI@CIGMDCBH@Stack?5memory?5corruption?$AA@ 0000000180003560     MSVCRTD:_userapi_.obj
 0002:00000578       ??_C@_0CK@CNLNOEPB@Local?5variable?5used?5before?5initi@ 0000000180003578     MSVCRTD:_userapi_.obj
 0002:000005a8       ??_C@_0BP@OGBCLIBO@Stack?5around?5_alloca?5corrupted?$AA@ 00000001800035a8     MSVCRTD:_userapi_.obj
 0002:00000620       ??_C@_0BE@CJOIMJIC@base1Instance?4x?$DN?$CFd?6?$AA@ 0000000180003620     dllmain.obj
 0002:00000638       ??_C@_0BL@NGEMHEBM@moreDerived1Instance?4x?$DN?$CFd?6?$AA@ 0000000180003638     dllmain.obj
 0002:00000660       ??_C@_0EP@LBNOJMOG@dummy?5print?5from?5source?5file?51?0?5@ 0000000180003660     SourceFile1.obj
 0002:000006b0       ??_C@_0EP@OGPMLALE@dummy?5print?5from?5source?5file?52?0?5@ 00000001800036b0     SourceFile2.obj
 0002:00000780       _load_config_used          0000000180003780     MSVCRTD:loadcfg.obj
 0002:00000ae8       __rtc_iaa                  0000000180003ae8     MSVCRTD:_initsect_.obj
 0002:00000af0       __rtc_izz                  0000000180003af0     MSVCRTD:_initsect_.obj
 0002:00000af8       __rtc_taa                  0000000180003af8     MSVCRTD:_initsect_.obj
 0002:00000b00       __rtc_tzz                  0000000180003b00     MSVCRTD:_initsect_.obj
 0002:00000cbc       __IMPORT_DESCRIPTOR_VCRUNTIME140D 0000000180003cbc     vcruntimed:VCRUNTIME140D.dll
 0002:00000cd0       __IMPORT_DESCRIPTOR_ucrtbased 0000000180003cd0     ucrtd:ucrtbased.dll
 0002:00000ce4       __IMPORT_DESCRIPTOR_KERNEL32 0000000180003ce4     kernel32:KERNEL32.dll
 0002:00000cf8       __NULL_IMPORT_DESCRIPTOR   0000000180003cf8     vcruntimed:VCRUNTIME140D.dll
 0003:00000000       __security_cookie          0000000180005000     MSVCRTD:gs_cookie.obj
 0003:00000008       __security_cookie_complement 0000000180005008     MSVCRTD:gs_cookie.obj
 0003:00000010       __scrt_native_dllmain_reason 0000000180005010     MSVCRTD:utility.obj
 0003:00000018       ?_RTC_ErrorLevels@@3PAHA   0000000180005018     MSVCRTD:_error_.obj
 0003:00000030       __isa_available            0000000180005030     MSVCRTD:_cpu_disp_.obj
 0003:00000034       __isa_enabled              0000000180005034     MSVCRTD:_cpu_disp_.obj
 0003:00000038       __memcpy_nt_iters          0000000180005038     MSVCRTD:_cpu_disp_.obj
 0003:00000040       __scrt_ucrt_dll_is_in_use  0000000180005040     MSVCRTD:ucrt_stubs.obj
 0003:000000a8       _fltused                   00000001800050a8     MSVCRTD:dllsupp.obj
 0003:000000b0       __@@_PchSym_@00@UfhvihUzfhgrUhlfixvUivklhUhravyvmxsUgvhgkvkilqvxghUhgzgrxoryhUyvulivUhgzgrxoryBUyvulivUhgwzucOlyq@4B2008FD98C1DD4 00000001800050b0     StaticLib1:stdafx.obj
 0003:000000b4       __@@_PchSym_@00@UfhvihUzfhgrUhlfixvUivklhUhravyvmxsUgvhgkvkilqvxghUhgzgrxoryhUyvulivUhgzgrxoryCUyvulivUhgwzucOlyq@4B2008FD98C1DD4 00000001800050b4     StaticLib2:stdafx.obj
 0003:00000630       __scrt_current_native_startup_state 0000000180005630     MSVCRTD:utility.obj
 0003:00000638       __scrt_native_startup_lock 0000000180005638     MSVCRTD:utility.obj
 0003:00000680       ?__type_info_root_node@@3U__type_info_node@@A 0000000180005680     MSVCRTD:tncleanup.obj
 0003:00000690       ?_OptionsStorage@?1??__local_stdio_scanf_options@@9@4_KA 0000000180005690     MSVCRTD:default_local_stdio_options.obj
 0003:00000698       __scrt_debugger_hook_flag  0000000180005698     MSVCRTD:utility_desktop.obj
 0003:000006b0       __favor                    00000001800056b0     MSVCRTD:_cpu_disp_.obj
 0003:000006c0       ?_OptionsStorage@?1??__local_stdio_printf_options@@9@4_KA 00000001800056c0     dllmain.obj
 0003:000006c8       __@@_PchSym_@00@UfhvihUzfhgrUhlfixvUivklhUhravyvmxsUgvhgkvkilqvxghUxkkgvhgxzhvhPyzhrxwruulyqvxghyvulivUgvhgkvhUhgwzucOlyq@CD8882E876B134FD 00000001800056c8     stdafx.obj
 0003:000006d0       __dyn_tls_init_callback    00000001800056d0     <common>

 entry point at        0001:000005a0

 Static symbols

 0000:ffff6000       .debug$S                   0000000180000000     ucrtd:ucrtbased.dll
 0000:ffff6000       .debug$S                   0000000180000000     ucrtd:ucrtbased.dll
 0000:ffff6000       .debug$S                   0000000180000000     ucrtd:ucrtbased.dll
 0000:ffff6000       .debug$S                   0000000180000000     ucrtd:ucrtbased.dll
 0000:ffff6000       .debug$S                   0000000180000000     ucrtd:ucrtbased.dll
 0000:ffff6000       .debug$S                   0000000180000000     vcruntimed:VCRUNTIME140D.dll
 0000:ffff6000       .debug$S                   0000000180000000     ucrtd:ucrtbased.dll
 0000:ffff6000       .debug$S                   0000000180000000     vcruntimed:VCRUNTIME140D.dll
 0000:ffff6000       .debug$S                   0000000180000000     ucrtd:ucrtbased.dll
 0000:ffff6000       .debug$S                   0000000180000000     vcruntimed:VCRUNTIME140D.dll
 0000:ffff6000       .debug$S                   0000000180000000     ucrtd:ucrtbased.dll
 0000:ffff6000       .debug$S                   0000000180000000     vcruntimed:VCRUNTIME140D.dll
 0000:ffff6000       .debug$S                   0000000180000000     ucrtd:ucrtbased.dll
 0000:ffff6000       .debug$S                   0000000180000000     kernel32:KERNEL32.dll
 0000:ffff6000       .debug$S                   0000000180000000     kernel32:KERNEL32.dll
 0000:ffff6000       .debug$S                   0000000180000000     kernel32:KERNEL32.dll
 0000:ffff6000       .debug$S                   0000000180000000     kernel32:KERNEL32.dll
 0000:ffff6000       .debug$S                   0000000180000000     kernel32:KERNEL32.dll
 0000:ffff6000       .debug$S                   0000000180000000     kernel32:KERNEL32.dll
 0000:ffff6000       .debug$S                   0000000180000000     kernel32:KERNEL32.dll
 0000:ffff6000       .debug$S                   0000000180000000     kernel32:KERNEL32.dll
 0000:ffff6000       .debug$S                   0000000180000000     kernel32:KERNEL32.dll
 0000:ffff6000       .debug$S                   0000000180000000     kernel32:KERNEL32.dll
 0000:ffff6000       .debug$S                   0000000180000000     kernel32:KERNEL32.dll
 0000:ffff6000       .debug$S                   0000000180000000     kernel32:KERNEL32.dll
 0000:ffff6000       .debug$S                   0000000180000000     kernel32:KERNEL32.dll
 0000:ffff6000       .debug$S                   0000000180000000     kernel32:KERNEL32.dll
 0000:ffff6000       .debug$S                   0000000180000000     kernel32:KERNEL32.dll
 0000:ffff6000       .debug$S                   0000000180000000     kernel32:KERNEL32.dll
 0000:ffff6000       .debug$S                   0000000180000000     kernel32:KERNEL32.dll
 0000:ffff6000       .debug$S                   0000000180000000     kernel32:KERNEL32.dll
 0000:ffff6000       .debug$S                   0000000180000000     kernel32:KERNEL32.dll
 0000:ffff6000       .debug$S                   0000000180000000     kernel32:KERNEL32.dll
 0000:ffff6000       .debug$S                   0000000180000000     kernel32:KERNEL32.dll
 0000:ffff6000       .debug$S                   0000000180000000     kernel32:KERNEL32.dll
 0000:ffff6000       .debug$S                   0000000180000000     kernel32:KERNEL32.dll
 0000:ffff6000       .debug$S                   0000000180000000     kernel32:KERNEL32.dll
 0000:ffff6000       .debug$S                   0000000180000000     kernel32:KERNEL32.dll
 0000:ffff6000       .debug$S                   0000000180000000     kernel32:KERNEL32.dll
 0000:ffff6000       .debug$S                   0000000180000000     ucrtd:ucrtbased.dll
 0000:ffff6000       .debug$S                   0000000180000000     vcruntimed:VCRUNTIME140D.dll
 0000:ffff6000       .debug$S                   0000000180000000     ucrtd:ucrtbased.dll
 0000:ffff6000       .debug$S                   0000000180000000     ucrtd:ucrtbased.dll
 0000:ffff6000       .debug$S                   0000000180000000     vcruntimed:VCRUNTIME140D.dll
 0000:ffff6000       .debug$S                   0000000180000000     ucrtd:ucrtbased.dll
 0000:ffff6000       .debug$S                   0000000180000000     ucrtd:ucrtbased.dll
 0000:ffff6000       .debug$S                   0000000180000000     ucrtd:ucrtbased.dll
 0000:ffff6000       .debug$S                   0000000180000000     ucrtd:ucrtbased.dll
 0000:ffff6000       .debug$S                   0000000180000000     vcruntimed:VCRUNTIME140D.dll
 0000:ffff6000       .debug$S                   0000000180000000     ucrtd:ucrtbased.dll
 0000:ffff6000       .debug$S                   0000000180000000     ucrtd:ucrtbased.dll
 0000:ffff6000       .debug$S                   0000000180000000     ucrtd:ucrtbased.dll
 0000:ffff6000       .debug$S                   0000000180000000     ucrtd:ucrtbased.dll
 0000:ffff6000       .debug$S                   0000000180000000     ucrtd:ucrtbased.dll
 0001:00000170       $$000000                   0000000180001170     MSVCRTD:_amdsecgs_.obj
 0001:000001b0       ?dllmain_crt_dispatch@@YAHQEAUHINSTANCE__@@KQEAX@Z 00000001800011b0 f   MSVCRTD:dll_dllmain.obj
 0001:00000240       ?dllmain_crt_process_attach@@YAHQEAUHINSTANCE__@@QEAX@Z 0000000180001240 f   MSVCRTD:dll_dllmain.obj
 0001:00000390       ?dllmain_crt_process_detach@@YAH_N@Z 0000000180001390 f   MSVCRTD:dll_dllmain.obj
 0001:00000410       ?dllmain_dispatch@@YAHQEAUHINSTANCE__@@KQEAX@Z 0000000180001410 f   MSVCRTD:dll_dllmain.obj
 0001:00000550       ?dllmain_raw@@YAHQEAUHINSTANCE__@@KQEAX@Z 0000000180001550 f   MSVCRTD:dll_dllmain.obj
 0001:00000840       capture_previous_context   0000000180001840 f   MSVCRTD:gs_report.obj
 0001:000009c0       ?find_pe_section@@YAPEAU_IMAGE_SECTION_HEADER@@QEAE_K@Z 00000001800019c0 f   MSVCRTD:utility.obj
 0001:00000a90       ?is_potentially_valid_image_base@@YA_NQEAX@Z 0000000180001a90 f   MSVCRTD:utility.obj
 0001:000018a0       $$000000                   00000001800028a0     MSVCRTD:_guard_dispatch_.obj
 0001:000018c0       ?fin$0@?0??dllmain_crt_process_attach@@YAHQEAUHINSTANCE__@@QEAX@Z@4HA 00000001800028c0 f   MSVCRTD:dll_dllmain.obj
 0001:000018e0       ?fin$0@?0??dllmain_crt_process_detach@@YAH_N@Z@4HA 00000001800028e0 f   MSVCRTD:dll_dllmain.obj
 0001:00001900       ?filt$0@?0??dllmain_dispatch@@YAHQEAUHINSTANCE__@@KQEAX@Z@4HA 0000000180002900 f   MSVCRTD:dll_dllmain.obj
 0001:00001950       __scrt_is_nonwritable_in_current_image$filt$0 0000000180002950 f   MSVCRTD:utility.obj
 0002:00000150       $SG2872                    0000000180003150     StaticLib1:SourceFile1.obj
 0002:00000158       $SG2872                    0000000180003158     StaticLib2:SourceFile1.obj
 0002:00000168       GS_ExceptionPointers       0000000180003168     MSVCRTD:gs_report.obj
 0002:00000178       ?uninit_postmsg@@3QBDB     0000000180003178     MSVCRTD:_error_.obj
 0002:000001a8       ?_RTC_ErrorMessages@@3QBQEBDB 00000001800031a8     MSVCRTD:_error_.obj
 0002:000001d8       ?_RTC_NoFalsePositives@@3QBHB 00000001800031d8     MSVCRTD:_error_.obj
 0002:000001f0       ?stack_premsg@@3QBDB       00000001800031f0     MSVCRTD:_error_.obj
 0002:00000210       ?stack_postmsg@@3QBDB      0000000180003210     MSVCRTD:_error_.obj
 0002:00000228       ?uninit_premsg@@3QBDB      0000000180003228     MSVCRTD:_error_.obj
 0002:000004e8       ?_RTC_errlist@@3QBQEBDB    00000001800034e8     MSVCRTD:_userapi_.obj
 0002:000005c8       ?mspdbName@@3QB_WB         00000001800035c8     MSVCRTD:_pdblkup_.obj
 0002:000005f8       ?debugCrtFileName@@3QB_WB  00000001800035f8     MSVCRTD:_pdblkup_.obj
 0002:00000700       ?duplicatedPoint@@3UPoint@@B 0000000180003700     dllmain.obj
 0002:00000708       ?duplicatedPoint@@3UPoint@@B 0000000180003708     SourceFile1.obj
 0002:00000710       ?duplicatedPoint@@3UPoint@@B 0000000180003710     SourceFile2.obj
 0002:00000718       ?duplicatedPoint@@3UPoint@@B 0000000180003718     stdafx.obj
 0002:00000b08       $unwind$printf             0000000180003b08     dllmain.obj
 0002:00000b14       $unwind$__scrt_dllmain_uninitialize_critical 0000000180003b14     MSVCRTD:utility.obj
 0002:00000b14       $unwind$?configure_argv@__scrt_narrow_argv_policy@@SAHXZ 0000000180003b14     MSVCRTD:utility.obj
 0002:00000b14       $unwind$__scrt_dllmain_after_initialize_c 0000000180003b14     MSVCRTD:utility.obj
 0002:00000b14       $unwind$__scrt_dllmain_crt_thread_detach 0000000180003b14     MSVCRTD:utility.obj
 0002:00000b14       $unwind$DllMain            0000000180003b14     dllmain.obj
 0002:00000b14       $unwind$__scrt_dllmain_before_initialize_c 0000000180003b14     MSVCRTD:utility.obj
 0002:00000b14       $unwind$__scrt_dllmain_uninitialize_c 0000000180003b14     MSVCRTD:utility.obj
 0002:00000b14       $unwind$__scrt_dllmain_crt_thread_attach 0000000180003b14     MSVCRTD:utility.obj
 0002:00000b14       $unwind$?__scrt_uninitialize_type_info@@YAXXZ 0000000180003b14     MSVCRTD:tncleanup.obj
 0002:00000b14       $unwind$?__scrt_initialize_type_info@@YAXXZ 0000000180003b14     MSVCRTD:tncleanup.obj
 0002:00000b1c       $unwind$?FunctionInStaticLib1@@YAXH@Z 0000000180003b1c     StaticLib1:SourceFile1.obj
 0002:00000b24       $unwind$?FunctionInStaticLib2@@YAXH@Z 0000000180003b24     StaticLib2:SourceFile1.obj
 0002:00000b30       $xdatasym                  0000000180003b30     MSVCRTD:_amdsecgs_.obj
 0002:00000b34       $unwind$?dllmain_crt_process_attach@@YAHQEAUHINSTANCE__@@QEAX@Z 0000000180003b34     MSVCRTD:dll_dllmain.obj
 0002:00000b54       $unwind$?dllmain_crt_process_detach@@YAH_N@Z 0000000180003b54     MSVCRTD:dll_dllmain.obj
 0002:00000b74       $unwind$?dllmain_crt_dispatch@@YAHQEAUHINSTANCE__@@KQEAX@Z 0000000180003b74     MSVCRTD:dll_dllmain.obj
 0002:00000b74       $unwind$?dllmain_raw@@YAHQEAUHINSTANCE__@@KQEAX@Z 0000000180003b74     MSVCRTD:dll_dllmain.obj
 0002:00000b7c       $unwind$?dllmain_dispatch@@YAHQEAUHINSTANCE__@@KQEAX@Z 0000000180003b7c     MSVCRTD:dll_dllmain.obj
 0002:00000b9c       $unwind$?filt$0@?0??dllmain_dispatch@@YAHQEAUHINSTANCE__@@KQEAX@Z@4HA 0000000180003b9c     MSVCRTD:dll_dllmain.obj
 0002:00000ba4       $unwind$_DllMainCRTStartup 0000000180003ba4     MSVCRTD:dll_dllmain.obj
 0002:00000bac       $unwind$__GSHandlerCheckCommon 0000000180003bac     MSVCRTD:_gshandler_.obj
 0002:00000bb4       $unwind$__GSHandlerCheck   0000000180003bb4     MSVCRTD:_gshandler_.obj
 0002:00000bbc       $unwind$capture_previous_context 0000000180003bbc     MSVCRTD:gs_report.obj
 0002:00000bc4       $unwind$atexit             0000000180003bc4     MSVCRTD:utility.obj
 0002:00000bc4       $unwind$__report_gsfailure 0000000180003bc4     MSVCRTD:gs_report.obj
 0002:00000bcc       $unwind$_onexit            0000000180003bcc     MSVCRTD:utility.obj
 0002:00000bd4       $unwind$__scrt_is_nonwritable_in_current_image 0000000180003bd4     MSVCRTD:utility.obj
 0002:00000bf4       $unwind$?fin$0@?0??dllmain_crt_process_detach@@YAH_N@Z@4HA 0000000180003bf4     MSVCRTD:dll_dllmain.obj
 0002:00000bf4       $unwind$__scrt_is_nonwritable_in_current_image$filt$0 0000000180003bf4     MSVCRTD:utility.obj
 0002:00000bf4       $unwind$?fin$0@?0??dllmain_crt_process_attach@@YAHQEAUHINSTANCE__@@QEAX@Z@4HA 0000000180003bf4     MSVCRTD:dll_dllmain.obj
 0002:00000bfc       $unwind$__security_init_cookie 0000000180003bfc     MSVCRTD:gs_support.obj
 0002:00000bfc       $unwind$__scrt_acquire_startup_lock 0000000180003bfc     MSVCRTD:utility.obj
 0002:00000c04       $unwind$__scrt_release_startup_lock 0000000180003c04     MSVCRTD:utility.obj
 0002:00000c04       $unwind$__scrt_initialize_crt 0000000180003c04     MSVCRTD:utility.obj
 0002:00000c0c       $unwind$__scrt_uninitialize_crt 0000000180003c0c     MSVCRTD:utility.obj
 0002:00000c14       $unwind$__scrt_initialize_onexit_tables 0000000180003c14     MSVCRTD:utility.obj
 0002:00000c20       $unwind$__scrt_dllmain_exception_filter 0000000180003c20     MSVCRTD:utility.obj
 0002:00000c28       $unwind$??$__crt_fast_encode_pointer@PEAP6AXXZ@@YAPEAP6AXXZQEAP6AXXZ@Z 0000000180003c28     MSVCRTD:utility.obj
 0002:00000c28       $unwind$??$__crt_fast_decode_pointer@PEAP6AXXZ@@YAPEAP6AXXZQEAP6AXXZ@Z 0000000180003c28     MSVCRTD:utility.obj
 0002:00000c28       $unwind$_guard_check_icall 0000000180003c28     MSVCRTD:checkcfg.obj
 0002:00000c28       $unwind$__raise_securityfailure 0000000180003c28     MSVCRTD:gs_report.obj
 0002:00000c28       $unwind$?is_potentially_valid_image_base@@YA_NQEAX@Z 0000000180003c28     MSVCRTD:utility.obj
 0002:00000c30       $unwind$?find_pe_section@@YAPEAU_IMAGE_SECTION_HEADER@@QEAE_K@Z 0000000180003c30     MSVCRTD:utility.obj
 0002:00000c38       $unwind$__scrt_initialize_default_local_stdio_options 0000000180003c38     MSVCRTD:default_local_stdio_options.obj
 0002:00000c40       $unwind$__scrt_fastfail    0000000180003c40     MSVCRTD:utility_desktop.obj
 0002:00000c4c       $unwind$_RTC_Terminate     0000000180003c4c     MSVCRTD:_initsect_.obj
 0002:00000c4c       $unwind$_RTC_Initialize    0000000180003c4c     MSVCRTD:_initsect_.obj
 0002:00000c58       $chain$0$_RTC_Initialize   0000000180003c58     MSVCRTD:_initsect_.obj
 0002:00000c6c       $chain$1$_RTC_Initialize   0000000180003c6c     MSVCRTD:_initsect_.obj
 0002:00000c7c       $chain$0$_RTC_Terminate    0000000180003c7c     MSVCRTD:_initsect_.obj
 0002:00000c90       $chain$1$_RTC_Terminate    0000000180003c90     MSVCRTD:_initsect_.obj
 0002:00000ca0       $unwind$__isa_available_init 0000000180003ca0     MSVCRTD:_cpu_disp_.obj
 0002:00000cb0       $unwind$__scrt_is_ucrt_dll_in_use 0000000180003cb0     MSVCRTD:ucrt_detection.obj
 0002:00000cb8       $xdatasym                  0000000180003cb8     MSVCRTD:_guard_dispatch_.obj
 0002:00000e40       .idata$6                   0000000180003e40     vcruntimed:VCRUNTIME140D.dll
 0002:00000f4e       .idata$6                   0000000180003f4e     ucrtd:ucrtbased.dll
 0002:000010a6       .idata$6                   00000001800040a6     kernel32:KERNEL32.dll
 0003:00000048       ?duplicatedPointArray@@3QBUPoint@@B 0000000180005048     dllmain.obj
 0003:00000060       ?duplicatedPointArray@@3QBUPoint@@B 0000000180005060     SourceFile1.obj
 0003:00000078       ?duplicatedPointArray@@3QBUPoint@@B 0000000180005078     SourceFile2.obj
 0003:00000090       ?duplicatedPointArray@@3QBUPoint@@B 0000000180005090     stdafx.obj
 0003:000000b8       ?__proc_attached@@3HA      00000001800050b8     MSVCRTD:dll_dllmain.obj
 0003:000000c0       GS_ExceptionRecord         00000001800050c0     MSVCRTD:gs_report.obj
 0003:00000160       GS_ContextRecord           0000000180005160     MSVCRTD:gs_report.obj
 0003:00000640       ?module_local_atexit_table@@3U_onexit_table_t@@A 0000000180005640     MSVCRTD:utility.obj
 0003:00000658       ?module_local_at_quick_exit_table@@3U_onexit_table_t@@A 0000000180005658     MSVCRTD:utility.obj
 0003:00000670       ?is_initialized_as_dll@@3_NA 0000000180005670     MSVCRTD:utility.obj
 0003:000006a0       ?_RTC_ErrorReportFunc@@3P6AHHPEBDH00ZZEA 00000001800056a0     MSVCRTD:_userapi_.obj
 0003:000006a8       ?_RTC_ErrorReportFuncW@@3P6AHHPEB_WH00ZZEA 00000001800056a8     MSVCRTD:_userapi_.obj
 0003:000006b8       ?mspdb@@3PEAUHINSTANCE__@@EA 00000001800056b8     MSVCRTD:_pdblkup_.obj
 0004:00000000       $pdata$printf              0000000180006000     dllmain.obj
 0004:0000000c       $pdata$DllMain             000000018000600c     dllmain.obj
 0004:00000018       $pdata$?FunctionInStaticLib1@@YAXH@Z 0000000180006018     StaticLib1:SourceFile1.obj
 0004:00000024       $pdata$?FunctionInStaticLib2@@YAXH@Z 0000000180006024     StaticLib2:SourceFile1.obj
 0004:0000003c       $pdata$?dllmain_crt_dispatch@@YAHQEAUHINSTANCE__@@KQEAX@Z 000000018000603c     MSVCRTD:dll_dllmain.obj
 0004:00000048       $pdata$?dllmain_crt_process_attach@@YAHQEAUHINSTANCE__@@QEAX@Z 0000000180006048     MSVCRTD:dll_dllmain.obj
 0004:00000054       $pdata$?dllmain_crt_process_detach@@YAH_N@Z 0000000180006054     MSVCRTD:dll_dllmain.obj
 0004:00000060       $pdata$?dllmain_dispatch@@YAHQEAUHINSTANCE__@@KQEAX@Z 0000000180006060     MSVCRTD:dll_dllmain.obj
 0004:0000006c       $pdata$?dllmain_raw@@YAHQEAUHINSTANCE__@@KQEAX@Z 000000018000606c     MSVCRTD:dll_dllmain.obj
 0004:00000078       $pdata$_DllMainCRTStartup  0000000180006078     MSVCRTD:dll_dllmain.obj
 0004:00000084       $pdata$__GSHandlerCheck    0000000180006084     MSVCRTD:_gshandler_.obj
 0004:00000090       $pdata$__GSHandlerCheckCommon 0000000180006090     MSVCRTD:_gshandler_.obj
 0004:0000009c       $pdata$__raise_securityfailure 000000018000609c     MSVCRTD:gs_report.obj
 0004:000000a8       $pdata$__report_gsfailure  00000001800060a8     MSVCRTD:gs_report.obj
 0004:000000b4       $pdata$capture_previous_context 00000001800060b4     MSVCRTD:gs_report.obj
 0004:000000c0       $pdata$??$__crt_fast_decode_pointer@PEAP6AXXZ@@YAPEAP6AXXZQEAP6AXXZ@Z 00000001800060c0     MSVCRTD:utility.obj
 0004:000000cc       $pdata$??$__crt_fast_encode_pointer@PEAP6AXXZ@@YAPEAP6AXXZQEAP6AXXZ@Z 00000001800060cc     MSVCRTD:utility.obj
 0004:000000d8       $pdata$?configure_argv@__scrt_narrow_argv_policy@@SAHXZ 00000001800060d8     MSVCRTD:utility.obj
 0004:000000e4       $pdata$?find_pe_section@@YAPEAU_IMAGE_SECTION_HEADER@@QEAE_K@Z 00000001800060e4     MSVCRTD:utility.obj
 0004:000000f0       $pdata$?is_potentially_valid_image_base@@YA_NQEAX@Z 00000001800060f0     MSVCRTD:utility.obj
 0004:000000fc       $pdata$__scrt_acquire_startup_lock 00000001800060fc     MSVCRTD:utility.obj
 0004:00000108       $pdata$__scrt_dllmain_after_initialize_c 0000000180006108     MSVCRTD:utility.obj
 0004:00000114       $pdata$__scrt_dllmain_before_initialize_c 0000000180006114     MSVCRTD:utility.obj
 0004:00000120       $pdata$__scrt_dllmain_crt_thread_attach 0000000180006120     MSVCRTD:utility.obj
 0004:0000012c       $pdata$__scrt_dllmain_crt_thread_detach 000000018000612c     MSVCRTD:utility.obj
 0004:00000138       $pdata$__scrt_dllmain_exception_filter 0000000180006138     MSVCRTD:utility.obj
 0004:00000144       $pdata$__scrt_dllmain_uninitialize_c 0000000180006144     MSVCRTD:utility.obj
 0004:00000150       $pdata$__scrt_dllmain_uninitialize_critical 0000000180006150     MSVCRTD:utility.obj
 0004:0000015c       $pdata$__scrt_initialize_crt 000000018000615c     MSVCRTD:utility.obj
 0004:00000168       $pdata$__scrt_initialize_onexit_tables 0000000180006168     MSVCRTD:utility.obj
 0004:00000174       $pdata$__scrt_is_nonwritable_in_current_image 0000000180006174     MSVCRTD:utility.obj
 0004:00000180       $pdata$__scrt_release_startup_lock 0000000180006180     MSVCRTD:utility.obj
 0004:0000018c       $pdata$__scrt_uninitialize_crt 000000018000618c     MSVCRTD:utility.obj
 0004:00000198       $pdata$_onexit             0000000180006198     MSVCRTD:utility.obj
 0004:000001a4       $pdata$atexit              00000001800061a4     MSVCRTD:utility.obj
 0004:000001b0       $pdata$__security_init_cookie 00000001800061b0     MSVCRTD:gs_support.obj
 0004:000001bc       $pdata$?__scrt_initialize_type_info@@YAXXZ 00000001800061bc     MSVCRTD:tncleanup.obj
 0004:000001c8       $pdata$?__scrt_uninitialize_type_info@@YAXXZ 00000001800061c8     MSVCRTD:tncleanup.obj
 0004:000001d4       $pdata$__scrt_initialize_default_local_stdio_options 00000001800061d4     MSVCRTD:default_local_stdio_options.obj
 0004:000001e0       $pdata$__scrt_fastfail     00000001800061e0     MSVCRTD:utility_desktop.obj
 0004:000001ec       $pdata$_RTC_Initialize     00000001800061ec     MSVCRTD:_initsect_.obj
 0004:000001f8       $pdata$0$_RTC_Initialize   00000001800061f8     MSVCRTD:_initsect_.obj
 0004:00000204       $pdata$1$_RTC_Initialize   0000000180006204     MSVCRTD:_initsect_.obj
 0004:00000210       $pdata$_RTC_Terminate      0000000180006210     MSVCRTD:_initsect_.obj
 0004:0000021c       $pdata$0$_RTC_Terminate    000000018000621c     MSVCRTD:_initsect_.obj
 0004:00000228       $pdata$1$_RTC_Terminate    0000000180006228     MSVCRTD:_initsect_.obj
 0004:00000234       $pdata$_guard_check_icall  0000000180006234     MSVCRTD:checkcfg.obj
 0004:00000240       $pdata$__isa_available_init 0000000180006240     MSVCRTD:_cpu_disp_.obj
 0004:0000024c       $pdata$__scrt_is_ucrt_dll_in_use 000000018000624c     MSVCRTD:ucrt_detection.obj
 0004:00000264       $pdata$?fin$0@?0??dllmain_crt_process_attach@@YAHQEAUHINSTANCE__@@QEAX@Z@4HA 0000000180006264     MSVCRTD:dll_dllmain.obj
 0004:00000270       $pdata$?fin$0@?0??dllmain_crt_process_detach@@YAH_N@Z@4HA 0000000180006270     MSVCRTD:dll_dllmain.obj
 0004:0000027c       $pdata$?filt$0@?0??dllmain_dispatch@@YAHQEAUHINSTANCE__@@KQEAX@Z@4HA 000000018000627c     MSVCRTD:dll_dllmain.obj
 0004:00000288       $pdata$__scrt_is_nonwritable_in_current_image$filt$0 0000000180006288     MSVCRTD:utility.obj
 0005:00000000       __guard_fids_?dllmain_crt_process_attach@@YAHQEAUHINSTANCE__@@QEAX@Z 0000000180007000     MSVCRTD:dll_dllmain.obj
 0005:00000008       __guard_fids_?dllmain_dispatch@@YAHQEAUHINSTANCE__@@KQEAX@Z 0000000180007008     MSVCRTD:dll_dllmain.obj
 0005:0000000c       __guard_fids__             000000018000700c     MSVCRTD:guard_support.obj
 0006:00000060       $R000000                   0000000180008060     * linker generated manifest res *

 Exports

  ordinal    name

