 PEParser.Tests.Dllx86

 Timestamp is 66219b17 (Thu Apr 18 15:13:43 2024)

 Preferred load address is 10000000

 Start         Length     Name                   Class
 0001:00000000 00001a35H .text$mn                CODE
 0002:00000000 00000078H .idata$5                DATA
 0002:00000078 00000004H .00cfg                  DATA
 0002:0000007c 00000004H .CRT$XCA                DATA
 0002:00000080 00000004H .CRT$XCZ                DATA
 0002:00000084 00000004H .CRT$XIA                DATA
 0002:00000088 00000004H .CRT$XIZ                DATA
 0002:0000008c 00000004H .CRT$XPA                DATA
 0002:00000090 00000004H .CRT$XPZ                DATA
 0002:00000094 00000004H .CRT$XTA                DATA
 0002:00000098 00000008H .CRT$XTZ                DATA
 0002:0000009c 00000000H .gfids$y                DATA
 0002:000000a0 000001a0H .rdata                  DATA
 0002:00000240 00000000H .rdata$CastGuardVftablesA DATA
 0002:00000240 00000000H .rdata$CastGuardVftablesC DATA
 0002:00000240 00000004H .rdata$sxdata           DATA
 0002:00000244 00000020H .rdata$voltmd           DATA
 0002:00000264 0000033cH .rdata$zzzdbg           DATA
 0002:000005a0 00000004H .rtc$IAA                DATA
 0002:000005a4 00000004H .rtc$IZZ                DATA
 0002:000005a8 00000004H .rtc$TAA                DATA
 0002:000005ac 00000004H .rtc$TZZ                DATA
 0002:000005b0 00000084H .xdata$x                DATA
 0002:00000634 00000020H .didat$2                DATA
 0002:00000654 00000020H .didat$3                DATA
 0002:00000674 00000010H .didat$4                DATA
 0002:00000684 00000044H .didat$6                DATA
 0002:000006c8 00000010H .didat$7                DATA
 0002:000006d8 00000000H .edata                  DATA
 0002:000006d8 00000028H .idata$2                DATA
 0002:00000700 00000014H .idata$3                DATA
 0002:00000714 00000078H .idata$4                DATA
 0002:0000078c 00000264H .idata$6                DATA
 0003:00000000 00000014H .data                   DATA
 0003:00000014 00000014H .didat$5                DATA
 0003:00000028 000003a0H .bss                    DATA
 0004:00000000 00000020H .msvcjmc                DATA
 0005:00000000 000006d0H .rsrc$01                DATA
 0005:000006d0 000e31f0H .rsrc$02                DATA

  Address         Publics by Value              Rva+Base       Lib:Object

 0000:00000000       ___hybrid_auxiliary_iat_copy 00000000     <absolute>
 0000:00000000       ___arm64x_extra_rfe_table  00000000     <absolute>
 0000:00000000       ___guard_iat_table         00000000     <absolute>
 0000:00000000       ___guard_fids_count        00000000     <absolute>
 0000:00000000       ___hybrid_code_map_count   00000000     <absolute>
 0000:00000000       ___x64_code_ranges_to_entry_points 00000000     <absolute>
 0000:00000000       ___guard_longjmp_table     00000000     <absolute>
 0000:00000000       ___guard_fids_table        00000000     <absolute>
 0000:00000000       ___x64_code_ranges_to_entry_points_count 00000000     <absolute>
 0000:00000000       ___guard_eh_cont_table     00000000     <absolute>
 0000:00000000       ___hybrid_code_map         00000000     <absolute>
 0000:00000000       ___enclave_config          00000000     <absolute>
 0000:00000000       ___guard_eh_cont_count     00000000     <absolute>
 0000:00000000       ___arm64x_extra_rfe_table_size 00000000     <absolute>
 0000:00000000       ___guard_iat_count         00000000     <absolute>
 0000:00000000       ___AbsoluteZero            00000000     <absolute>
 0000:00000000       ___guard_longjmp_count     00000000     <absolute>
 0000:00000000       ___arm64x_redirection_metadata 00000000     <absolute>
 0000:00000000       ___guard_check_icall_a64n_fptr 00000000     <absolute>
 0000:00000000       ___arm64x_redirection_metadata_count 00000000     <absolute>
 0000:00000000       ___arm64x_native_entrypoint 00000000     <absolute>
 0000:00000000       ___hybrid_auxiliary_iat    00000000     <absolute>
 0000:00000000       ___dynamic_value_reloc_table 00000000     <absolute>
 0000:00000001       ___safe_se_handler_count   00000001     <absolute>
 0000:00000100       ___guard_flags             00000100     <absolute>
 0000:00000000       ___ImageBase               10000000     <linker-defined>
 0001:00000000       _DllMain@12                10001000 f   dllmain.obj
 0001:00000020       @__security_check_cookie@4 10001020 f   MSVCRTD:secchk.obj
 0001:00000500       __DllMainCRTStartup@12     10001500 f   MSVCRTD:dll_dllmain.obj
 0001:00000530       ___raise_securityfailure   10001530 f   MSVCRTD:gs_report.obj
 0001:00000560       ___report_gsfailure        10001560 f   MSVCRTD:gs_report.obj
 0001:000006e0       ___security_init_cookie    100016e0 f   MSVCRTD:gs_support.obj
 0001:00000760       ?__scrt_initialize_type_info@@YAXXZ 10001760 f   MSVCRTD:tncleanup.obj
 0001:00000770       ?__scrt_uninitialize_type_info@@YAXXZ 10001770 f   MSVCRTD:tncleanup.obj
 0001:00000790       ___local_stdio_printf_options 10001790 f i MSVCRTD:default_local_stdio_options.obj
 0001:000007a0       ___local_stdio_scanf_options 100017a0 f i MSVCRTD:default_local_stdio_options.obj
 0001:000007b0       ___scrt_initialize_default_local_stdio_options 100017b0 f   MSVCRTD:default_local_stdio_options.obj
 0001:000007f0       ?configure_argv@__scrt_narrow_argv_policy@@SAHXZ 100017f0 f i MSVCRTD:utility.obj
 0001:000008a0       ?initialize_environment@__scrt_narrow_environment_policy@@SAHXZ 100018a0 f i MSVCRTD:utility.obj
 0001:00000920       _NtCurrentTeb              10001920 f i MSVCRTD:utility.obj
 0001:00000930       ___scrt_acquire_startup_lock 10001930 f   MSVCRTD:utility.obj
 0001:00000980       ___scrt_dllmain_after_initialize_c 10001980 f   MSVCRTD:utility.obj
 0001:000009b0       ___scrt_dllmain_before_initialize_c 100019b0 f   MSVCRTD:utility.obj
 0001:000009d0       ___scrt_dllmain_crt_thread_attach 100019d0 f   MSVCRTD:utility.obj
 0001:00000a00       ___scrt_dllmain_crt_thread_detach 10001a00 f   MSVCRTD:utility.obj
 0001:00000a20       ___scrt_dllmain_exception_filter 10001a20 f   MSVCRTD:utility.obj
 0001:00000a70       ___scrt_dllmain_uninitialize_c 10001a70 f   MSVCRTD:utility.obj
 0001:00000aa0       ___scrt_dllmain_uninitialize_critical 10001aa0 f   MSVCRTD:utility.obj
 0001:00000ac0       ___scrt_initialize_crt     10001ac0 f   MSVCRTD:utility.obj
 0001:00000b10       ___scrt_initialize_onexit_tables 10001b10 f   MSVCRTD:utility.obj
 0001:00000bf0       ___scrt_is_nonwritable_in_current_image 10001bf0 f   MSVCRTD:utility.obj
 0001:00000d20       ___scrt_release_startup_lock 10001d20 f   MSVCRTD:utility.obj
 0001:00000d50       ___scrt_uninitialize_crt   10001d50 f   MSVCRTD:utility.obj
 0001:00000d90       ___scrt_get_dyn_tls_init_callback 10001d90 f   MSVCRTD:dyn_tls_init.obj
 0001:00000da0       ___scrt_fastfail           10001da0 f   MSVCRTD:utility_desktop.obj
 0001:00000ee0       __crt_debugger_hook        10001ee0 f   MSVCRTD:utility_desktop.obj
 0001:00000ef0       __RTC_Initialize           10001ef0 f   MSVCRTD:initsect.obj
 0001:00000f20       __RTC_Terminate            10001f20 f   MSVCRTD:initsect.obj
 0001:00000f50       __except_handler4          10001f50 f   MSVCRTD:chandler4gs.obj
 0001:00000f90       @_guard_check_icall_nop@4  10001f90 f i MSVCRTD:guard_support.obj
 0001:00000fa0       ___isa_available_init      10001fa0 f   MSVCRTD:cpu_disp.obj
 0001:000012e0       __get_startup_argv_mode    100022e0 f   MSVCRTD:argv_mode.obj
 0001:000012f0       ___scrt_is_ucrt_dll_in_use 100022f0 f   MSVCRTD:ucrt_detection.obj
 0001:00001314       __imp_load____std_type_info_destroy_list 10002314 f   vcruntimed:VCRUNTIME140D.dll
 0001:0000131e       ___std_type_info_destroy_list 1000231e f   vcruntimed:VCRUNTIME140D.dll
 0001:00001324       __tailMerge_vcruntime140d_dll 10002324     vcruntimed:VCRUNTIME140D.dll
 0001:00001335       __imp_load__memset         10002335 f   vcruntimed:VCRUNTIME140D.dll
 0001:0000133f       _memset                    1000233f f   vcruntimed:VCRUNTIME140D.dll
 0001:00001345       __imp_load___except_handler4_common 10002345 f   vcruntimed:VCRUNTIME140D.dll
 0001:0000134f       __except_handler4_common   1000234f f   vcruntimed:VCRUNTIME140D.dll
 0001:00001355       __initterm                 10002355 f   ucrtd:ucrtbased.dll
 0001:0000135b       __initterm_e               1000235b f   ucrtd:ucrtbased.dll
 0001:00001361       __seh_filter_dll           10002361 f   ucrtd:ucrtbased.dll
 0001:00001367       __configure_narrow_argv    10002367 f   ucrtd:ucrtbased.dll
 0001:0000136d       __initialize_narrow_environment 1000236d f   ucrtd:ucrtbased.dll
 0001:00001373       __initialize_onexit_table  10002373 f   ucrtd:ucrtbased.dll
 0001:00001379       __execute_onexit_table     10002379 f   ucrtd:ucrtbased.dll
 0001:0000137f       __cexit                    1000237f f   ucrtd:ucrtbased.dll
 0001:00001385       ?DloadAcquireSectionWriteAccess@@YGXXZ 10002385 f i Delayimp:delayhlp.obj
 0001:000013b8       ?DloadGetSRWLockFunctionPointers@@YGEXZ 100023b8 f i Delayimp:delayhlp.obj
 0001:0000142b       ?DloadLock@@YGXXZ          1000242b f i Delayimp:delayhlp.obj
 0001:0000146a       ?DloadMakePermanentImageCommit@@YGXPAXK@Z 1000246a f i Delayimp:delayhlp.obj
 0001:000014d9       ?DloadObtainSection@@YGPAXPAK0@Z 100024d9 f i Delayimp:delayhlp.obj
 0001:00001554       ?DloadProtectSection@@YGXKPAK@Z 10002554 f i Delayimp:delayhlp.obj
 0001:000015c2       ?DloadReleaseSectionWriteAccess@@YGXXZ 100025c2 f i Delayimp:delayhlp.obj
 0001:000015f8       ?DloadUnlock@@YGXXZ        100025f8 f i Delayimp:delayhlp.obj
 0001:00001624       ___delayLoadHelper2@8      10002624 f   Delayimp:delayhlp.obj
 0001:000018a0       ___vcrt_thread_attach      100028a0 f   MSVCRTD:ucrt_stubs.obj
 0001:000018a0       ___scrt_stub_for_acrt_thread_attach 100028a0 f   MSVCRTD:ucrt_stubs.obj
 0001:000018a0       ___vcrt_thread_detach      100028a0 f   MSVCRTD:ucrt_stubs.obj
 0001:000018a0       ___acrt_thread_detach      100028a0 f   MSVCRTD:ucrt_stubs.obj
 0001:000018a0       ___vcrt_uninitialize_critical 100028a0 f   MSVCRTD:ucrt_stubs.obj
 0001:000018a0       ___vcrt_uninitialize       100028a0 f   MSVCRTD:ucrt_stubs.obj
 0001:000018a0       ___acrt_initialize         100028a0 f   MSVCRTD:ucrt_stubs.obj
 0001:000018a0       ___scrt_stub_for_acrt_uninitialize_critical 100028a0 f   MSVCRTD:ucrt_stubs.obj
 0001:000018a0       ___scrt_stub_for_acrt_initialize 100028a0 f   MSVCRTD:ucrt_stubs.obj
 0001:000018a0       ___scrt_stub_for_acrt_uninitialize 100028a0 f   MSVCRTD:ucrt_stubs.obj
 0001:000018a0       ___scrt_stub_for_acrt_thread_detach 100028a0 f   MSVCRTD:ucrt_stubs.obj
 0001:000018a0       ___acrt_uninitialize       100028a0 f   MSVCRTD:ucrt_stubs.obj
 0001:000018a0       ___acrt_thread_attach      100028a0 f   MSVCRTD:ucrt_stubs.obj
 0001:000018a0       ___acrt_uninitialize_critical 100028a0 f   MSVCRTD:ucrt_stubs.obj
 0001:000018a0       ___vcrt_initialize         100028a0 f   MSVCRTD:ucrt_stubs.obj
 0001:000018b0       __is_c_termination_complete 100028b0 f   MSVCRTD:ucrt_stubs.obj
 0001:000018b0       ___scrt_stub_for_is_c_termination_complete 100028b0 f   MSVCRTD:ucrt_stubs.obj
 0001:000018c0       __filter_x86_sse2_floating_point_exception_default 100028c0 f   MSVCRTD:x86_exception_filter.obj
 0001:000018c0       __filter_x86_sse2_floating_point_exception 100028c0 f   MSVCRTD:x86_exception_filter.obj
 0001:00001a00       @__CheckForDebuggerJustMyCode@4 10002a00 f   MSVCRTD:debugger_jmc.obj
 0002:00000000       __imp__IsProcessorFeaturePresent@4 10003000     kernel32:KERNEL32.dll
 0002:00000004       __imp__GetProcAddress@8    10003004     kernel32:KERNEL32.dll
 0002:00000008       __imp__FreeLibrary@4       10003008     kernel32:KERNEL32.dll
 0002:0000000c       __imp__VirtualQuery@12     1000300c     kernel32:KERNEL32.dll
 0002:00000010       __imp__VirtualProtect@16   10003010     kernel32:KERNEL32.dll
 0002:00000014       __imp__GetSystemInfo@4     10003014     kernel32:KERNEL32.dll
 0002:00000018       __imp__GetLastError@0      10003018     kernel32:KERNEL32.dll
 0002:0000001c       __imp__RaiseException@16   1000301c     kernel32:KERNEL32.dll
 0002:00000020       __imp__GetModuleHandleW@4  10003020     kernel32:KERNEL32.dll
 0002:00000024       __imp__IsDebuggerPresent@0 10003024     kernel32:KERNEL32.dll
 0002:00000028       __imp__InitializeSListHead@4 10003028     kernel32:KERNEL32.dll
 0002:0000002c       __imp__GetSystemTimeAsFileTime@4 1000302c     kernel32:KERNEL32.dll
 0002:00000030       __imp__UnhandledExceptionFilter@4 10003030     kernel32:KERNEL32.dll
 0002:00000034       __imp__SetUnhandledExceptionFilter@4 10003034     kernel32:KERNEL32.dll
 0002:00000038       __imp__GetCurrentProcess@0 10003038     kernel32:KERNEL32.dll
 0002:0000003c       __imp__TerminateProcess@8  1000303c     kernel32:KERNEL32.dll
 0002:00000040       __imp__LoadLibraryExA@12   10003040     kernel32:KERNEL32.dll
 0002:00000044       __imp__QueryPerformanceCounter@4 10003044     kernel32:KERNEL32.dll
 0002:00000048       __imp__GetCurrentProcessId@0 10003048     kernel32:KERNEL32.dll
 0002:0000004c       __imp__GetCurrentThreadId@0 1000304c     kernel32:KERNEL32.dll
 0002:00000050       \177KERNEL32_NULL_THUNK_DATA 10003050     kernel32:KERNEL32.dll
 0002:00000054       __imp___cexit              10003054     ucrtd:ucrtbased.dll
 0002:00000058       __imp___execute_onexit_table 10003058     ucrtd:ucrtbased.dll
 0002:0000005c       __imp___initterm           1000305c     ucrtd:ucrtbased.dll
 0002:00000060       __imp___initialize_onexit_table 10003060     ucrtd:ucrtbased.dll
 0002:00000064       __imp___initialize_narrow_environment 10003064     ucrtd:ucrtbased.dll
 0002:00000068       __imp___configure_narrow_argv 10003068     ucrtd:ucrtbased.dll
 0002:0000006c       __imp___seh_filter_dll     1000306c     ucrtd:ucrtbased.dll
 0002:00000070       __imp___initterm_e         10003070     ucrtd:ucrtbased.dll
 0002:00000074       \177ucrtbased_NULL_THUNK_DATA 10003074     ucrtd:ucrtbased.dll
 0002:00000078       ___guard_check_icall_fptr  10003078     MSVCRTD:guard_support.obj
 0002:0000007c       ___xc_a                    1000307c     MSVCRTD:initializers.obj
 0002:00000080       ___xc_z                    10003080     MSVCRTD:initializers.obj
 0002:00000084       ___xi_a                    10003084     MSVCRTD:initializers.obj
 0002:00000088       ___xi_z                    10003088     MSVCRTD:initializers.obj
 0002:0000008c       ___xp_a                    1000308c     MSVCRTD:initializers.obj
 0002:00000090       ___xp_z                    10003090     MSVCRTD:initializers.obj
 0002:00000094       ___xt_a                    10003094     MSVCRTD:initializers.obj
 0002:00000098       ___xt_z                    10003098     MSVCRTD:initializers.obj
 0002:000000a0       __pDefaultRawDllMain       100030a0     MSVCRTD:dll_dllmain.obj
 0002:000000a0       __pRawDllMain              100030a0     MSVCRTD:dll_dllmain.obj
 0002:000000b0       __sz_VCRUNTIME140D_dll     100030b0     vcruntimed:VCRUNTIME140D.dll
 0002:000000c4       ??_C@_1BK@DBDEIDLH@?$AAK?$AAE?$AAR?$AAN?$AAE?$AAL?$AA3?$AA2?$AA?4?$AAD?$AAL?$AAL@ 100030c4     Delayimp:delayhlp.obj
 0002:000000e0       ??_C@_0BI@OMNLIJDB@AcquireSRWLockExclusive@ 100030e0     Delayimp:delayhlp.obj
 0002:000000f8       ??_C@_0BI@HMIEPCNJ@ReleaseSRWLockExclusive@ 100030f8     Delayimp:delayhlp.obj
 0002:00000110       ___pfnDliNotifyHook2       10003110     Delayimp:delayhk2.obj
 0002:00000114       ___pfnDliFailureHook2      10003114     Delayimp:delayhk1.obj
 0002:00000118       __load_config_used         10003118     MSVCRTD:loadcfg.obj
 0002:00000240       ___safe_se_handler_table   10003240     <linker-defined>
 0002:00000244       ___volatile_metadata       10003244     <linker-defined>
 0002:000005a0       ___rtc_iaa                 100035a0     MSVCRTD:initsect.obj
 0002:000005a4       ___rtc_izz                 100035a4     MSVCRTD:initsect.obj
 0002:000005a8       ___rtc_taa                 100035a8     MSVCRTD:initsect.obj
 0002:000005ac       ___rtc_tzz                 100035ac     MSVCRTD:initsect.obj
 0002:00000634       __DELAY_IMPORT_DESCRIPTOR_vcruntime140d_dll 10003634     vcruntimed:VCRUNTIME140D.dll
 0002:00000654       __NULL_DELAY_IMPORT_DESCRIPTOR 10003654     vcruntimed:VCRUNTIME140D.dll
 0002:00000680       \177VCRUNTIME140D_NULL_THUNK_DATA_DLN 10003680     vcruntimed:VCRUNTIME140D.dll
 0002:000006cc       \177VCRUNTIME140D_NULL_THUNK_DATA_DLB 100036cc     vcruntimed:VCRUNTIME140D.dll
 0002:000006d8       __IMPORT_DESCRIPTOR_ucrtbased 100036d8     ucrtd:ucrtbased.dll
 0002:000006ec       __IMPORT_DESCRIPTOR_KERNEL32 100036ec     kernel32:KERNEL32.dll
 0002:00000700       __NULL_IMPORT_DESCRIPTOR   10003700     ucrtd:ucrtbased.dll
 0003:00000000       ___security_cookie_complement 10004000     MSVCRTD:gs_cookie.obj
 0003:00000004       ___security_cookie         10004004     MSVCRTD:gs_cookie.obj
 0003:00000008       ___scrt_native_dllmain_reason 10004008     MSVCRTD:utility.obj
 0003:0000000c       ___isa_enabled             1000400c     MSVCRTD:cpu_disp.obj
 0003:00000010       ___scrt_ucrt_dll_is_in_use 10004010     MSVCRTD:ucrt_stubs.obj
 0003:00000014       __imp___except_handler4_common 10004014     vcruntimed:VCRUNTIME140D.dll
 0003:00000018       __imp__memset              10004018     vcruntimed:VCRUNTIME140D.dll
 0003:0000001c       __imp____std_type_info_destroy_list 1000401c     vcruntimed:VCRUNTIME140D.dll
 0003:00000020       \177VCRUNTIME140D_NULL_THUNK_DATA_DLA 10004020     vcruntimed:VCRUNTIME140D.dll
 0003:00000350       ?__type_info_root_node@@3U__type_info_node@@A 10004350     MSVCRTD:tncleanup.obj
 0003:00000358       ?_OptionsStorage@?1??__local_stdio_printf_options@@9@4_KA 10004358     MSVCRTD:default_local_stdio_options.obj
 0003:00000360       ?_OptionsStorage@?1??__local_stdio_scanf_options@@9@4_KA 10004360     MSVCRTD:default_local_stdio_options.obj
 0003:00000368       ___scrt_current_native_startup_state 10004368     MSVCRTD:utility.obj
 0003:0000036c       ___scrt_native_startup_lock 1000436c     MSVCRTD:utility.obj
 0003:0000038c       ___scrt_debugger_hook_flag 1000438c     MSVCRTD:utility_desktop.obj
 0003:00000390       ___castguard_check_failure_os_handled_fptr 10004390     MSVCRTD:guard_support.obj
 0003:00000394       ___isa_available           10004394     MSVCRTD:cpu_disp.obj
 0003:00000398       ___favor                   10004398     MSVCRTD:cpu_disp.obj
 0003:0000039c       __hmod__VCRUNTIME140D_dll  1000439c     vcruntimed:VCRUNTIME140D.dll
 0003:000003a0       ?DloadKernel32@@3PAUHINSTANCE__@@A 100043a0     Delayimp:delayhlp.obj
 0003:000003a4       ?DloadAcquireSRWLockExclusive@@3P6GXPAK@ZA 100043a4     Delayimp:delayhlp.obj
 0003:000003a8       ?DloadReleaseSRWLockExclusive@@3P6GXPAK@ZA 100043a8     Delayimp:delayhlp.obj
 0003:000003ac       ?DloadSrwLock@@3KA         100043ac     Delayimp:delayhlp.obj
 0003:000003b0       ?DloadSectionLockCount@@3KA 100043b0     Delayimp:delayhlp.obj
 0003:000003b4       ?DloadSectionOldProtection@@3KA 100043b4     Delayimp:delayhlp.obj
 0003:000003b8       ?DloadSectionCommitPermanent@@3KA 100043b8     Delayimp:delayhlp.obj
 0003:000003bc       ___@@_PchSym_@00@UivklhUhravyvmxsRtrgsfyRkirhgrmvUhixUgvhgkvkilqvxghUkvkzihviOgvhghOwoocIGUhixUgvhgkvhUhgwzucOlyq@4B2008FD98C1DD4 100043bc     stdafx.obj
 0003:000003c0       ___DebuggerCurrentSteppingThreadId 100043c0     <common>
 0003:000003c4       ___dyn_tls_init_callback   100043c4     <common>

 entry point at        0001:00000500

 Static symbols

 0000:fff15000       .debug$S                   10000000     vcruntimed:VCRUNTIME140D.dll
 0000:fff15000       .debug$S                   10000000     vcruntimed:VCRUNTIME140D.dll
 0000:fff15000       .debug$S                   10000000     vcruntimed:VCRUNTIME140D.dll
 0000:fff15000       .debug$S                   10000000     vcruntimed:VCRUNTIME140D.dll
 0000:fff15000       .debug$S                   10000000     vcruntimed:VCRUNTIME140D.dll
 0000:fff15000       .debug$S                   10000000     ucrtd:ucrtbased.dll
 0000:fff15000       .debug$S                   10000000     ucrtd:ucrtbased.dll
 0000:fff15000       .debug$S                   10000000     ucrtd:ucrtbased.dll
 0000:fff15000       .debug$S                   10000000     ucrtd:ucrtbased.dll
 0000:fff15000       .debug$S                   10000000     ucrtd:ucrtbased.dll
 0000:fff15000       .debug$S                   10000000     ucrtd:ucrtbased.dll
 0000:fff15000       .debug$S                   10000000     ucrtd:ucrtbased.dll
 0000:fff15000       .debug$S                   10000000     ucrtd:ucrtbased.dll
 0000:fff15000       .debug$S                   10000000     ucrtd:ucrtbased.dll
 0000:fff15000       .debug$S                   10000000     ucrtd:ucrtbased.dll
 0000:fff15000       .debug$S                   10000000     ucrtd:ucrtbased.dll
 0000:fff15000       .debug$S                   10000000     ucrtd:ucrtbased.dll
 0000:fff15000       .debug$S                   10000000     kernel32:KERNEL32.dll
 0000:fff15000       .debug$S                   10000000     kernel32:KERNEL32.dll
 0000:fff15000       .debug$S                   10000000     kernel32:KERNEL32.dll
 0000:fff15000       .debug$S                   10000000     kernel32:KERNEL32.dll
 0000:fff15000       .debug$S                   10000000     kernel32:KERNEL32.dll
 0000:fff15000       .debug$S                   10000000     kernel32:KERNEL32.dll
 0000:fff15000       .debug$S                   10000000     kernel32:KERNEL32.dll
 0000:fff15000       .debug$S                   10000000     kernel32:KERNEL32.dll
 0000:fff15000       .debug$S                   10000000     kernel32:KERNEL32.dll
 0000:fff15000       .debug$S                   10000000     kernel32:KERNEL32.dll
 0000:fff15000       .debug$S                   10000000     kernel32:KERNEL32.dll
 0000:fff15000       .debug$S                   10000000     kernel32:KERNEL32.dll
 0000:fff15000       .debug$S                   10000000     kernel32:KERNEL32.dll
 0000:fff15000       .debug$S                   10000000     kernel32:KERNEL32.dll
 0000:fff15000       .debug$S                   10000000     kernel32:KERNEL32.dll
 0000:fff15000       .debug$S                   10000000     kernel32:KERNEL32.dll
 0000:fff15000       .debug$S                   10000000     kernel32:KERNEL32.dll
 0000:fff15000       .debug$S                   10000000     kernel32:KERNEL32.dll
 0000:fff15000       .debug$S                   10000000     kernel32:KERNEL32.dll
 0000:fff15000       .debug$S                   10000000     kernel32:KERNEL32.dll
 0000:fff15000       .debug$S                   10000000     kernel32:KERNEL32.dll
 0001:00000030       ?dllmain_crt_dispatch@@YGHQAUHINSTANCE__@@KQAX@Z 10001030 f   MSVCRTD:dll_dllmain.obj
 0001:0000009c       $LN11                      1000109c     MSVCRTD:dll_dllmain.obj
 0001:000000b0       ?dllmain_crt_process_attach@@YAHQAUHINSTANCE__@@QAX@Z 100010b0 f   MSVCRTD:dll_dllmain.obj
 0001:00000220       ?dllmain_crt_process_detach@@YAH_N@Z 10001220 f   MSVCRTD:dll_dllmain.obj
 0001:00000320       ?dllmain_dispatch@@YAHQAUHINSTANCE__@@KQAX@Z 10001320 f   MSVCRTD:dll_dllmain.obj
 0001:000004b0       ?dllmain_raw@@YGHQAUHINSTANCE__@@KQAX@Z 100014b0 f   MSVCRTD:dll_dllmain.obj
 0001:00000670       ___get_entropy             10001670 f   MSVCRTD:gs_support.obj
 0001:00000810       ?find_pe_section@@YAPAU_IMAGE_SECTION_HEADER@@QAEI@Z 10001810 f   MSVCRTD:utility.obj
 0001:000008b0       ?is_potentially_valid_image_base@@YA_NQAX@Z 100018b0 f   MSVCRTD:utility.obj
 0002:000000a4       _GS_ExceptionPointers      100030a4     MSVCRTD:gs_report.obj
 0002:000005b0       __sehtable$?dllmain_crt_process_attach@@YAHQAUHINSTANCE__@@QAX@Z 100035b0     MSVCRTD:dll_dllmain.obj
 0002:000005d0       __sehtable$?dllmain_crt_process_detach@@YAH_N@Z 100035d0     MSVCRTD:dll_dllmain.obj
 0002:000005f8       __sehtable$?dllmain_dispatch@@YAHQAUHINSTANCE__@@KQAX@Z 100035f8     MSVCRTD:dll_dllmain.obj
 0002:00000618       __sehtable$___scrt_is_nonwritable_in_current_image 10003618     MSVCRTD:utility.obj
 0002:00000832       .idata$6                   10003832     ucrtd:ucrtbased.dll
 0002:0000095c       .idata$6                   1000395c     kernel32:KERNEL32.dll
 0003:00000028       ?__proc_attached@@3HA      10004028     MSVCRTD:dll_dllmain.obj
 0003:00000030       _GS_ExceptionRecord        10004030     MSVCRTD:gs_report.obj
 0003:00000080       _GS_ContextRecord          10004080     MSVCRTD:gs_report.obj
 0003:00000370       ?is_initialized_as_dll@@3_NA 10004370     MSVCRTD:utility.obj
 0003:00000371       ?module_local_atexit_table_initialized@@3_NA 10004371     MSVCRTD:utility.obj
 0003:00000374       ?module_local_atexit_table@@3U_onexit_table_t@@A 10004374     MSVCRTD:utility.obj
 0003:00000380       ?module_local_at_quick_exit_table@@3U_onexit_table_t@@A 10004380     MSVCRTD:utility.obj
 0004:00000000       __B2D2BA86_ctype@h         10005000     dllmain.obj
 0004:00000001       __79C7FC57_basetsd@h       10005001     dllmain.obj
 0004:00000002       __1FEB9909_corecrt_memcpy_s@h 10005002     dllmain.obj
 0004:00000003       __A751F051_corecrt_memory@h 10005003     dllmain.obj
 0004:00000004       __9200769A_corecrt_wstring@h 10005004     dllmain.obj
 0004:00000005       __32E5F013_string@h        10005005     dllmain.obj
 0004:00000006       __D545DD43_guiddef@h       10005006     dllmain.obj
 0004:00000007       __D5DDFBF3_winnt@h         10005007     dllmain.obj
 0004:00000008       __439612F0_processthreadsapi@h 10005008     dllmain.obj
 0004:00000009       __5733279A_memoryapi@h     10005009     dllmain.obj
 0004:0000000a       __D4435474_winerror@h      1000500a     dllmain.obj
 0004:0000000b       __B3ED30D4_winbase@h       1000500b     dllmain.obj
 0004:0000000c       __DB057BA3_winuser@h       1000500c     dllmain.obj
 0004:0000000d       __A118E6DC_stralign@h      1000500d     dllmain.obj
 0004:0000000e       __39258608_dllmain@cpp     1000500e     dllmain.obj
 0004:0000000f       __7DD4B90B_stdafx@h        1000500f     PEParser.Tests.Dllx86.obj
 0004:00000010       __2D7E5170_PEParser@Tests@Dllx86@pch 10005010     PEParser.Tests.Dllx86.obj
 0004:00000011       __2D7E5170_PEParser@Tests@Dllx86@pch 10005011     stdafx.obj
 0004:00000012       __B2D2BA86_ctype@h         10005012     stdafx.obj
 0004:00000013       __79C7FC57_basetsd@h       10005013     stdafx.obj
 0004:00000014       __1FEB9909_corecrt_memcpy_s@h 10005014     stdafx.obj
 0004:00000015       __A751F051_corecrt_memory@h 10005015     stdafx.obj
 0004:00000016       __9200769A_corecrt_wstring@h 10005016     stdafx.obj
 0004:00000017       __32E5F013_string@h        10005017     stdafx.obj
 0004:00000018       __D545DD43_guiddef@h       10005018     stdafx.obj
 0004:00000019       __D5DDFBF3_winnt@h         10005019     stdafx.obj
 0004:0000001a       __439612F0_processthreadsapi@h 1000501a     stdafx.obj
 0004:0000001b       __5733279A_memoryapi@h     1000501b     stdafx.obj
 0004:0000001c       __D4435474_winerror@h      1000501c     stdafx.obj
 0004:0000001d       __B3ED30D4_winbase@h       1000501d     stdafx.obj
 0004:0000001e       __DB057BA3_winuser@h       1000501e     stdafx.obj
 0004:0000001f       __A118E6DC_stralign@h      1000501f     stdafx.obj
 0005:000006d0       $R000000                   100066d0     Morex86Resources2.res
 0005:00000bb8       $R0004E8                   10006bb8     Morex86Resources2.res
 0005:00000c98       $R0005C8                   10006c98     Morex86Resources2.res
 0005:000017b0       $R0010E0                   100077b0     Morex86Resources2.res
 0005:00002658       $R001F88                   10008658     Morex86Resources2.res
 0005:00002f00       $R002830                   10008f00     Morex86Resources2.res
 0005:00003468       $R002D98                   10009468     Morex86Resources2.res
 0005:000040b8       $R0039E8                   1000a0b8     Morex86Resources2.res
 0005:000082e0       $R007C10                   1000e2e0     Morex86Resources2.res
 0005:0000a888       $R00A1B8                   10010888     Morex86Resources2.res
 0005:0000b930       $R00B260                   10011930     Morex86Resources2.res
 0005:0000bd98       $R00B6C8                   10011d98     Morex86Resources2.res
 0005:0000be20       $R00B750                   10011e20     Morex86Resources2.res
 0005:0000be70       $R00B7A0                   10011e70     Morex86Resources2.res
 0005:0000c698       $R00BFC8                   10012698     Morex86Resources2.res
 0005:0000c860       $R00C190                   10012860     Morex86Resources2.res
 0005:0000c928       $R00C258                   10012928     Morex86Resources2.res
 0005:0000c968       $R00C298                   10012968     Morex86Resources2.res
 0005:000ab380       $R0AACB0                   100b1380     Morex86Resources2.res
 0005:000ab4b8       $R0AADE8                   100b14b8     Morex86Resources2.res
 0005:000ab4d0       $R0AAE00                   100b14d0     Morex86Resources2.res
 0005:000ab608       $R0AAF38                   100b1608     Morex86Resources2.res
 0005:000dd638       $R0DCF68                   100e3638     Morex86Resources2.res
 0005:000dd660       $R0DCF90                   100e3660     Morex86Resources2.res
 0005:000dd970       $R0DD2A0                   100e3970     Morex86Resources2.res
 0005:000ddaa8       $R0DD3D8                   100e3aa8     Morex86Resources2.res
 0005:000deae0       $R0DE410                   100e4ae0     Morex86Resources2.res
 0005:000e3710       $R0E3040                   100e9710     Morex86Resources2.res
 0005:000e3740       $R0E3070                   100e9740     Morex86Resources2.res

 Exports

  ordinal    name

