 PEParser.Tests.Dllx86

 Timestamp is 615541f6 (Wed Sep 29 21:49:58 2021)

 Preferred load address is 10000000

 Start         Length     Name                   Class
 0001:00000000 000013e7H .text$mn                CODE
 0002:00000000 0000006cH .idata$5                DATA
 0002:0000006c 00000004H .00cfg                  DATA
 0002:00000070 00000004H .CRT$XCA                DATA
 0002:00000074 00000004H .CRT$XCZ                DATA
 0002:00000078 00000004H .CRT$XIA                DATA
 0002:0000007c 00000004H .CRT$XIZ                DATA
 0002:00000080 00000004H .CRT$XPA                DATA
 0002:00000084 00000004H .CRT$XPZ                DATA
 0002:00000088 00000004H .CRT$XTA                DATA
 0002:0000008c 00000004H .CRT$XTZ                DATA
 0002:00000090 000000d0H .rdata                  DATA
 0002:00000160 00000004H .rdata$sxdata           DATA
 0002:00000164 000002b0H .rdata$zzzdbg           DATA
 0002:00000414 00000004H .rtc$IAA                DATA
 0002:00000418 00000004H .rtc$IZZ                DATA
 0002:0000041c 00000004H .rtc$TAA                DATA
 0002:00000420 00000008H .rtc$TZZ                DATA
 0002:00000428 0000007cH .xdata$x                DATA
 0002:000004a4 00000000H .edata                  DATA
 0002:000004a4 0000003cH .idata$2                DATA
 0002:000004e0 00000014H .idata$3                DATA
 0002:000004f4 0000006cH .idata$4                DATA
 0002:00000560 0000024aH .idata$6                DATA
 0003:00000000 00000018H .data                   DATA
 0003:00000018 00000374H .bss                    DATA
 0004:00000000 00000014H .gfids$y                DATA
 0005:00000000 000006d0H .rsrc$01                DATA
 0005:000006d0 000e31f0H .rsrc$02                DATA

  Address         Publics by Value              Rva+Base       Lib:Object

 0000:00000000       ___guard_iat_table         00000000     <absolute>
 0000:00000000       ___guard_iat_count         00000000     <absolute>
 0000:00000000       ___guard_longjmp_count     00000000     <absolute>
 0000:00000000       ___guard_fids_table        00000000     <absolute>
 0000:00000000       ___guard_longjmp_table     00000000     <absolute>
 0000:00000000       ___dynamic_value_reloc_table 00000000     <absolute>
 0000:00000000       ___guard_fids_count        00000000     <absolute>
 0000:00000001       ___safe_se_handler_count   00000001     <absolute>
 0000:00000100       ___guard_flags             00000100     <absolute>
 0000:00000000       ___ImageBase               10000000     <linker-defined>
 0001:00000000       _DllMain@12                10001000 f   dllmain.obj
 0001:00000010       @__security_check_cookie@4 10001010 f   MSVCRTD:_secchk_.obj
 0001:000004d0       __DllMainCRTStartup@12     100014d0 f   MSVCRTD:dll_dllmain.obj
 0001:00000500       ___raise_securityfailure   10001500 f   MSVCRTD:gs_report.obj
 0001:00000530       ___report_gsfailure        10001530 f   MSVCRTD:gs_report.obj
 0001:00000640       ??$__crt_fast_decode_pointer@PAP6AXXZ@@YAPAP6AXXZQAP6AXXZ@Z 10001640 f i MSVCRTD:utility.obj
 0001:00000670       ??$__crt_fast_encode_pointer@PAP6AXXZ@@YAPAP6AXXZQAP6AXXZ@Z 10001670 f i MSVCRTD:utility.obj
 0001:000006a0       ?__crt_rotate_pointer_value@@YAIIH@Z 100016a0 f i MSVCRTD:utility.obj
 0001:000006b0       ?configure_argv@__scrt_narrow_argv_policy@@SAHXZ 100016b0 f i MSVCRTD:utility.obj
 0001:000007d0       _NtCurrentTeb              100017d0 f i MSVCRTD:utility.obj
 0001:000007e0       ___scrt_acquire_startup_lock 100017e0 f   MSVCRTD:utility.obj
 0001:00000830       ___scrt_dllmain_after_initialize_c 10001830 f   MSVCRTD:utility.obj
 0001:00000860       ___scrt_dllmain_before_initialize_c 10001860 f   MSVCRTD:utility.obj
 0001:00000880       ___scrt_dllmain_crt_thread_attach 10001880 f   MSVCRTD:utility.obj
 0001:000008b0       ___scrt_dllmain_crt_thread_detach 100018b0 f   MSVCRTD:utility.obj
 0001:000008d0       ___scrt_dllmain_exception_filter 100018d0 f   MSVCRTD:utility.obj
 0001:00000920       ___scrt_dllmain_uninitialize_c 10001920 f   MSVCRTD:utility.obj
 0001:00000950       ___scrt_dllmain_uninitialize_critical 10001950 f   MSVCRTD:utility.obj
 0001:00000970       ___scrt_initialize_crt     10001970 f   MSVCRTD:utility.obj
 0001:000009c0       ___scrt_initialize_onexit_tables 100019c0 f   MSVCRTD:utility.obj
 0001:00000a90       ___scrt_is_nonwritable_in_current_image 10001a90 f   MSVCRTD:utility.obj
 0001:00000bc0       ___scrt_release_startup_lock 10001bc0 f   MSVCRTD:utility.obj
 0001:00000bf0       ___scrt_uninitialize_crt   10001bf0 f   MSVCRTD:utility.obj
 0001:00000c30       __onexit                   10001c30 f   MSVCRTD:utility.obj
 0001:00000ca0       _atexit                    10001ca0 f   MSVCRTD:utility.obj
 0001:00000cd0       ___security_init_cookie    10001cd0 f   MSVCRTD:gs_support.obj
 0001:00000db0       ?__scrt_initialize_type_info@@YAXXZ 10001db0 f   MSVCRTD:tncleanup.obj
 0001:00000dc0       ?__scrt_uninitialize_type_info@@YAXXZ 10001dc0 f   MSVCRTD:tncleanup.obj
 0001:00000de0       ___local_stdio_printf_options 10001de0 f i MSVCRTD:default_local_stdio_options.obj
 0001:00000df0       ___local_stdio_scanf_options 10001df0 f i MSVCRTD:default_local_stdio_options.obj
 0001:00000e00       ___scrt_initialize_default_local_stdio_options 10001e00 f   MSVCRTD:default_local_stdio_options.obj
 0001:00000e40       ___scrt_get_dyn_tls_init_callback 10001e40 f   MSVCRTD:dyn_tls_init.obj
 0001:00000e50       ___scrt_fastfail           10001e50 f   MSVCRTD:utility_desktop.obj
 0001:00000f90       __crt_debugger_hook        10001f90 f   MSVCRTD:utility_desktop.obj
 0001:00000fa0       __RTC_Initialize           10001fa0 f   MSVCRTD:_initsect_.obj
 0001:00000fd0       __RTC_Terminate            10001fd0 f   MSVCRTD:_initsect_.obj
 0001:00001000       @_guard_check_icall@4      10002000 f i MSVCRTD:checkcfg.obj
 0001:00001020       __except_handler4          10002020 f   MSVCRTD:_chandler4gs_.obj
 0001:00001050       ___isa_available_init      10002050 f   MSVCRTD:_cpu_disp_.obj
 0001:00001330       __get_startup_argv_mode    10002330 f   MSVCRTD:argv_mode.obj
 0001:00001340       ___scrt_is_ucrt_dll_in_use 10002340 f   MSVCRTD:ucrt_detection.obj
 0001:00001370       @_guard_check_icall_nop@4  10002370 f i MSVCRTD:guard_support.obj
 0001:0000137c       ___std_type_info_destroy_list 1000237c f   vcruntimed:VCRUNTIME140D.dll
 0001:00001382       _memset                    10002382 f   vcruntimed:VCRUNTIME140D.dll
 0001:00001388       __except_handler4_common   10002388 f   vcruntimed:VCRUNTIME140D.dll
 0001:0000138e       __initterm                 1000238e f   ucrtd:ucrtbased.dll
 0001:00001394       __initterm_e               10002394 f   ucrtd:ucrtbased.dll
 0001:0000139a       __seh_filter_dll           1000239a f   ucrtd:ucrtbased.dll
 0001:000013a0       __configure_narrow_argv    100023a0 f   ucrtd:ucrtbased.dll
 0001:000013a6       __initialize_narrow_environment 100023a6 f   ucrtd:ucrtbased.dll
 0001:000013ac       __initialize_onexit_table  100023ac f   ucrtd:ucrtbased.dll
 0001:000013b2       __register_onexit_function 100023b2 f   ucrtd:ucrtbased.dll
 0001:000013b8       __execute_onexit_table     100023b8 f   ucrtd:ucrtbased.dll
 0001:000013be       __crt_atexit               100023be f   ucrtd:ucrtbased.dll
 0001:000013c4       __cexit                    100023c4 f   ucrtd:ucrtbased.dll
 0001:000013ca       _IsProcessorFeaturePresent@4 100023ca f   kernel32:KERNEL32.dll
 0001:000013d0       ___scrt_stub_for_acrt_thread_attach 100023d0 f   MSVCRTD:ucrt_stubs.obj
 0001:000013d0       ___acrt_thread_attach      100023d0 f   MSVCRTD:ucrt_stubs.obj
 0001:000013d0       ___vcrt_thread_detach      100023d0 f   MSVCRTD:ucrt_stubs.obj
 0001:000013d0       ___vcrt_thread_attach      100023d0 f   MSVCRTD:ucrt_stubs.obj
 0001:000013d0       ___scrt_stub_for_acrt_uninitialize_critical 100023d0 f   MSVCRTD:ucrt_stubs.obj
 0001:000013d0       ___acrt_uninitialize_critical 100023d0 f   MSVCRTD:ucrt_stubs.obj
 0001:000013d0       ___vcrt_uninitialize_critical 100023d0 f   MSVCRTD:ucrt_stubs.obj
 0001:000013d0       ___scrt_stub_for_acrt_uninitialize 100023d0 f   MSVCRTD:ucrt_stubs.obj
 0001:000013d0       ___scrt_stub_for_acrt_initialize 100023d0 f   MSVCRTD:ucrt_stubs.obj
 0001:000013d0       ___vcrt_uninitialize       100023d0 f   MSVCRTD:ucrt_stubs.obj
 0001:000013d0       ___acrt_thread_detach      100023d0 f   MSVCRTD:ucrt_stubs.obj
 0001:000013d0       ___acrt_initialize         100023d0 f   MSVCRTD:ucrt_stubs.obj
 0001:000013d0       ___acrt_uninitialize       100023d0 f   MSVCRTD:ucrt_stubs.obj
 0001:000013d0       ___vcrt_initialize         100023d0 f   MSVCRTD:ucrt_stubs.obj
 0001:000013d0       ___scrt_stub_for_acrt_thread_detach 100023d0 f   MSVCRTD:ucrt_stubs.obj
 0001:000013e0       ___scrt_stub_for_is_c_termination_complete 100023e0 f   MSVCRTD:ucrt_stubs.obj
 0001:000013e0       __is_c_termination_complete 100023e0 f   MSVCRTD:ucrt_stubs.obj
 0002:00000000       __imp__SetUnhandledExceptionFilter@4 10003000     kernel32:KERNEL32.dll
 0002:00000004       __imp__GetCurrentProcess@0 10003004     kernel32:KERNEL32.dll
 0002:00000008       __imp__TerminateProcess@8  10003008     kernel32:KERNEL32.dll
 0002:0000000c       __imp__IsDebuggerPresent@0 1000300c     kernel32:KERNEL32.dll
 0002:00000010       __imp__InitializeSListHead@4 10003010     kernel32:KERNEL32.dll
 0002:00000014       __imp__GetSystemTimeAsFileTime@4 10003014     kernel32:KERNEL32.dll
 0002:00000018       __imp__GetCurrentThreadId@0 10003018     kernel32:KERNEL32.dll
 0002:0000001c       __imp__GetCurrentProcessId@0 1000301c     kernel32:KERNEL32.dll
 0002:00000020       __imp__QueryPerformanceCounter@4 10003020     kernel32:KERNEL32.dll
 0002:00000024       __imp__IsProcessorFeaturePresent@4 10003024     kernel32:KERNEL32.dll
 0002:00000028       __imp__UnhandledExceptionFilter@4 10003028     kernel32:KERNEL32.dll
 0002:0000002c       \177KERNEL32_NULL_THUNK_DATA 1000302c     kernel32:KERNEL32.dll
 0002:00000030       __imp____std_type_info_destroy_list 10003030     vcruntimed:VCRUNTIME140D.dll
 0002:00000034       __imp__memset              10003034     vcruntimed:VCRUNTIME140D.dll
 0002:00000038       __imp___except_handler4_common 10003038     vcruntimed:VCRUNTIME140D.dll
 0002:0000003c       \177VCRUNTIME140D_NULL_THUNK_DATA 1000303c     vcruntimed:VCRUNTIME140D.dll
 0002:00000040       __imp___cexit              10003040     ucrtd:ucrtbased.dll
 0002:00000044       __imp___crt_atexit         10003044     ucrtd:ucrtbased.dll
 0002:00000048       __imp___execute_onexit_table 10003048     ucrtd:ucrtbased.dll
 0002:0000004c       __imp___register_onexit_function 1000304c     ucrtd:ucrtbased.dll
 0002:00000050       __imp___initialize_onexit_table 10003050     ucrtd:ucrtbased.dll
 0002:00000054       __imp___initialize_narrow_environment 10003054     ucrtd:ucrtbased.dll
 0002:00000058       __imp___configure_narrow_argv 10003058     ucrtd:ucrtbased.dll
 0002:0000005c       __imp___seh_filter_dll     1000305c     ucrtd:ucrtbased.dll
 0002:00000060       __imp___initterm_e         10003060     ucrtd:ucrtbased.dll
 0002:00000064       __imp___initterm           10003064     ucrtd:ucrtbased.dll
 0002:00000068       \177ucrtbased_NULL_THUNK_DATA 10003068     ucrtd:ucrtbased.dll
 0002:0000006c       ___guard_check_icall_fptr  1000306c     MSVCRTD:guard_support.obj
 0002:00000070       ___xc_a                    10003070     MSVCRTD:initializers.obj
 0002:00000074       ___xc_z                    10003074     MSVCRTD:initializers.obj
 0002:00000078       ___xi_a                    10003078     MSVCRTD:initializers.obj
 0002:0000007c       ___xi_z                    1000307c     MSVCRTD:initializers.obj
 0002:00000080       ___xp_a                    10003080     MSVCRTD:initializers.obj
 0002:00000084       ___xp_z                    10003084     MSVCRTD:initializers.obj
 0002:00000088       ___xt_a                    10003088     MSVCRTD:initializers.obj
 0002:0000008c       ___xt_z                    1000308c     MSVCRTD:initializers.obj
 0002:00000090       __pRawDllMain              10003090     MSVCRTD:dll_dllmain.obj
 0002:00000090       __pDefaultRawDllMain       10003090     MSVCRTD:dll_dllmain.obj
 0002:000000f8       __load_config_used         100030f8     MSVCRTD:loadcfg.obj
 0002:00000160       ___safe_se_handler_table   10003160     <linker-defined>
 0002:00000414       ___rtc_iaa                 10003414     MSVCRTD:_initsect_.obj
 0002:00000418       ___rtc_izz                 10003418     MSVCRTD:_initsect_.obj
 0002:0000041c       ___rtc_taa                 1000341c     MSVCRTD:_initsect_.obj
 0002:00000420       ___rtc_tzz                 10003420     MSVCRTD:_initsect_.obj
 0002:000004a4       __IMPORT_DESCRIPTOR_VCRUNTIME140D 100034a4     vcruntimed:VCRUNTIME140D.dll
 0002:000004b8       __IMPORT_DESCRIPTOR_ucrtbased 100034b8     ucrtd:ucrtbased.dll
 0002:000004cc       __IMPORT_DESCRIPTOR_KERNEL32 100034cc     kernel32:KERNEL32.dll
 0002:000004e0       __NULL_IMPORT_DESCRIPTOR   100034e0     vcruntimed:VCRUNTIME140D.dll
 0003:00000000       ___security_cookie_complement 10004000     MSVCRTD:gs_cookie.obj
 0003:00000004       ___security_cookie         10004004     MSVCRTD:gs_cookie.obj
 0003:00000008       ___scrt_native_dllmain_reason 10004008     MSVCRTD:utility.obj
 0003:0000000c       ___isa_enabled             1000400c     MSVCRTD:_cpu_disp_.obj
 0003:00000010       ___scrt_ucrt_dll_is_in_use 10004010     MSVCRTD:ucrt_stubs.obj
 0003:0000033c       ___scrt_current_native_startup_state 1000433c     MSVCRTD:utility.obj
 0003:00000340       ___scrt_native_startup_lock 10004340     MSVCRTD:utility.obj
 0003:00000360       ?__type_info_root_node@@3U__type_info_node@@A 10004360     MSVCRTD:tncleanup.obj
 0003:00000368       ?_OptionsStorage@?1??__local_stdio_printf_options@@9@4_KA 10004368     MSVCRTD:default_local_stdio_options.obj
 0003:00000370       ?_OptionsStorage@?1??__local_stdio_scanf_options@@9@4_KA 10004370     MSVCRTD:default_local_stdio_options.obj
 0003:00000378       ___scrt_debugger_hook_flag 10004378     MSVCRTD:utility_desktop.obj
 0003:0000037c       ___isa_available           1000437c     MSVCRTD:_cpu_disp_.obj
 0003:00000380       ___favor                   10004380     MSVCRTD:_cpu_disp_.obj
 0003:00000384       ___@@_PchSym_@00@UfhvihUzfhgrUhlfixvUivklhUhravyvmxsRmvgxlivUgvhgkvkilqvxghUkvkzihviOgvhghOwoocIGUgvhgkvhUhgwzucOlyq@2ABF1EAC8AAAA033 10004384     stdafx.obj
 0003:00000388       ___dyn_tls_init_callback   10004388     <common>

 entry point at        0001:000004d0

 Static symbols

 0000:fff15000       .debug$S                   10000000     kernel32:KERNEL32.dll
 0000:fff15000       .debug$S                   10000000     ucrtd:ucrtbased.dll
 0000:fff15000       .debug$S                   10000000     ucrtd:ucrtbased.dll
 0000:fff15000       .debug$S                   10000000     ucrtd:ucrtbased.dll
 0000:fff15000       .debug$S                   10000000     ucrtd:ucrtbased.dll
 0000:fff15000       .debug$S                   10000000     ucrtd:ucrtbased.dll
 0000:fff15000       .debug$S                   10000000     ucrtd:ucrtbased.dll
 0000:fff15000       .debug$S                   10000000     ucrtd:ucrtbased.dll
 0000:fff15000       .debug$S                   10000000     ucrtd:ucrtbased.dll
 0000:fff15000       .debug$S                   10000000     ucrtd:ucrtbased.dll
 0000:fff15000       .debug$S                   10000000     ucrtd:ucrtbased.dll
 0000:fff15000       .debug$S                   10000000     ucrtd:ucrtbased.dll
 0000:fff15000       .debug$S                   10000000     ucrtd:ucrtbased.dll
 0000:fff15000       .debug$S                   10000000     kernel32:KERNEL32.dll
 0000:fff15000       .debug$S                   10000000     vcruntimed:VCRUNTIME140D.dll
 0000:fff15000       .debug$S                   10000000     vcruntimed:VCRUNTIME140D.dll
 0000:fff15000       .debug$S                   10000000     vcruntimed:VCRUNTIME140D.dll
 0000:fff15000       .debug$S                   10000000     kernel32:KERNEL32.dll
 0000:fff15000       .debug$S                   10000000     kernel32:KERNEL32.dll
 0000:fff15000       .debug$S                   10000000     kernel32:KERNEL32.dll
 0000:fff15000       .debug$S                   10000000     kernel32:KERNEL32.dll
 0000:fff15000       .debug$S                   10000000     kernel32:KERNEL32.dll
 0000:fff15000       .debug$S                   10000000     kernel32:KERNEL32.dll
 0000:fff15000       .debug$S                   10000000     kernel32:KERNEL32.dll
 0000:fff15000       .debug$S                   10000000     kernel32:KERNEL32.dll
 0000:fff15000       .debug$S                   10000000     kernel32:KERNEL32.dll
 0000:fff15000       .debug$S                   10000000     kernel32:KERNEL32.dll
 0000:fff15000       .debug$S                   10000000     kernel32:KERNEL32.dll
 0001:00000030       ?dllmain_crt_dispatch@@YGHQAUHINSTANCE__@@KQAX@Z 10001030 f   MSVCRTD:dll_dllmain.obj
 0001:0000009c       $LN11                      1000109c     MSVCRTD:dll_dllmain.obj
 0001:000000b0       ?dllmain_crt_process_attach@@YAHQAUHINSTANCE__@@QAX@Z 100010b0 f   MSVCRTD:dll_dllmain.obj
 0001:00000230       ?dllmain_crt_process_detach@@YAH_N@Z 10001230 f   MSVCRTD:dll_dllmain.obj
 0001:00000300       ?dllmain_dispatch@@YAHQAUHINSTANCE__@@KQAX@Z 10001300 f   MSVCRTD:dll_dllmain.obj
 0001:00000490       ?dllmain_raw@@YGHQAUHINSTANCE__@@KQAX@Z 10001490 f   MSVCRTD:dll_dllmain.obj
 0001:000006d0       ?find_pe_section@@YAPAU_IMAGE_SECTION_HEADER@@QAEI@Z 100016d0 f   MSVCRTD:utility.obj
 0001:00000760       ?is_potentially_valid_image_base@@YA_NQAX@Z 10001760 f   MSVCRTD:utility.obj
 0002:00000094       _GS_ExceptionPointers      10003094     MSVCRTD:gs_report.obj
 0002:00000428       __sehtable$?dllmain_crt_process_attach@@YAHQAUHINSTANCE__@@QAX@Z 10003428     MSVCRTD:dll_dllmain.obj
 0002:00000448       __sehtable$?dllmain_crt_process_detach@@YAH_N@Z 10003448     MSVCRTD:dll_dllmain.obj
 0002:00000468       __sehtable$?dllmain_dispatch@@YAHQAUHINSTANCE__@@KQAX@Z 10003468     MSVCRTD:dll_dllmain.obj
 0002:00000488       __sehtable$___scrt_is_nonwritable_in_current_image 10003488     MSVCRTD:utility.obj
 0002:000005a4       .idata$6                   100035a4     vcruntimed:VCRUNTIME140D.dll
 0002:00000686       .idata$6                   10003686     ucrtd:ucrtbased.dll
 0002:0000079c       .idata$6                   1000379c     kernel32:KERNEL32.dll
 0003:00000018       ?__proc_attached@@3HA      10004018     MSVCRTD:dll_dllmain.obj
 0003:00000020       _GS_ExceptionRecord        10004020     MSVCRTD:gs_report.obj
 0003:00000070       _GS_ContextRecord          10004070     MSVCRTD:gs_report.obj
 0003:00000344       ?module_local_atexit_table@@3U_onexit_table_t@@A 10004344     MSVCRTD:utility.obj
 0003:00000350       ?module_local_at_quick_exit_table@@3U_onexit_table_t@@A 10004350     MSVCRTD:utility.obj
 0003:0000035c       ?is_initialized_as_dll@@3_NA 1000435c     MSVCRTD:utility.obj
 0004:00000000       __guard_fids_?dllmain_crt_process_attach@@YAHQAUHINSTANCE__@@QAX@Z 10005000     MSVCRTD:dll_dllmain.obj
 0004:00000008       __guard_fids_?dllmain_dispatch@@YAHQAUHINSTANCE__@@KQAX@Z 10005008     MSVCRTD:dll_dllmain.obj
 0004:0000000c       __guard_fids___except_handler4 1000500c     MSVCRTD:_chandler4gs_.obj
 0004:00000010       __guard_fids__             10005010     MSVCRTD:guard_support.obj
 0005:000006d0       $R000000                   100066d0     Morex86Resources2.res
 0005:00000bb8       $R0004E8                   10006bb8     Morex86Resources2.res
 0005:00000c98       $R0005C8                   10006c98     Morex86Resources2.res
 0005:000017b0       $R0010E0                   100077b0     Morex86Resources2.res
 0005:00002658       $R001F88                   10008658     Morex86Resources2.res
 0005:00002f00       $R002830                   10008f00     Morex86Resources2.res
 0005:00003468       $R002D98                   10009468     Morex86Resources2.res
 0005:000040b8       $R0039E8                   1000a0b8     Morex86Resources2.res
 0005:000082e0       $R007C10                   1000e2e0     Morex86Resources2.res
 0005:0000a888       $R00A1B8                   10010888     Morex86Resources2.res
 0005:0000b930       $R00B260                   10011930     Morex86Resources2.res
 0005:0000bd98       $R00B6C8                   10011d98     Morex86Resources2.res
 0005:0000be20       $R00B750                   10011e20     Morex86Resources2.res
 0005:0000be70       $R00B7A0                   10011e70     Morex86Resources2.res
 0005:0000c698       $R00BFC8                   10012698     Morex86Resources2.res
 0005:0000c860       $R00C190                   10012860     Morex86Resources2.res
 0005:0000c928       $R00C258                   10012928     Morex86Resources2.res
 0005:0000c968       $R00C298                   10012968     Morex86Resources2.res
 0005:000ab380       $R0AACB0                   100b1380     Morex86Resources2.res
 0005:000ab4b8       $R0AADE8                   100b14b8     Morex86Resources2.res
 0005:000ab4d0       $R0AAE00                   100b14d0     Morex86Resources2.res
 0005:000ab608       $R0AAF38                   100b1608     Morex86Resources2.res
 0005:000dd638       $R0DCF68                   100e3638     Morex86Resources2.res
 0005:000dd660       $R0DCF90                   100e3660     Morex86Resources2.res
 0005:000dd970       $R0DD2A0                   100e3970     Morex86Resources2.res
 0005:000ddaa8       $R0DD3D8                   100e3aa8     Morex86Resources2.res
 0005:000deae0       $R0DE410                   100e4ae0     Morex86Resources2.res
 0005:000e3710       $R0E3040                   100e9710     Morex86Resources2.res
 0005:000e3740       $R0E3070                   100e9740     Morex86Resources2.res

 Exports

  ordinal    name

