 PEParser.Tests.Dllx64

 Timestamp is 6158065d (Sat Oct  2 00:12:29 2021)

 Preferred load address is 0000000180000000

 Start         Length     Name                   Class
 0001:00000000 000022c0H .text$mn                CODE
 0001:000022c0 00000020H .text$mn$00             CODE
 0001:000022e0 00000156H .text$x                 CODE
 0002:00000000 00000140H .idata$5                DATA
 0002:00000140 00000010H .00cfg                  DATA
 0002:00000150 00000008H .CRT$XCA                DATA
 0002:00000158 00000008H .CRT$XCZ                DATA
 0002:00000160 00000008H .CRT$XIA                DATA
 0002:00000168 00000008H .CRT$XIZ                DATA
 0002:00000170 00000008H .CRT$XPA                DATA
 0002:00000178 00000008H .CRT$XPZ                DATA
 0002:00000180 00000008H .CRT$XTA                DATA
 0002:00000188 00000008H .CRT$XTZ                DATA
 0002:00000190 000001b8H .rdata                  DATA
 0002:00000348 0000020cH .rdata$r                DATA
 0002:00000554 00000304H .rdata$zzzdbg           DATA
 0002:00000858 00000008H .rtc$IAA                DATA
 0002:00000860 00000008H .rtc$IZZ                DATA
 0002:00000868 00000008H .rtc$TAA                DATA
 0002:00000870 00000008H .rtc$TZZ                DATA
 0002:00000878 000003d8H .xdata                  DATA
 0002:00000c50 00000054H .xdata$x                DATA
 0002:00000ca4 00000000H .edata                  DATA
 0002:00000ca4 0000003cH .idata$2                DATA
 0002:00000ce0 00000018H .idata$3                DATA
 0002:00000cf8 00000140H .idata$4                DATA
 0002:00000e38 00000348H .idata$6                DATA
 0003:00000000 00000038H .data                   DATA
 0003:00000038 000000a8H .data$r                 DATA
 0003:000000e0 00000608H .bss                    DATA
 0004:00000000 000003c0H .pdata                  DATA
 0005:00000000 0000001cH .gfids$y                DATA
 0006:00000000 00000700H .rsrc$01                DATA
 0006:00000700 000e36d8H .rsrc$02                DATA

  Address         Publics by Value              Rva+Base               Lib:Object

 0000:00000000       __guard_iat_table          0000000000000000     <absolute>
 0000:00000000       __guard_longjmp_count      0000000000000000     <absolute>
 0000:00000000       __guard_longjmp_table      0000000000000000     <absolute>
 0000:00000000       __guard_fids_count         0000000000000000     <absolute>
 0000:00000000       ___safe_se_handler_table   0000000000000000     <absolute>
 0000:00000000       __dynamic_value_reloc_table 0000000000000000     <absolute>
 0000:00000000       ___safe_se_handler_count   0000000000000000     <absolute>
 0000:00000000       __guard_fids_table         0000000000000000     <absolute>
 0000:00000000       __guard_iat_count          0000000000000000     <absolute>
 0000:00000100       __guard_flags              0000000000000100     <absolute>
 0000:00000000       __ImageBase                0000000180000000     <linker-defined>
 0001:00000000       ??0Dllx64_CppxdataUsage@@QEAA@_N@Z 0000000180001000 f i dllmain.obj
 0001:00000020       ??0Dllx64_BaseClass@@QEAA@H@Z 0000000180001020 f i dllmain.obj
 0001:00000050       ?AVirtualFunction@Dllx64_BaseClass@@UEAAHXZ 0000000180001050 f i dllmain.obj
 0001:00000060       ?ASecondVirtualFunction@Dllx64_BaseClass@@UEAAHXZ 0000000180001060 f i dllmain.obj
 0001:00000070       ??0Dllx64_DerivedClass@@QEAA@HH@Z 0000000180001070 f i dllmain.obj
 0001:000000c0       ?AVirtualFunction@Dllx64_DerivedClass@@UEAAHXZ 00000001800010c0 f i dllmain.obj
 0001:000000e0       ??0exception@std@@QEAA@QEBD@Z 00000001800010e0 f i PEParser.Tests.Dllx64.obj
 0001:00000160       ??0exception@std@@QEAA@AEBV01@@Z 0000000180001160 f i PEParser.Tests.Dllx64.obj
 0001:000001c0       ??1exception@std@@UEAA@XZ  00000001800011c0 f i PEParser.Tests.Dllx64.obj
 0001:000001f0       ?what@exception@std@@UEBAPEBDXZ 00000001800011f0 f i PEParser.Tests.Dllx64.obj
 0001:00000230       ??_Gexception@std@@UEAAPEAXI@Z 0000000180001230 f i PEParser.Tests.Dllx64.obj
 0001:00000230       ??_Eexception@std@@UEAAPEAXI@Z 0000000180001230 f i * CIL library *:* CIL module *
 0001:0000026c       DebugBreak                 000000018000126c f   kernel32:KERNEL32.dll
 0001:00000290       __security_check_cookie    0000000180001290 f   MSVCRTD:_amdsecgs_.obj
 0001:000002c0       ??1type_info@@UEAA@XZ      00000001800012c0 f   MSVCRTD:std_type_info_static.obj
 0001:000002e0       ??_Etype_info@@UEAAPEAXI@Z 00000001800012e0 f i MSVCRTD:std_type_info_static.obj
 0001:000002e0       ??_Gtype_info@@UEAAPEAXI@Z 00000001800012e0 f i MSVCRTD:std_type_info_static.obj
 0001:00000320       ??3@YAXPEAX_K@Z            0000000180001320 f   MSVCRTD:delete_scalar_size.obj
 0001:00000730       _CRT_INIT                  0000000180001730 f   MSVCRTD:dll_dllmain.obj
 0001:00000760       _DllMainCRTStartup         0000000180001760 f   MSVCRTD:dll_dllmain.obj
 0001:000007a0       __raise_securityfailure    00000001800017a0 f   MSVCRTD:gs_report.obj
 0001:000007e0       __report_gsfailure         00000001800017e0 f   MSVCRTD:gs_report.obj
 0001:000008c0       __report_rangecheckfailure 00000001800018c0 f   MSVCRTD:gs_report.obj
 0001:000008e0       __report_securityfailure   00000001800018e0 f   MSVCRTD:gs_report.obj
 0001:00000980       __report_securityfailureEx 0000000180001980 f   MSVCRTD:gs_report.obj
 0001:00000bf0       ??3@YAXPEAX@Z              0000000180001bf0 f   MSVCRTD:delete_scalar.obj
 0001:00000c10       ??$__crt_fast_decode_pointer@PEAP6AXXZ@@YAPEAP6AXXZQEAP6AXXZ@Z 0000000180001c10 f i MSVCRTD:utility.obj
 0001:00000c50       ??$__crt_fast_encode_pointer@PEAP6AXXZ@@YAPEAP6AXXZQEAP6AXXZ@Z 0000000180001c50 f i MSVCRTD:utility.obj
 0001:00000c90       ?__crt_rotate_pointer_value@@YA_K_KH@Z 0000000180001c90 f i MSVCRTD:utility.obj
 0001:00000cb0       ?configure_argv@__scrt_narrow_argv_policy@@SAHXZ 0000000180001cb0 f i MSVCRTD:utility.obj
 0001:00000e30       NtCurrentTeb               0000000180001e30 f i MSVCRTD:utility.obj
 0001:00000e40       __scrt_acquire_startup_lock 0000000180001e40 f   MSVCRTD:utility.obj
 0001:00000eb0       __scrt_dllmain_after_initialize_c 0000000180001eb0 f   MSVCRTD:utility.obj
 0001:00000ee0       __scrt_dllmain_before_initialize_c 0000000180001ee0 f   MSVCRTD:utility.obj
 0001:00000f00       __scrt_dllmain_crt_thread_attach 0000000180001f00 f   MSVCRTD:utility.obj
 0001:00000f30       __scrt_dllmain_crt_thread_detach 0000000180001f30 f   MSVCRTD:utility.obj
 0001:00000f50       __scrt_dllmain_exception_filter 0000000180001f50 f   MSVCRTD:utility.obj
 0001:00000fb0       __scrt_dllmain_uninitialize_c 0000000180001fb0 f   MSVCRTD:utility.obj
 0001:00000fe0       __scrt_dllmain_uninitialize_critical 0000000180001fe0 f   MSVCRTD:utility.obj
 0001:00001000       __scrt_initialize_crt      0000000180002000 f   MSVCRTD:utility.obj
 0001:00001050       __scrt_initialize_onexit_tables 0000000180002050 f   MSVCRTD:utility.obj
 0001:00001150       __scrt_is_nonwritable_in_current_image 0000000180002150 f   MSVCRTD:utility.obj
 0001:000011e0       __scrt_release_startup_lock 00000001800021e0 f   MSVCRTD:utility.obj
 0001:00001210       __scrt_uninitialize_crt    0000000180002210 f   MSVCRTD:utility.obj
 0001:00001250       _onexit                    0000000180002250 f   MSVCRTD:utility.obj
 0001:000012e0       at_quick_exit              00000001800022e0 f   MSVCRTD:utility.obj
 0001:00001330       atexit                     0000000180002330 f   MSVCRTD:utility.obj
 0001:00001370       __security_init_cookie     0000000180002370 f   MSVCRTD:gs_support.obj
 0001:00001490       ?__scrt_initialize_type_info@@YAXXZ 0000000180002490 f   MSVCRTD:tncleanup.obj
 0001:000014b0       ?__scrt_uninitialize_type_info@@YAXXZ 00000001800024b0 f   MSVCRTD:tncleanup.obj
 0001:000014d0       __local_stdio_printf_options 00000001800024d0 f i MSVCRTD:default_local_stdio_options.obj
 0001:000014e0       __local_stdio_scanf_options 00000001800024e0 f i MSVCRTD:default_local_stdio_options.obj
 0001:000014f0       __scrt_initialize_default_local_stdio_options 00000001800024f0 f   MSVCRTD:default_local_stdio_options.obj
 0001:00001540       __scrt_get_dyn_tls_init_callback 0000000180002540 f   MSVCRTD:dyn_tls_init.obj
 0001:00001550       __crt_debugger_hook        0000000180002550 f   MSVCRTD:utility_desktop.obj
 0001:00001560       __scrt_fastfail            0000000180002560 f   MSVCRTD:utility_desktop.obj
 0001:00001700       __scrt_get_show_window_mode 0000000180002700 f   MSVCRTD:utility_desktop.obj
 0001:00001760       __scrt_initialize_winrt    0000000180002760 f   MSVCRTD:utility_desktop.obj
 0001:00001770       __scrt_is_managed_app      0000000180002770 f   MSVCRTD:utility_desktop.obj
 0001:00001820       __scrt_set_unhandled_exception_filter 0000000180002820 f   MSVCRTD:utility_desktop.obj
 0001:00001840       __scrt_unhandled_exception_filter 0000000180002840 f   MSVCRTD:utility_desktop.obj
 0001:000018c0       _RTC_Initialize            00000001800028c0 f   MSVCRTD:_initsect_.obj
 0001:00001910       _RTC_Terminate             0000000180002910 f   MSVCRTD:_initsect_.obj
 0001:00001960       _guard_check_icall         0000000180002960 f i MSVCRTD:checkcfg.obj
 0001:00001980       __isa_available_init       0000000180002980 f   MSVCRTD:_cpu_disp_.obj
 0001:00001d00       _get_startup_argv_mode     0000000180002d00 f   MSVCRTD:argv_mode.obj
 0001:00001d10       __scrt_is_ucrt_dll_in_use  0000000180002d10 f   MSVCRTD:ucrt_detection.obj
 0001:00001d40       _guard_check_icall_nop     0000000180002d40 f i MSVCRTD:guard_support.obj
 0001:00001d50       _guard_icall_checks_enforced 0000000180002d50 f i MSVCRTD:guard_support.obj
 0001:00001d80       __GSHandlerCheck           0000000180002d80 f   MSVCRTD:_gshandler_.obj
 0001:00001dc0       __GSHandlerCheckCommon     0000000180002dc0 f   MSVCRTD:_gshandler_.obj
 0001:00001ec0       __std_exception_copy       0000000180002ec0 f   vcruntimed:VCRUNTIME140D.dll
 0001:00001ec6       __std_exception_destroy    0000000180002ec6 f   vcruntimed:VCRUNTIME140D.dll
 0001:00001ecc       __C_specific_handler       0000000180002ecc f   vcruntimed:VCRUNTIME140D.dll
 0001:00001ed2       __std_type_info_destroy_list 0000000180002ed2 f   vcruntimed:VCRUNTIME140D.dll
 0001:00001ed8       _itoa                      0000000180002ed8 f   ucrtd:ucrtbased.dll
 0001:00001ede       _initterm                  0000000180002ede f   ucrtd:ucrtbased.dll
 0001:00001ee4       _initterm_e                0000000180002ee4 f   ucrtd:ucrtbased.dll
 0001:00001eea       _free_dbg                  0000000180002eea f   ucrtd:ucrtbased.dll
 0001:00001ef0       _seh_filter_dll            0000000180002ef0 f   ucrtd:ucrtbased.dll
 0001:00001ef6       _configure_narrow_argv     0000000180002ef6 f   ucrtd:ucrtbased.dll
 0001:00001efc       _initialize_narrow_environment 0000000180002efc f   ucrtd:ucrtbased.dll
 0001:00001f02       _initialize_onexit_table   0000000180002f02 f   ucrtd:ucrtbased.dll
 0001:00001f08       _register_onexit_function  0000000180002f08 f   ucrtd:ucrtbased.dll
 0001:00001f0e       _execute_onexit_table      0000000180002f0e f   ucrtd:ucrtbased.dll
 0001:00001f14       _crt_atexit                0000000180002f14 f   ucrtd:ucrtbased.dll
 0001:00001f1a       _crt_at_quick_exit         0000000180002f1a f   ucrtd:ucrtbased.dll
 0001:00001f20       _cexit                     0000000180002f20 f   ucrtd:ucrtbased.dll
 0001:00001f26       terminate                  0000000180002f26 f   ucrtd:ucrtbased.dll
 0001:00001f2c       RtlCaptureContext          0000000180002f2c f   kernel32:KERNEL32.dll
 0001:00001f32       RtlLookupFunctionEntry     0000000180002f32 f   kernel32:KERNEL32.dll
 0001:00001f38       RtlVirtualUnwind           0000000180002f38 f   kernel32:KERNEL32.dll
 0001:00001f3e       UnhandledExceptionFilter   0000000180002f3e f   kernel32:KERNEL32.dll
 0001:00001f44       SetUnhandledExceptionFilter 0000000180002f44 f   kernel32:KERNEL32.dll
 0001:00001f4a       GetCurrentProcess          0000000180002f4a f   kernel32:KERNEL32.dll
 0001:00001f50       TerminateProcess           0000000180002f50 f   kernel32:KERNEL32.dll
 0001:00001f56       IsProcessorFeaturePresent  0000000180002f56 f   kernel32:KERNEL32.dll
 0001:00001f5c       QueryPerformanceCounter    0000000180002f5c f   kernel32:KERNEL32.dll
 0001:00001f62       GetCurrentProcessId        0000000180002f62 f   kernel32:KERNEL32.dll
 0001:00001f68       GetCurrentThreadId         0000000180002f68 f   kernel32:KERNEL32.dll
 0001:00001f6e       GetSystemTimeAsFileTime    0000000180002f6e f   kernel32:KERNEL32.dll
 0001:00001f74       InitializeSListHead        0000000180002f74 f   kernel32:KERNEL32.dll
 0001:00001f7a       IsDebuggerPresent          0000000180002f7a f   kernel32:KERNEL32.dll
 0001:00001f80       GetStartupInfoW            0000000180002f80 f   kernel32:KERNEL32.dll
 0001:00001f86       GetModuleHandleW           0000000180002f86 f   kernel32:KERNEL32.dll
 0001:00001f90       __scrt_stub_for_acrt_initialize 0000000180002f90 f   MSVCRTD:ucrt_stubs.obj
 0001:00001f90       __vcrt_initialize          0000000180002f90 f   MSVCRTD:ucrt_stubs.obj
 0001:00001f90       __acrt_initialize          0000000180002f90 f   MSVCRTD:ucrt_stubs.obj
 0001:00001fa0       __scrt_stub_for_acrt_thread_attach 0000000180002fa0 f   MSVCRTD:ucrt_stubs.obj
 0001:00001fa0       __vcrt_thread_attach       0000000180002fa0 f   MSVCRTD:ucrt_stubs.obj
 0001:00001fa0       __acrt_thread_attach       0000000180002fa0 f   MSVCRTD:ucrt_stubs.obj
 0001:00001fb0       __vcrt_thread_detach       0000000180002fb0 f   MSVCRTD:ucrt_stubs.obj
 0001:00001fb0       __scrt_stub_for_acrt_thread_detach 0000000180002fb0 f   MSVCRTD:ucrt_stubs.obj
 0001:00001fb0       __acrt_thread_detach       0000000180002fb0 f   MSVCRTD:ucrt_stubs.obj
 0001:00001fc0       __scrt_stub_for_acrt_uninitialize 0000000180002fc0 f   MSVCRTD:ucrt_stubs.obj
 0001:00001fc0       __vcrt_uninitialize        0000000180002fc0 f   MSVCRTD:ucrt_stubs.obj
 0001:00001fc0       __acrt_uninitialize        0000000180002fc0 f   MSVCRTD:ucrt_stubs.obj
 0001:00001fd0       __vcrt_uninitialize_critical 0000000180002fd0 f   MSVCRTD:ucrt_stubs.obj
 0001:00001fd0       __scrt_stub_for_acrt_uninitialize_critical 0000000180002fd0 f   MSVCRTD:ucrt_stubs.obj
 0001:00001fd0       __acrt_uninitialize_critical 0000000180002fd0 f   MSVCRTD:ucrt_stubs.obj
 0001:00001fe0       __scrt_stub_for_is_c_termination_complete 0000000180002fe0 f   MSVCRTD:ucrt_stubs.obj
 0001:00001fe0       _is_c_termination_complete 0000000180002fe0 f   MSVCRTD:ucrt_stubs.obj
 0001:00001ff0       DllMain                    0000000180002ff0 f   dllmain.obj
 0001:00002060       ?MaybeThrowWithSEH@Dllx64_CppxdataUsage@@QEAA_NXZ 0000000180003060 f   PEParser.Tests.Dllx64.obj
 0001:000020d0       ?MaybeThrow@Dllx64_CppxdataUsage@@QEAA_NXZ 00000001800030d0 f   PEParser.Tests.Dllx64.obj
 0001:00002140       __GSHandlerCheck_EH        0000000180003140 f   MSVCRTD:gshandlereh.obj
 0001:000021f0       __GSHandlerCheck_SEH       00000001800031f0 f   MSVCRTD:_gshandlerseh_.obj
 0001:000022ae       _CxxThrowException         00000001800032ae f   vcruntimed:VCRUNTIME140D.dll
 0001:000022b4       __CxxFrameHandler3         00000001800032b4 f   vcruntimed:VCRUNTIME140D.dll
 0001:000022d0       _guard_dispatch_icall_nop  00000001800032d0 f   MSVCRTD:_guard_dispatch_.obj
 0002:00000000       __imp_DebugBreak           0000000180004000     kernel32:KERNEL32.dll
 0002:00000008       __imp_RtlLookupFunctionEntry 0000000180004008     kernel32:KERNEL32.dll
 0002:00000010       __imp_RtlCaptureContext    0000000180004010     kernel32:KERNEL32.dll
 0002:00000018       __imp_UnhandledExceptionFilter 0000000180004018     kernel32:KERNEL32.dll
 0002:00000020       __imp_SetUnhandledExceptionFilter 0000000180004020     kernel32:KERNEL32.dll
 0002:00000028       __imp_GetCurrentProcess    0000000180004028     kernel32:KERNEL32.dll
 0002:00000030       __imp_TerminateProcess     0000000180004030     kernel32:KERNEL32.dll
 0002:00000038       __imp_GetModuleHandleW     0000000180004038     kernel32:KERNEL32.dll
 0002:00000040       __imp_GetStartupInfoW      0000000180004040     kernel32:KERNEL32.dll
 0002:00000048       __imp_IsDebuggerPresent    0000000180004048     kernel32:KERNEL32.dll
 0002:00000050       __imp_InitializeSListHead  0000000180004050     kernel32:KERNEL32.dll
 0002:00000058       __imp_GetSystemTimeAsFileTime 0000000180004058     kernel32:KERNEL32.dll
 0002:00000060       __imp_GetCurrentThreadId   0000000180004060     kernel32:KERNEL32.dll
 0002:00000068       __imp_GetCurrentProcessId  0000000180004068     kernel32:KERNEL32.dll
 0002:00000070       __imp_QueryPerformanceCounter 0000000180004070     kernel32:KERNEL32.dll
 0002:00000078       __imp_IsProcessorFeaturePresent 0000000180004078     kernel32:KERNEL32.dll
 0002:00000080       __imp_RtlVirtualUnwind     0000000180004080     kernel32:KERNEL32.dll
 0002:00000088       \177KERNEL32_NULL_THUNK_DATA 0000000180004088     kernel32:KERNEL32.dll
 0002:00000090       __imp___std_type_info_destroy_list 0000000180004090     vcruntimed:VCRUNTIME140D.dll
 0002:00000098       __imp___CxxFrameHandler3   0000000180004098     vcruntimed:VCRUNTIME140D.dll
 0002:000000a0       __imp___C_specific_handler 00000001800040a0     vcruntimed:VCRUNTIME140D.dll
 0002:000000a8       __imp___std_exception_destroy 00000001800040a8     vcruntimed:VCRUNTIME140D.dll
 0002:000000b0       __imp___std_exception_copy 00000001800040b0     vcruntimed:VCRUNTIME140D.dll
 0002:000000b8       __imp__CxxThrowException   00000001800040b8     vcruntimed:VCRUNTIME140D.dll
 0002:000000c0       \177VCRUNTIME140D_NULL_THUNK_DATA 00000001800040c0     vcruntimed:VCRUNTIME140D.dll
 0002:000000c8       __imp__cexit               00000001800040c8     ucrtd:ucrtbased.dll
 0002:000000d0       __imp__crt_at_quick_exit   00000001800040d0     ucrtd:ucrtbased.dll
 0002:000000d8       __imp__crt_atexit          00000001800040d8     ucrtd:ucrtbased.dll
 0002:000000e0       __imp__execute_onexit_table 00000001800040e0     ucrtd:ucrtbased.dll
 0002:000000e8       __imp__register_onexit_function 00000001800040e8     ucrtd:ucrtbased.dll
 0002:000000f0       __imp__initialize_onexit_table 00000001800040f0     ucrtd:ucrtbased.dll
 0002:000000f8       __imp__initialize_narrow_environment 00000001800040f8     ucrtd:ucrtbased.dll
 0002:00000100       __imp__configure_narrow_argv 0000000180004100     ucrtd:ucrtbased.dll
 0002:00000108       __imp__seh_filter_dll      0000000180004108     ucrtd:ucrtbased.dll
 0002:00000110       __imp__free_dbg            0000000180004110     ucrtd:ucrtbased.dll
 0002:00000118       __imp__initterm_e          0000000180004118     ucrtd:ucrtbased.dll
 0002:00000120       __imp__initterm            0000000180004120     ucrtd:ucrtbased.dll
 0002:00000128       __imp__itoa                0000000180004128     ucrtd:ucrtbased.dll
 0002:00000130       __imp_terminate            0000000180004130     ucrtd:ucrtbased.dll
 0002:00000138       \177ucrtbased_NULL_THUNK_DATA 0000000180004138     ucrtd:ucrtbased.dll
 0002:00000140       __guard_check_icall_fptr   0000000180004140     MSVCRTD:guard_support.obj
 0002:00000148       __guard_dispatch_icall_fptr 0000000180004148     MSVCRTD:guard_support.obj
 0002:00000150       __xc_a                     0000000180004150     MSVCRTD:initializers.obj
 0002:00000158       __xc_z                     0000000180004158     MSVCRTD:initializers.obj
 0002:00000160       __xi_a                     0000000180004160     MSVCRTD:initializers.obj
 0002:00000168       __xi_z                     0000000180004168     MSVCRTD:initializers.obj
 0002:00000170       __xp_a                     0000000180004170     MSVCRTD:initializers.obj
 0002:00000178       __xp_z                     0000000180004178     MSVCRTD:initializers.obj
 0002:00000180       __xt_a                     0000000180004180     MSVCRTD:initializers.obj
 0002:00000188       __xt_z                     0000000180004188     MSVCRTD:initializers.obj
 0002:00000198       ??_7type_info@@6B@         0000000180004198     MSVCRTD:std_type_info_static.obj
 0002:000001a0       _pDefaultRawDllMain        00000001800041a0     MSVCRTD:dll_dllmain.obj
 0002:000001a0       _pRawDllMain               00000001800041a0     MSVCRTD:dll_dllmain.obj
 0002:000001c0       ??_7Dllx64_BaseClass@@6B@  00000001800041c0     dllmain.obj
 0002:000001d8       ??_7Dllx64_DerivedClass@@6B@ 00000001800041d8     dllmain.obj
 0002:000001e8       ??_C@_0BC@EOODALEL@Unknown?5exception?$AA@ 00000001800041e8     PEParser.Tests.Dllx64.obj
 0002:00000240       ??_7exception@std@@6B@     0000000180004240     PEParser.Tests.Dllx64.obj
 0002:000002b0       _load_config_used          00000001800042b0     MSVCRTD:loadcfg.obj
 0002:00000348       ??_R4type_info@@6B@        0000000180004348     MSVCRTD:std_type_info_static.obj
 0002:00000370       ??_R3type_info@@8          0000000180004370     MSVCRTD:std_type_info_static.obj
 0002:00000388       ??_R2type_info@@8          0000000180004388     MSVCRTD:std_type_info_static.obj
 0002:00000398       ??_R1A@?0A@EA@type_info@@8 0000000180004398     MSVCRTD:std_type_info_static.obj
 0002:000003c0       ??_R2Dllx64_BaseClass@@8   00000001800043c0     dllmain.obj
 0002:000003d0       ??_R2Dllx64_DerivedClass@@8 00000001800043d0     dllmain.obj
 0002:000003e8       ??_R3Dllx64_BaseClass@@8   00000001800043e8     dllmain.obj
 0002:00000400       ??_R4Dllx64_DerivedClass@@6B@ 0000000180004400     dllmain.obj
 0002:00000428       ??_R1A@?0A@EA@Dllx64_DerivedClass@@8 0000000180004428     dllmain.obj
 0002:00000450       ??_R1A@?0A@EA@Dllx64_BaseClass@@8 0000000180004450     dllmain.obj
 0002:00000478       ??_R3Dllx64_DerivedClass@@8 0000000180004478     dllmain.obj
 0002:00000490       ??_R4Dllx64_BaseClass@@6B@ 0000000180004490     dllmain.obj
 0002:000004b8       ??_R1A@?0A@EN@Dllx64_BaseClass@@8 00000001800044b8     dllmain.obj
 0002:000004e0       ??_R2exception@std@@8      00000001800044e0     PEParser.Tests.Dllx64.obj
 0002:000004f0       ??_R1A@?0A@EA@exception@std@@8 00000001800044f0     PEParser.Tests.Dllx64.obj
 0002:00000518       ??_R3exception@std@@8      0000000180004518     PEParser.Tests.Dllx64.obj
 0002:00000530       ??_R4exception@std@@6B@    0000000180004530     PEParser.Tests.Dllx64.obj
 0002:00000858       __rtc_iaa                  0000000180004858     MSVCRTD:_initsect_.obj
 0002:00000860       __rtc_izz                  0000000180004860     MSVCRTD:_initsect_.obj
 0002:00000868       __rtc_taa                  0000000180004868     MSVCRTD:_initsect_.obj
 0002:00000870       __rtc_tzz                  0000000180004870     MSVCRTD:_initsect_.obj
 0002:00000c50       _CTA1?AVexception@std@@    0000000180004c50     PEParser.Tests.Dllx64.obj
 0002:00000c60       _CT??_R0?AVexception@std@@@8??0exception@std@@QEAA@AEBV01@@Z24 0000000180004c60     PEParser.Tests.Dllx64.obj
 0002:00000c88       _TI1?AVexception@std@@     0000000180004c88     PEParser.Tests.Dllx64.obj
 0002:00000ca4       __IMPORT_DESCRIPTOR_KERNEL32 0000000180004ca4     kernel32:KERNEL32.dll
 0002:00000cb8       __IMPORT_DESCRIPTOR_VCRUNTIME140D 0000000180004cb8     vcruntimed:VCRUNTIME140D.dll
 0002:00000ccc       __IMPORT_DESCRIPTOR_ucrtbased 0000000180004ccc     ucrtd:ucrtbased.dll
 0002:00000ce0       __NULL_IMPORT_DESCRIPTOR   0000000180004ce0     kernel32:KERNEL32.dll
 0003:00000000       __security_cookie          0000000180006000     MSVCRTD:gs_cookie.obj
 0003:00000008       __security_cookie_complement 0000000180006008     MSVCRTD:gs_cookie.obj
 0003:00000010       __scrt_native_dllmain_reason 0000000180006010     MSVCRTD:utility.obj
 0003:00000018       __isa_available            0000000180006018     MSVCRTD:_cpu_disp_.obj
 0003:0000001c       __isa_enabled              000000018000601c     MSVCRTD:_cpu_disp_.obj
 0003:00000020       __memcpy_nt_iters          0000000180006020     MSVCRTD:_cpu_disp_.obj
 0003:00000030       __scrt_ucrt_dll_is_in_use  0000000180006030     MSVCRTD:ucrt_stubs.obj
 0003:00000038       ??_R0?AVtype_info@@@8      0000000180006038     MSVCRTD:std_type_info_static.obj
 0003:00000058       ??_R0?AVDllx64_DerivedClass@@@8 0000000180006058     dllmain.obj
 0003:00000088       ??_R0?AVDllx64_BaseClass@@@8 0000000180006088     dllmain.obj
 0003:000000b0       ??_R0?AVexception@std@@@8  00000001800060b0     PEParser.Tests.Dllx64.obj
 0003:00000660       __scrt_current_native_startup_state 0000000180006660     MSVCRTD:utility.obj
 0003:00000668       __scrt_native_startup_lock 0000000180006668     MSVCRTD:utility.obj
 0003:000006b0       ?__type_info_root_node@@3U__type_info_node@@A 00000001800066b0     MSVCRTD:tncleanup.obj
 0003:000006c0       ?_OptionsStorage@?1??__local_stdio_printf_options@@9@4_KA 00000001800066c0     MSVCRTD:default_local_stdio_options.obj
 0003:000006c8       ?_OptionsStorage@?1??__local_stdio_scanf_options@@9@4_KA 00000001800066c8     MSVCRTD:default_local_stdio_options.obj
 0003:000006d0       __scrt_debugger_hook_flag  00000001800066d0     MSVCRTD:utility_desktop.obj
 0003:000006d4       __favor                    00000001800066d4     MSVCRTD:_cpu_disp_.obj
 0003:000006d8       __@@_PchSym_@00@UfhvihUzfhgrUhlfixvUivklhUhravyvmxsRmvgxlivUgvhgkvkilqvxghUkvkzihviOgvhghOwoocGEUgvhgkvhUhgwzucOlyq@F53DC9E8101BE62A 00000001800066d8     stdafx.obj
 0003:000006e0       __dyn_tls_init_callback    00000001800066e0     <common>

 entry point at        0001:00000760

 Static symbols

 0000:fff12000       .debug$S                   0000000180000000     kernel32:KERNEL32.dll
 0000:fff12000       .debug$S                   0000000180000000     ucrtd:ucrtbased.dll
 0000:fff12000       .debug$S                   0000000180000000     ucrtd:ucrtbased.dll
 0000:fff12000       .debug$S                   0000000180000000     kernel32:KERNEL32.dll
 0000:fff12000       .debug$S                   0000000180000000     ucrtd:ucrtbased.dll
 0000:fff12000       .debug$S                   0000000180000000     kernel32:KERNEL32.dll
 0000:fff12000       .debug$S                   0000000180000000     ucrtd:ucrtbased.dll
 0000:fff12000       .debug$S                   0000000180000000     kernel32:KERNEL32.dll
 0000:fff12000       .debug$S                   0000000180000000     kernel32:KERNEL32.dll
 0000:fff12000       .debug$S                   0000000180000000     kernel32:KERNEL32.dll
 0000:fff12000       .debug$S                   0000000180000000     kernel32:KERNEL32.dll
 0000:fff12000       .debug$S                   0000000180000000     ucrtd:ucrtbased.dll
 0000:fff12000       .debug$S                   0000000180000000     ucrtd:ucrtbased.dll
 0000:fff12000       .debug$S                   0000000180000000     ucrtd:ucrtbased.dll
 0000:fff12000       .debug$S                   0000000180000000     ucrtd:ucrtbased.dll
 0000:fff12000       .debug$S                   0000000180000000     ucrtd:ucrtbased.dll
 0000:fff12000       .debug$S                   0000000180000000     ucrtd:ucrtbased.dll
 0000:fff12000       .debug$S                   0000000180000000     ucrtd:ucrtbased.dll
 0000:fff12000       .debug$S                   0000000180000000     ucrtd:ucrtbased.dll
 0000:fff12000       .debug$S                   0000000180000000     kernel32:KERNEL32.dll
 0000:fff12000       .debug$S                   0000000180000000     ucrtd:ucrtbased.dll
 0000:fff12000       .debug$S                   0000000180000000     ucrtd:ucrtbased.dll
 0000:fff12000       .debug$S                   0000000180000000     vcruntimed:VCRUNTIME140D.dll
 0000:fff12000       .debug$S                   0000000180000000     vcruntimed:VCRUNTIME140D.dll
 0000:fff12000       .debug$S                   0000000180000000     vcruntimed:VCRUNTIME140D.dll
 0000:fff12000       .debug$S                   0000000180000000     vcruntimed:VCRUNTIME140D.dll
 0000:fff12000       .debug$S                   0000000180000000     kernel32:KERNEL32.dll
 0000:fff12000       .debug$S                   0000000180000000     vcruntimed:VCRUNTIME140D.dll
 0000:fff12000       .debug$S                   0000000180000000     kernel32:KERNEL32.dll
 0000:fff12000       .debug$S                   0000000180000000     vcruntimed:VCRUNTIME140D.dll
 0000:fff12000       .debug$S                   0000000180000000     kernel32:KERNEL32.dll
 0000:fff12000       .debug$S                   0000000180000000     kernel32:KERNEL32.dll
 0000:fff12000       .debug$S                   0000000180000000     kernel32:KERNEL32.dll
 0000:fff12000       .debug$S                   0000000180000000     kernel32:KERNEL32.dll
 0000:fff12000       .debug$S                   0000000180000000     kernel32:KERNEL32.dll
 0000:fff12000       .debug$S                   0000000180000000     kernel32:KERNEL32.dll
 0000:fff12000       .debug$S                   0000000180000000     kernel32:KERNEL32.dll
 0001:00000280       $$000000                   0000000180001280     MSVCRTD:_amdsecgs_.obj
 0001:00000340       ?dllmain_crt_dispatch@@YAHQEAUHINSTANCE__@@KQEAX@Z 0000000180001340 f   MSVCRTD:dll_dllmain.obj
 0001:000003d0       ?dllmain_crt_process_attach@@YAHQEAUHINSTANCE__@@QEAX@Z 00000001800013d0 f   MSVCRTD:dll_dllmain.obj
 0001:00000520       ?dllmain_crt_process_detach@@YAH_N@Z 0000000180001520 f   MSVCRTD:dll_dllmain.obj
 0001:000005a0       ?dllmain_dispatch@@YAHQEAUHINSTANCE__@@KQEAX@Z 00000001800015a0 f   MSVCRTD:dll_dllmain.obj
 0001:000006e0       ?dllmain_raw@@YAHQEAUHINSTANCE__@@KQEAX@Z 00000001800016e0 f   MSVCRTD:dll_dllmain.obj
 0001:00000a90       capture_current_context    0000000180001a90 f   MSVCRTD:gs_report.obj
 0001:00000b30       capture_previous_context   0000000180001b30 f   MSVCRTD:gs_report.obj
 0001:00000cd0       ?find_pe_section@@YAPEAU_IMAGE_SECTION_HEADER@@QEAE_K@Z 0000000180001cd0 f   MSVCRTD:utility.obj
 0001:00000da0       ?is_potentially_valid_image_base@@YA_NQEAX@Z 0000000180001da0 f   MSVCRTD:utility.obj
 0001:000022c0       $$000000                   00000001800032c0     MSVCRTD:_guard_dispatch_.obj
 0001:000022e0       ?fin$0@?0??dllmain_crt_process_attach@@YAHQEAUHINSTANCE__@@QEAX@Z@4HA 00000001800032e0 f   MSVCRTD:dll_dllmain.obj
 0001:00002300       ?fin$0@?0??dllmain_crt_process_detach@@YAH_N@Z@4HA 0000000180003300 f   MSVCRTD:dll_dllmain.obj
 0001:00002320       ?filt$0@?0??dllmain_dispatch@@YAHQEAUHINSTANCE__@@KQEAX@Z@4HA 0000000180003320 f   MSVCRTD:dll_dllmain.obj
 0001:00002370       __scrt_is_nonwritable_in_current_image$filt$0 0000000180003370 f   MSVCRTD:utility.obj
 0001:000023b0       ?fin$0@?0??MaybeThrowWithSEH@Dllx64_CppxdataUsage@@QEAA_NXZ@4HA 00000001800033b0 f   PEParser.Tests.Dllx64.obj
 0001:000023c7       ?filt$1@?0??MaybeThrowWithSEH@Dllx64_CppxdataUsage@@QEAA_NXZ@4HA 00000001800033c7 f   PEParser.Tests.Dllx64.obj
 0001:00002404       ?catch$1@?0??MaybeThrow@Dllx64_CppxdataUsage@@QEAA_NXZ@4HA 0000000180003404 f   PEParser.Tests.Dllx64.obj
 0001:00002411       __catch$?MaybeThrow@Dllx64_CppxdataUsage@@QEAA_NXZ$0 0000000180003411 f   PEParser.Tests.Dllx64.obj
 0002:000001a8       GS_ExceptionPointers       00000001800041a8     MSVCRTD:gs_report.obj
 0002:00000200       $SG4294966998              0000000180004200     PEParser.Tests.Dllx64.obj
 0002:00000210       $cppxdata$?MaybeThrow@Dllx64_CppxdataUsage@@QEAA_NXZ 0000000180004210     PEParser.Tests.Dllx64.obj
 0002:00000878       $unwind$??0Dllx64_DerivedClass@@QEAA@HH@Z 0000000180004878     dllmain.obj
 0002:00000880       $unwind$?AVirtualFunction@Dllx64_DerivedClass@@UEAAHXZ 0000000180004880     dllmain.obj
 0002:00000888       $unwind$??0exception@std@@QEAA@QEBD@Z 0000000180004888     PEParser.Tests.Dllx64.obj
 0002:00000898       $unwind$??0exception@std@@QEAA@AEBV01@@Z 0000000180004898     PEParser.Tests.Dllx64.obj
 0002:000008a0       $unwind$??1exception@std@@UEAA@XZ 00000001800048a0     PEParser.Tests.Dllx64.obj
 0002:000008a8       $unwind$?what@exception@std@@UEBAPEBDXZ 00000001800048a8     PEParser.Tests.Dllx64.obj
 0002:000008b0       $unwind$??_Gexception@std@@UEAAPEAXI@Z 00000001800048b0     PEParser.Tests.Dllx64.obj
 0002:000008b8       $xdatasym                  00000001800048b8     MSVCRTD:_amdsecgs_.obj
 0002:000008bc       $unwind$??_Gtype_info@@UEAAPEAXI@Z 00000001800048bc     MSVCRTD:std_type_info_static.obj
 0002:000008c4       $unwind$??3@YAXPEAX_K@Z    00000001800048c4     MSVCRTD:delete_scalar_size.obj
 0002:000008cc       $unwind$?dllmain_crt_process_attach@@YAHQEAUHINSTANCE__@@QEAX@Z 00000001800048cc     MSVCRTD:dll_dllmain.obj
 0002:000008ec       $unwind$?fin$0@?0??dllmain_crt_process_attach@@YAHQEAUHINSTANCE__@@QEAX@Z@4HA 00000001800048ec     MSVCRTD:dll_dllmain.obj
 0002:000008f4       $unwind$?dllmain_crt_process_detach@@YAH_N@Z 00000001800048f4     MSVCRTD:dll_dllmain.obj
 0002:00000914       $unwind$?fin$0@?0??dllmain_crt_process_detach@@YAH_N@Z@4HA 0000000180004914     MSVCRTD:dll_dllmain.obj
 0002:0000091c       $unwind$?dllmain_crt_dispatch@@YAHQEAUHINSTANCE__@@KQEAX@Z 000000018000491c     MSVCRTD:dll_dllmain.obj
 0002:00000924       $unwind$_CRT_INIT          0000000180004924     MSVCRTD:dll_dllmain.obj
 0002:0000092c       $unwind$?dllmain_raw@@YAHQEAUHINSTANCE__@@KQEAX@Z 000000018000492c     MSVCRTD:dll_dllmain.obj
 0002:00000934       $unwind$?dllmain_dispatch@@YAHQEAUHINSTANCE__@@KQEAX@Z 0000000180004934     MSVCRTD:dll_dllmain.obj
 0002:00000954       $unwind$?filt$0@?0??dllmain_dispatch@@YAHQEAUHINSTANCE__@@KQEAX@Z@4HA 0000000180004954     MSVCRTD:dll_dllmain.obj
 0002:0000095c       $unwind$_DllMainCRTStartup 000000018000495c     MSVCRTD:dll_dllmain.obj
 0002:00000964       $unwind$__report_securityfailure 0000000180004964     MSVCRTD:gs_report.obj
 0002:0000096c       $unwind$__report_securityfailureEx 000000018000496c     MSVCRTD:gs_report.obj
 0002:00000974       $unwind$__report_rangecheckfailure 0000000180004974     MSVCRTD:gs_report.obj
 0002:0000097c       $unwind$__report_gsfailure 000000018000497c     MSVCRTD:gs_report.obj
 0002:00000984       $unwind$capture_current_context 0000000180004984     MSVCRTD:gs_report.obj
 0002:0000098c       $unwind$capture_previous_context 000000018000498c     MSVCRTD:gs_report.obj
 0002:00000994       $unwind$__raise_securityfailure 0000000180004994     MSVCRTD:gs_report.obj
 0002:0000099c       $unwind$??3@YAXPEAX@Z      000000018000499c     MSVCRTD:delete_scalar.obj
 0002:000009a4       $unwind$atexit             00000001800049a4     MSVCRTD:utility.obj
 0002:000009ac       $unwind$_onexit            00000001800049ac     MSVCRTD:utility.obj
 0002:000009b4       $unwind$at_quick_exit      00000001800049b4     MSVCRTD:utility.obj
 0002:000009bc       $unwind$__scrt_is_nonwritable_in_current_image 00000001800049bc     MSVCRTD:utility.obj
 0002:000009dc       $unwind$__scrt_is_nonwritable_in_current_image$filt$0 00000001800049dc     MSVCRTD:utility.obj
 0002:000009e4       $unwind$__scrt_acquire_startup_lock 00000001800049e4     MSVCRTD:utility.obj
 0002:000009ec       $unwind$__scrt_release_startup_lock 00000001800049ec     MSVCRTD:utility.obj
 0002:000009f4       $unwind$__scrt_initialize_crt 00000001800049f4     MSVCRTD:utility.obj
 0002:000009fc       $unwind$__scrt_uninitialize_crt 00000001800049fc     MSVCRTD:utility.obj
 0002:00000a04       $unwind$__scrt_initialize_onexit_tables 0000000180004a04     MSVCRTD:utility.obj
 0002:00000a10       $unwind$__scrt_dllmain_exception_filter 0000000180004a10     MSVCRTD:utility.obj
 0002:00000a18       $unwind$__scrt_dllmain_before_initialize_c 0000000180004a18     MSVCRTD:utility.obj
 0002:00000a20       $unwind$__scrt_dllmain_after_initialize_c 0000000180004a20     MSVCRTD:utility.obj
 0002:00000a28       $unwind$__scrt_dllmain_uninitialize_c 0000000180004a28     MSVCRTD:utility.obj
 0002:00000a30       $unwind$__scrt_dllmain_uninitialize_critical 0000000180004a30     MSVCRTD:utility.obj
 0002:00000a38       $unwind$__scrt_dllmain_crt_thread_attach 0000000180004a38     MSVCRTD:utility.obj
 0002:00000a40       $unwind$__scrt_dllmain_crt_thread_detach 0000000180004a40     MSVCRTD:utility.obj
 0002:00000a48       $unwind$?configure_argv@__scrt_narrow_argv_policy@@SAHXZ 0000000180004a48     MSVCRTD:utility.obj
 0002:00000a50       $unwind$?is_potentially_valid_image_base@@YA_NQEAX@Z 0000000180004a50     MSVCRTD:utility.obj
 0002:00000a58       $unwind$?find_pe_section@@YAPEAU_IMAGE_SECTION_HEADER@@QEAE_K@Z 0000000180004a58     MSVCRTD:utility.obj
 0002:00000a60       $unwind$??$__crt_fast_decode_pointer@PEAP6AXXZ@@YAPEAP6AXXZQEAP6AXXZ@Z 0000000180004a60     MSVCRTD:utility.obj
 0002:00000a68       $unwind$??$__crt_fast_encode_pointer@PEAP6AXXZ@@YAPEAP6AXXZQEAP6AXXZ@Z 0000000180004a68     MSVCRTD:utility.obj
 0002:00000a70       $unwind$__security_init_cookie 0000000180004a70     MSVCRTD:gs_support.obj
 0002:00000a78       $unwind$?__scrt_initialize_type_info@@YAXXZ 0000000180004a78     MSVCRTD:tncleanup.obj
 0002:00000a80       $unwind$?__scrt_uninitialize_type_info@@YAXXZ 0000000180004a80     MSVCRTD:tncleanup.obj
 0002:00000a88       $unwind$__scrt_initialize_default_local_stdio_options 0000000180004a88     MSVCRTD:default_local_stdio_options.obj
 0002:00000a90       $unwind$__scrt_get_show_window_mode 0000000180004a90     MSVCRTD:utility_desktop.obj
 0002:00000a9c       $unwind$__scrt_is_managed_app 0000000180004a9c     MSVCRTD:utility_desktop.obj
 0002:00000aa4       $unwind$__scrt_set_unhandled_exception_filter 0000000180004aa4     MSVCRTD:utility_desktop.obj
 0002:00000aac       $unwind$__scrt_fastfail    0000000180004aac     MSVCRTD:utility_desktop.obj
 0002:00000ab8       $unwind$__scrt_unhandled_exception_filter 0000000180004ab8     MSVCRTD:utility_desktop.obj
 0002:00000ac0       $unwind$_RTC_Initialize    0000000180004ac0     MSVCRTD:_initsect_.obj
 0002:00000acc       $chain$0$_RTC_Initialize   0000000180004acc     MSVCRTD:_initsect_.obj
 0002:00000ae0       $chain$1$_RTC_Initialize   0000000180004ae0     MSVCRTD:_initsect_.obj
 0002:00000af0       $unwind$_RTC_Terminate     0000000180004af0     MSVCRTD:_initsect_.obj
 0002:00000afc       $chain$0$_RTC_Terminate    0000000180004afc     MSVCRTD:_initsect_.obj
 0002:00000b10       $chain$1$_RTC_Terminate    0000000180004b10     MSVCRTD:_initsect_.obj
 0002:00000b20       $unwind$_guard_check_icall 0000000180004b20     MSVCRTD:checkcfg.obj
 0002:00000b28       $unwind$__isa_available_init 0000000180004b28     MSVCRTD:_cpu_disp_.obj
 0002:00000b38       $unwind$__scrt_is_ucrt_dll_in_use 0000000180004b38     MSVCRTD:ucrt_detection.obj
 0002:00000b40       $unwind$_guard_icall_checks_enforced 0000000180004b40     MSVCRTD:guard_support.obj
 0002:00000b48       $unwind$__GSHandlerCheckCommon 0000000180004b48     MSVCRTD:_gshandler_.obj
 0002:00000b50       $unwind$__GSHandlerCheck   0000000180004b50     MSVCRTD:_gshandler_.obj
 0002:00000b58       $xdatasym                  0000000180004b58     MSVCRTD:_guard_dispatch_.obj
 0002:00000b5c       $unwind$DllMain            0000000180004b5c     dllmain.obj
 0002:00000b6c       $unwind$?MaybeThrowWithSEH@Dllx64_CppxdataUsage@@QEAA_NXZ 0000000180004b6c     PEParser.Tests.Dllx64.obj
 0002:00000ba0       $unwind$?fin$0@?0??MaybeThrowWithSEH@Dllx64_CppxdataUsage@@QEAA_NXZ@4HA 0000000180004ba0     PEParser.Tests.Dllx64.obj
 0002:00000ba8       $unwind$?filt$1@?0??MaybeThrowWithSEH@Dllx64_CppxdataUsage@@QEAA_NXZ@4HA 0000000180004ba8     PEParser.Tests.Dllx64.obj
 0002:00000bb0       $unwind$?MaybeThrow@Dllx64_CppxdataUsage@@QEAA_NXZ 0000000180004bb0     PEParser.Tests.Dllx64.obj
 0002:00000bc4       $stateUnwindMap$?MaybeThrow@Dllx64_CppxdataUsage@@QEAA_NXZ 0000000180004bc4     PEParser.Tests.Dllx64.obj
 0002:00000bd4       $tryMap$?MaybeThrow@Dllx64_CppxdataUsage@@QEAA_NXZ 0000000180004bd4     PEParser.Tests.Dllx64.obj
 0002:00000be8       $handlerMap$0$?MaybeThrow@Dllx64_CppxdataUsage@@QEAA_NXZ 0000000180004be8     PEParser.Tests.Dllx64.obj
 0002:00000bfc       $ip2state$?MaybeThrow@Dllx64_CppxdataUsage@@QEAA_NXZ 0000000180004bfc     PEParser.Tests.Dllx64.obj
 0002:00000c2c       $unwind$?catch$1@?0??MaybeThrow@Dllx64_CppxdataUsage@@QEAA_NXZ@4HA 0000000180004c2c     PEParser.Tests.Dllx64.obj
 0002:00000c3c       $unwind$__GSHandlerCheck_EH 0000000180004c3c     MSVCRTD:gshandlereh.obj
 0002:00000c44       $unwind$__GSHandlerCheck_SEH 0000000180004c44     MSVCRTD:_gshandlerseh_.obj
 0002:00000e46       .idata$6                   0000000180004e46     kernel32:KERNEL32.dll
 0002:00000ebe       .idata$6                   0000000180004ebe     vcruntimed:VCRUNTIME140D.dll
 0002:00000fd6       .idata$6                   0000000180004fd6     ucrtd:ucrtbased.dll
 0003:000000e0       ?__proc_attached@@3HA      00000001800060e0     MSVCRTD:dll_dllmain.obj
 0003:000000f0       GS_ExceptionRecord         00000001800060f0     MSVCRTD:gs_report.obj
 0003:00000190       GS_ContextRecord           0000000180006190     MSVCRTD:gs_report.obj
 0003:00000670       ?module_local_atexit_table@@3U_onexit_table_t@@A 0000000180006670     MSVCRTD:utility.obj
 0003:00000688       ?module_local_at_quick_exit_table@@3U_onexit_table_t@@A 0000000180006688     MSVCRTD:utility.obj
 0003:000006a0       ?is_initialized_as_dll@@3_NA 00000001800066a0     MSVCRTD:utility.obj
 0004:00000000       $pdata$??0Dllx64_DerivedClass@@QEAA@HH@Z 0000000180007000     dllmain.obj
 0004:0000000c       $pdata$?AVirtualFunction@Dllx64_DerivedClass@@UEAAHXZ 000000018000700c     dllmain.obj
 0004:00000018       $pdata$??0exception@std@@QEAA@QEBD@Z 0000000180007018     PEParser.Tests.Dllx64.obj
 0004:00000024       $pdata$??0exception@std@@QEAA@AEBV01@@Z 0000000180007024     PEParser.Tests.Dllx64.obj
 0004:00000030       $pdata$??1exception@std@@UEAA@XZ 0000000180007030     PEParser.Tests.Dllx64.obj
 0004:0000003c       $pdata$?what@exception@std@@UEBAPEBDXZ 000000018000703c     PEParser.Tests.Dllx64.obj
 0004:00000048       $pdata$??_Gexception@std@@UEAAPEAXI@Z 0000000180007048     PEParser.Tests.Dllx64.obj
 0004:00000060       $pdata$??_Gtype_info@@UEAAPEAXI@Z 0000000180007060     MSVCRTD:std_type_info_static.obj
 0004:0000006c       $pdata$??3@YAXPEAX_K@Z     000000018000706c     MSVCRTD:delete_scalar_size.obj
 0004:00000078       $pdata$?dllmain_crt_dispatch@@YAHQEAUHINSTANCE__@@KQEAX@Z 0000000180007078     MSVCRTD:dll_dllmain.obj
 0004:00000084       $pdata$?dllmain_crt_process_attach@@YAHQEAUHINSTANCE__@@QEAX@Z 0000000180007084     MSVCRTD:dll_dllmain.obj
 0004:00000090       $pdata$?dllmain_crt_process_detach@@YAH_N@Z 0000000180007090     MSVCRTD:dll_dllmain.obj
 0004:0000009c       $pdata$?dllmain_dispatch@@YAHQEAUHINSTANCE__@@KQEAX@Z 000000018000709c     MSVCRTD:dll_dllmain.obj
 0004:000000a8       $pdata$?dllmain_raw@@YAHQEAUHINSTANCE__@@KQEAX@Z 00000001800070a8     MSVCRTD:dll_dllmain.obj
 0004:000000b4       $pdata$_CRT_INIT           00000001800070b4     MSVCRTD:dll_dllmain.obj
 0004:000000c0       $pdata$_DllMainCRTStartup  00000001800070c0     MSVCRTD:dll_dllmain.obj
 0004:000000cc       $pdata$__raise_securityfailure 00000001800070cc     MSVCRTD:gs_report.obj
 0004:000000d8       $pdata$__report_gsfailure  00000001800070d8     MSVCRTD:gs_report.obj
 0004:000000e4       $pdata$__report_rangecheckfailure 00000001800070e4     MSVCRTD:gs_report.obj
 0004:000000f0       $pdata$__report_securityfailure 00000001800070f0     MSVCRTD:gs_report.obj
 0004:000000fc       $pdata$__report_securityfailureEx 00000001800070fc     MSVCRTD:gs_report.obj
 0004:00000108       $pdata$capture_current_context 0000000180007108     MSVCRTD:gs_report.obj
 0004:00000114       $pdata$capture_previous_context 0000000180007114     MSVCRTD:gs_report.obj
 0004:00000120       $pdata$??3@YAXPEAX@Z       0000000180007120     MSVCRTD:delete_scalar.obj
 0004:0000012c       $pdata$??$__crt_fast_decode_pointer@PEAP6AXXZ@@YAPEAP6AXXZQEAP6AXXZ@Z 000000018000712c     MSVCRTD:utility.obj
 0004:00000138       $pdata$??$__crt_fast_encode_pointer@PEAP6AXXZ@@YAPEAP6AXXZQEAP6AXXZ@Z 0000000180007138     MSVCRTD:utility.obj
 0004:00000144       $pdata$?configure_argv@__scrt_narrow_argv_policy@@SAHXZ 0000000180007144     MSVCRTD:utility.obj
 0004:00000150       $pdata$?find_pe_section@@YAPEAU_IMAGE_SECTION_HEADER@@QEAE_K@Z 0000000180007150     MSVCRTD:utility.obj
 0004:0000015c       $pdata$?is_potentially_valid_image_base@@YA_NQEAX@Z 000000018000715c     MSVCRTD:utility.obj
 0004:00000168       $pdata$__scrt_acquire_startup_lock 0000000180007168     MSVCRTD:utility.obj
 0004:00000174       $pdata$__scrt_dllmain_after_initialize_c 0000000180007174     MSVCRTD:utility.obj
 0004:00000180       $pdata$__scrt_dllmain_before_initialize_c 0000000180007180     MSVCRTD:utility.obj
 0004:0000018c       $pdata$__scrt_dllmain_crt_thread_attach 000000018000718c     MSVCRTD:utility.obj
 0004:00000198       $pdata$__scrt_dllmain_crt_thread_detach 0000000180007198     MSVCRTD:utility.obj
 0004:000001a4       $pdata$__scrt_dllmain_exception_filter 00000001800071a4     MSVCRTD:utility.obj
 0004:000001b0       $pdata$__scrt_dllmain_uninitialize_c 00000001800071b0     MSVCRTD:utility.obj
 0004:000001bc       $pdata$__scrt_dllmain_uninitialize_critical 00000001800071bc     MSVCRTD:utility.obj
 0004:000001c8       $pdata$__scrt_initialize_crt 00000001800071c8     MSVCRTD:utility.obj
 0004:000001d4       $pdata$__scrt_initialize_onexit_tables 00000001800071d4     MSVCRTD:utility.obj
 0004:000001e0       $pdata$__scrt_is_nonwritable_in_current_image 00000001800071e0     MSVCRTD:utility.obj
 0004:000001ec       $pdata$__scrt_release_startup_lock 00000001800071ec     MSVCRTD:utility.obj
 0004:000001f8       $pdata$__scrt_uninitialize_crt 00000001800071f8     MSVCRTD:utility.obj
 0004:00000204       $pdata$_onexit             0000000180007204     MSVCRTD:utility.obj
 0004:00000210       $pdata$at_quick_exit       0000000180007210     MSVCRTD:utility.obj
 0004:0000021c       $pdata$atexit              000000018000721c     MSVCRTD:utility.obj
 0004:00000228       $pdata$__security_init_cookie 0000000180007228     MSVCRTD:gs_support.obj
 0004:00000234       $pdata$?__scrt_initialize_type_info@@YAXXZ 0000000180007234     MSVCRTD:tncleanup.obj
 0004:00000240       $pdata$?__scrt_uninitialize_type_info@@YAXXZ 0000000180007240     MSVCRTD:tncleanup.obj
 0004:0000024c       $pdata$__scrt_initialize_default_local_stdio_options 000000018000724c     MSVCRTD:default_local_stdio_options.obj
 0004:00000258       $pdata$__scrt_fastfail     0000000180007258     MSVCRTD:utility_desktop.obj
 0004:00000264       $pdata$__scrt_get_show_window_mode 0000000180007264     MSVCRTD:utility_desktop.obj
 0004:00000270       $pdata$__scrt_is_managed_app 0000000180007270     MSVCRTD:utility_desktop.obj
 0004:0000027c       $pdata$__scrt_set_unhandled_exception_filter 000000018000727c     MSVCRTD:utility_desktop.obj
 0004:00000288       $pdata$__scrt_unhandled_exception_filter 0000000180007288     MSVCRTD:utility_desktop.obj
 0004:00000294       $pdata$_RTC_Initialize     0000000180007294     MSVCRTD:_initsect_.obj
 0004:000002a0       $pdata$0$_RTC_Initialize   00000001800072a0     MSVCRTD:_initsect_.obj
 0004:000002ac       $pdata$1$_RTC_Initialize   00000001800072ac     MSVCRTD:_initsect_.obj
 0004:000002b8       $pdata$_RTC_Terminate      00000001800072b8     MSVCRTD:_initsect_.obj
 0004:000002c4       $pdata$0$_RTC_Terminate    00000001800072c4     MSVCRTD:_initsect_.obj
 0004:000002d0       $pdata$1$_RTC_Terminate    00000001800072d0     MSVCRTD:_initsect_.obj
 0004:000002dc       $pdata$_guard_check_icall  00000001800072dc     MSVCRTD:checkcfg.obj
 0004:000002e8       $pdata$__isa_available_init 00000001800072e8     MSVCRTD:_cpu_disp_.obj
 0004:000002f4       $pdata$__scrt_is_ucrt_dll_in_use 00000001800072f4     MSVCRTD:ucrt_detection.obj
 0004:00000300       $pdata$_guard_icall_checks_enforced 0000000180007300     MSVCRTD:guard_support.obj
 0004:0000030c       $pdata$__GSHandlerCheck    000000018000730c     MSVCRTD:_gshandler_.obj
 0004:00000318       $pdata$__GSHandlerCheckCommon 0000000180007318     MSVCRTD:_gshandler_.obj
 0004:00000324       $pdata$DllMain             0000000180007324     dllmain.obj
 0004:00000330       $pdata$?MaybeThrowWithSEH@Dllx64_CppxdataUsage@@QEAA_NXZ 0000000180007330     PEParser.Tests.Dllx64.obj
 0004:0000033c       $pdata$?MaybeThrow@Dllx64_CppxdataUsage@@QEAA_NXZ 000000018000733c     PEParser.Tests.Dllx64.obj
 0004:00000348       $pdata$__GSHandlerCheck_EH 0000000180007348     MSVCRTD:gshandlereh.obj
 0004:00000354       $pdata$__GSHandlerCheck_SEH 0000000180007354     MSVCRTD:_gshandlerseh_.obj
 0004:0000036c       $pdata$?fin$0@?0??dllmain_crt_process_attach@@YAHQEAUHINSTANCE__@@QEAX@Z@4HA 000000018000736c     MSVCRTD:dll_dllmain.obj
 0004:00000378       $pdata$?fin$0@?0??dllmain_crt_process_detach@@YAH_N@Z@4HA 0000000180007378     MSVCRTD:dll_dllmain.obj
 0004:00000384       $pdata$?filt$0@?0??dllmain_dispatch@@YAHQEAUHINSTANCE__@@KQEAX@Z@4HA 0000000180007384     MSVCRTD:dll_dllmain.obj
 0004:00000390       $pdata$__scrt_is_nonwritable_in_current_image$filt$0 0000000180007390     MSVCRTD:utility.obj
 0004:0000039c       $pdata$?fin$0@?0??MaybeThrowWithSEH@Dllx64_CppxdataUsage@@QEAA_NXZ@4HA 000000018000739c     PEParser.Tests.Dllx64.obj
 0004:000003a8       $pdata$?filt$1@?0??MaybeThrowWithSEH@Dllx64_CppxdataUsage@@QEAA_NXZ@4HA 00000001800073a8     PEParser.Tests.Dllx64.obj
 0004:000003b4       $pdata$?catch$1@?0??MaybeThrow@Dllx64_CppxdataUsage@@QEAA_NXZ@4HA 00000001800073b4     PEParser.Tests.Dllx64.obj
 0005:00000000       __guard_fids__             0000000180008000     MSVCRTD:std_type_info_static.obj
 0005:00000004       __guard_fids_?dllmain_crt_process_attach@@YAHQEAUHINSTANCE__@@QEAX@Z 0000000180008004     MSVCRTD:dll_dllmain.obj
 0005:0000000c       __guard_fids_?dllmain_dispatch@@YAHQEAUHINSTANCE__@@KQEAX@Z 000000018000800c     MSVCRTD:dll_dllmain.obj
 0005:00000010       __guard_fids___scrt_set_unhandled_exception_filter 0000000180008010     MSVCRTD:utility_desktop.obj
 0005:00000014       __guard_fids__             0000000180008014     MSVCRTD:guard_support.obj
 0005:00000018       __guard_fids__guard_icall_checks_enforced 0000000180008018     MSVCRTD:guard_support.obj
 0006:00000700       $R000000                   0000000180009700     Morex64Resources2.res
 0006:00000be8       $R0004E8                   0000000180009be8     Morex64Resources2.res
 0006:000010d0       $R0009D0                   000000018000a0d0     Morex64Resources2.res
 0006:000011b0       $R000AB0                   000000018000a1b0     Morex64Resources2.res
 0006:00001cc8       $R0015C8                   000000018000acc8     Morex64Resources2.res
 0006:00002b70       $R002470                   000000018000bb70     Morex64Resources2.res
 0006:00003418       $R002D18                   000000018000c418     Morex64Resources2.res
 0006:00003980       $R003280                   000000018000c980     Morex64Resources2.res
 0006:000045d0       $R003ED0                   000000018000d5d0     Morex64Resources2.res
 0006:000087f8       $R0080F8                   00000001800117f8     Morex64Resources2.res
 0006:0000ada0       $R00A6A0                   0000000180013da0     Morex64Resources2.res
 0006:0000be48       $R00B748                   0000000180014e48     Morex64Resources2.res
 0006:0000c2b0       $R00BBB0                   00000001800152b0     Morex64Resources2.res
 0006:0000c338       $R00BC38                   0000000180015338     Morex64Resources2.res
 0006:0000c388       $R00BC88                   0000000180015388     Morex64Resources2.res
 0006:0000cbb0       $R00C4B0                   0000000180015bb0     Morex64Resources2.res
 0006:0000cd78       $R00C678                   0000000180015d78     Morex64Resources2.res
 0006:0000ce40       $R00C740                   0000000180015e40     Morex64Resources2.res
 0006:0000ce80       $R00C780                   0000000180015e80     Morex64Resources2.res
 0006:000ab898       $R0AB198                   00000001800b4898     Morex64Resources2.res
 0006:000ab9d0       $R0AB2D0                   00000001800b49d0     Morex64Resources2.res
 0006:000ab9e8       $R0AB2E8                   00000001800b49e8     Morex64Resources2.res
 0006:000abb20       $R0AB420                   00000001800b4b20     Morex64Resources2.res
 0006:000ddb50       $R0DD450                   00000001800e6b50     Morex64Resources2.res
 0006:000ddb78       $R0DD478                   00000001800e6b78     Morex64Resources2.res
 0006:000dde88       $R0DD788                   00000001800e6e88     Morex64Resources2.res
 0006:000ddfc0       $R0DD8C0                   00000001800e6fc0     Morex64Resources2.res
 0006:000deff8       $R0DE8F8                   00000001800e7ff8     Morex64Resources2.res
 0006:000e3c28       $R0E3528                   00000001800ecc28     Morex64Resources2.res
 0006:000e3c58       $R0E3558                   00000001800ecc58     Morex64Resources2.res

 Exports

  ordinal    name

