 SizeBenchV2.AnalysisEngine.Tests.Cpp17

 Timestamp is 5c53c16d (Thu Jan 31 19:47:57 2019)

 Preferred load address is 0000000180000000

 Start         Length     Name                   Class
 0001:00000000 000019d0H .text$mn                CODE
 0001:000019d0 00000020H .text$mn$00             CODE
 0001:000019f0 0000014dH .text$x                 CODE
 0002:00000000 00000108H .idata$5                DATA
 0002:00000108 00000010H .00cfg                  DATA
 0002:00000118 00000008H .CRT$XCA                DATA
 0002:00000120 00000008H .CRT$XCZ                DATA
 0002:00000128 00000008H .CRT$XIA                DATA
 0002:00000130 00000008H .CRT$XIZ                DATA
 0002:00000138 00000008H .CRT$XPA                DATA
 0002:00000140 00000008H .CRT$XPZ                DATA
 0002:00000148 00000008H .CRT$XTA                DATA
 0002:00000150 00000010H .CRT$XTZ                DATA
 0002:00000160 00000118H .rdata                  DATA
 0002:00000278 00000000H .rdata$r                DATA
 0002:00000278 000002d0H .rdata$zzzdbg           DATA
 0002:00000548 00000008H .rtc$IAA                DATA
 0002:00000550 00000008H .rtc$IZZ                DATA
 0002:00000558 00000008H .rtc$TAA                DATA
 0002:00000560 00000008H .rtc$TZZ                DATA
 0002:00000568 00000240H .xdata                  DATA
 0002:000007a8 00000000H .xdata$x                DATA
 0002:000007a8 00000000H .edata                  DATA
 0002:000007a8 0000003cH .idata$2                DATA
 0002:000007e4 00000014H .idata$3                DATA
 0002:000007f8 00000108H .idata$4                DATA
 0002:00000900 000002c2H .idata$6                DATA
 0003:00000000 00000040H .data                   DATA
 0003:00000038 00000000H .data$r                 DATA
 0003:00000040 00000608H .bss                    DATA
 0004:00000000 000002dcH .pdata                  DATA
 0005:00000000 00000010H .gfids$y                DATA
 0006:00000000 00000060H .rsrc$01                DATA
 0006:00000060 00000180H .rsrc$02                DATA

  Address         Publics by Value              Rva+Base               Lib:Object

 0000:00000000       __guard_fids_count         0000000000000000     <absolute>
 0000:00000000       __guard_iat_table          0000000000000000     <absolute>
 0000:00000000       __guard_iat_count          0000000000000000     <absolute>
 0000:00000000       __dynamic_value_reloc_table 0000000000000000     <absolute>
 0000:00000000       ___safe_se_handler_table   0000000000000000     <absolute>
 0000:00000000       ___safe_se_handler_count   0000000000000000     <absolute>
 0000:00000000       __guard_longjmp_table      0000000000000000     <absolute>
 0000:00000000       __guard_fids_table         0000000000000000     <absolute>
 0000:00000000       __guard_longjmp_count      0000000000000000     <absolute>
 0000:00000100       __guard_flags              0000000000000100     <absolute>
 0000:00000000       __ImageBase                0000000180000000     <linker-defined>
 0001:00000000       ?FreeFunctionUsingSEH@@YA_NAEA_N@Z 0000000180001000 f i dllmain.obj
 0001:00000040       DllMain                    0000000180001040 f   dllmain.obj
 0001:00000080       ??1Cpp17_CppxdataUsage@@QEAA@XZ 0000000180001080 f   SizeBenchV2.AnalysisEngine.Tests.Cpp17.obj
 0001:000000e0       ?MaybeThrowWithSEH@Cpp17_CppxdataUsage@@QEAA_NXZ 00000001800010e0 f   SizeBenchV2.AnalysisEngine.Tests.Cpp17.obj
 0001:00000150       __security_check_cookie    0000000180001150 f   MSVCRTD:_amdsecgs_.obj
 0001:00000570       _DllMainCRTStartup         0000000180001570 f   MSVCRTD:dll_dllmain.obj
 0001:000005b0       __raise_securityfailure    00000001800015b0 f   MSVCRTD:gs_report.obj
 0001:000005f0       __report_gsfailure         00000001800015f0 f   MSVCRTD:gs_report.obj
 0001:00000790       ??$__crt_fast_decode_pointer@PEAP6AXXZ@@YAPEAP6AXXZQEAP6AXXZ@Z 0000000180001790 f i MSVCRTD:utility.obj
 0001:000007d0       ??$__crt_fast_encode_pointer@PEAP6AXXZ@@YAPEAP6AXXZQEAP6AXXZ@Z 00000001800017d0 f i MSVCRTD:utility.obj
 0001:00000810       ?__crt_rotate_pointer_value@@YA_K_KH@Z 0000000180001810 f i MSVCRTD:utility.obj
 0001:00000830       ?configure_argv@__scrt_narrow_argv_policy@@SAHXZ 0000000180001830 f i MSVCRTD:utility.obj
 0001:000009b0       NtCurrentTeb               00000001800019b0 f i MSVCRTD:utility.obj
 0001:000009c0       __scrt_acquire_startup_lock 00000001800019c0 f   MSVCRTD:utility.obj
 0001:00000a30       __scrt_dllmain_after_initialize_c 0000000180001a30 f   MSVCRTD:utility.obj
 0001:00000a60       __scrt_dllmain_before_initialize_c 0000000180001a60 f   MSVCRTD:utility.obj
 0001:00000a80       __scrt_dllmain_crt_thread_attach 0000000180001a80 f   MSVCRTD:utility.obj
 0001:00000ab0       __scrt_dllmain_crt_thread_detach 0000000180001ab0 f   MSVCRTD:utility.obj
 0001:00000ad0       __scrt_dllmain_exception_filter 0000000180001ad0 f   MSVCRTD:utility.obj
 0001:00000b30       __scrt_dllmain_uninitialize_c 0000000180001b30 f   MSVCRTD:utility.obj
 0001:00000b60       __scrt_dllmain_uninitialize_critical 0000000180001b60 f   MSVCRTD:utility.obj
 0001:00000b80       __scrt_initialize_crt      0000000180001b80 f   MSVCRTD:utility.obj
 0001:00000bd0       __scrt_initialize_onexit_tables 0000000180001bd0 f   MSVCRTD:utility.obj
 0001:00000cd0       __scrt_is_nonwritable_in_current_image 0000000180001cd0 f   MSVCRTD:utility.obj
 0001:00000d60       __scrt_release_startup_lock 0000000180001d60 f   MSVCRTD:utility.obj
 0001:00000d90       __scrt_uninitialize_crt    0000000180001d90 f   MSVCRTD:utility.obj
 0001:00000dd0       _onexit                    0000000180001dd0 f   MSVCRTD:utility.obj
 0001:00000e60       atexit                     0000000180001e60 f   MSVCRTD:utility.obj
 0001:00000ea0       __security_init_cookie     0000000180001ea0 f   MSVCRTD:gs_support.obj
 0001:00000fc0       ?__scrt_initialize_type_info@@YAXXZ 0000000180001fc0 f   MSVCRTD:tncleanup.obj
 0001:00000fe0       ?__scrt_uninitialize_type_info@@YAXXZ 0000000180001fe0 f   MSVCRTD:tncleanup.obj
 0001:00001000       __local_stdio_printf_options 0000000180002000 f i MSVCRTD:default_local_stdio_options.obj
 0001:00001010       __local_stdio_scanf_options 0000000180002010 f i MSVCRTD:default_local_stdio_options.obj
 0001:00001020       __scrt_initialize_default_local_stdio_options 0000000180002020 f   MSVCRTD:default_local_stdio_options.obj
 0001:00001070       __scrt_get_dyn_tls_init_callback 0000000180002070 f   MSVCRTD:dyn_tls_init.obj
 0001:00001080       __crt_debugger_hook        0000000180002080 f   MSVCRTD:utility_desktop.obj
 0001:00001090       __scrt_fastfail            0000000180002090 f   MSVCRTD:utility_desktop.obj
 0001:00001230       _RTC_Initialize            0000000180002230 f   MSVCRTD:_initsect_.obj
 0001:00001280       _RTC_Terminate             0000000180002280 f   MSVCRTD:_initsect_.obj
 0001:000012d0       _guard_check_icall         00000001800022d0 f i MSVCRTD:checkcfg.obj
 0001:000012f0       __isa_available_init       00000001800022f0 f   MSVCRTD:_cpu_disp_.obj
 0001:00001670       _get_startup_argv_mode     0000000180002670 f   MSVCRTD:argv_mode.obj
 0001:00001680       __scrt_is_ucrt_dll_in_use  0000000180002680 f   MSVCRTD:ucrt_detection.obj
 0001:000016b0       _guard_check_icall_nop     00000001800026b0 f i MSVCRTD:guard_support.obj
 0001:000016c0       __GSHandlerCheck           00000001800026c0 f   MSVCRTD:_gshandler_.obj
 0001:00001700       __GSHandlerCheckCommon     0000000180002700 f   MSVCRTD:_gshandler_.obj
 0001:00001800       __C_specific_handler       0000000180002800 f   vcruntimed:VCRUNTIME140D.dll
 0001:00001806       __std_type_info_destroy_list 0000000180002806 f   vcruntimed:VCRUNTIME140D.dll
 0001:0000180c       _initterm                  000000018000280c f   ucrtd:ucrtbased.dll
 0001:00001812       _initterm_e                0000000180002812 f   ucrtd:ucrtbased.dll
 0001:00001818       _seh_filter_dll            0000000180002818 f   ucrtd:ucrtbased.dll
 0001:0000181e       _configure_narrow_argv     000000018000281e f   ucrtd:ucrtbased.dll
 0001:00001824       _initialize_narrow_environment 0000000180002824 f   ucrtd:ucrtbased.dll
 0001:0000182a       _initialize_onexit_table   000000018000282a f   ucrtd:ucrtbased.dll
 0001:00001830       _register_onexit_function  0000000180002830 f   ucrtd:ucrtbased.dll
 0001:00001836       _execute_onexit_table      0000000180002836 f   ucrtd:ucrtbased.dll
 0001:0000183c       _crt_atexit                000000018000283c f   ucrtd:ucrtbased.dll
 0001:00001842       _cexit                     0000000180002842 f   ucrtd:ucrtbased.dll
 0001:00001848       terminate                  0000000180002848 f   ucrtd:ucrtbased.dll
 0001:0000184e       IsProcessorFeaturePresent  000000018000284e f   kernel32:KERNEL32.dll
 0001:00001860       __vcrt_thread_detach       0000000180002860 f   MSVCRTD:ucrt_stubs.obj
 0001:00001860       __acrt_initialize          0000000180002860 f   MSVCRTD:ucrt_stubs.obj
 0001:00001860       __vcrt_thread_attach       0000000180002860 f   MSVCRTD:ucrt_stubs.obj
 0001:00001860       __scrt_stub_for_acrt_initialize 0000000180002860 f   MSVCRTD:ucrt_stubs.obj
 0001:00001860       __vcrt_initialize          0000000180002860 f   MSVCRTD:ucrt_stubs.obj
 0001:00001860       __scrt_stub_for_acrt_thread_detach 0000000180002860 f   MSVCRTD:ucrt_stubs.obj
 0001:00001860       __scrt_stub_for_acrt_thread_attach 0000000180002860 f   MSVCRTD:ucrt_stubs.obj
 0001:00001860       __acrt_thread_detach       0000000180002860 f   MSVCRTD:ucrt_stubs.obj
 0001:00001860       __acrt_thread_attach       0000000180002860 f   MSVCRTD:ucrt_stubs.obj
 0001:00001870       __vcrt_uninitialize_critical 0000000180002870 f   MSVCRTD:ucrt_stubs.obj
 0001:00001870       __scrt_stub_for_acrt_uninitialize 0000000180002870 f   MSVCRTD:ucrt_stubs.obj
 0001:00001870       __acrt_uninitialize        0000000180002870 f   MSVCRTD:ucrt_stubs.obj
 0001:00001870       __scrt_stub_for_acrt_uninitialize_critical 0000000180002870 f   MSVCRTD:ucrt_stubs.obj
 0001:00001870       __acrt_uninitialize_critical 0000000180002870 f   MSVCRTD:ucrt_stubs.obj
 0001:00001870       __vcrt_uninitialize        0000000180002870 f   MSVCRTD:ucrt_stubs.obj
 0001:00001880       __scrt_stub_for_is_c_termination_complete 0000000180002880 f   MSVCRTD:ucrt_stubs.obj
 0001:00001880       _is_c_termination_complete 0000000180002880 f   MSVCRTD:ucrt_stubs.obj
 0001:00001890       __GSHandlerCheck_SEH_noexcept 0000000180002890 f   MSVCRTD:_gshandlerseh_noexcept_.obj
 0001:00001900       __GSHandlerCheck_SEH       0000000180002900 f   MSVCRTD:_gshandlerseh_.obj
 0001:000019be       __C_specific_handler_noexcept 00000001800029be f   vcruntimed:VCRUNTIME140D.dll
 0001:000019e0       _guard_dispatch_icall_nop  00000001800029e0 f   MSVCRTD:_guard_dispatch_.obj
 0002:00000000       __imp_DebugBreak           0000000180003000     kernel32:KERNEL32.dll
 0002:00000008       __imp_RtlCaptureContext    0000000180003008     kernel32:KERNEL32.dll
 0002:00000010       __imp_RtlVirtualUnwind     0000000180003010     kernel32:KERNEL32.dll
 0002:00000018       __imp_UnhandledExceptionFilter 0000000180003018     kernel32:KERNEL32.dll
 0002:00000020       __imp_SetUnhandledExceptionFilter 0000000180003020     kernel32:KERNEL32.dll
 0002:00000028       __imp_GetCurrentProcess    0000000180003028     kernel32:KERNEL32.dll
 0002:00000030       __imp_TerminateProcess     0000000180003030     kernel32:KERNEL32.dll
 0002:00000038       __imp_IsDebuggerPresent    0000000180003038     kernel32:KERNEL32.dll
 0002:00000040       __imp_InitializeSListHead  0000000180003040     kernel32:KERNEL32.dll
 0002:00000048       __imp_GetSystemTimeAsFileTime 0000000180003048     kernel32:KERNEL32.dll
 0002:00000050       __imp_GetCurrentThreadId   0000000180003050     kernel32:KERNEL32.dll
 0002:00000058       __imp_GetCurrentProcessId  0000000180003058     kernel32:KERNEL32.dll
 0002:00000060       __imp_QueryPerformanceCounter 0000000180003060     kernel32:KERNEL32.dll
 0002:00000068       __imp_IsProcessorFeaturePresent 0000000180003068     kernel32:KERNEL32.dll
 0002:00000070       __imp_RtlLookupFunctionEntry 0000000180003070     kernel32:KERNEL32.dll
 0002:00000078       \177KERNEL32_NULL_THUNK_DATA 0000000180003078     kernel32:KERNEL32.dll
 0002:00000080       __imp___C_specific_handler 0000000180003080     vcruntimed:VCRUNTIME140D.dll
 0002:00000088       __imp___C_specific_handler_noexcept 0000000180003088     vcruntimed:VCRUNTIME140D.dll
 0002:00000090       __imp___std_type_info_destroy_list 0000000180003090     vcruntimed:VCRUNTIME140D.dll
 0002:00000098       \177VCRUNTIME140D_NULL_THUNK_DATA 0000000180003098     vcruntimed:VCRUNTIME140D.dll
 0002:000000a0       __imp_terminate            00000001800030a0     ucrtd:ucrtbased.dll
 0002:000000a8       __imp__crt_atexit          00000001800030a8     ucrtd:ucrtbased.dll
 0002:000000b0       __imp__execute_onexit_table 00000001800030b0     ucrtd:ucrtbased.dll
 0002:000000b8       __imp__register_onexit_function 00000001800030b8     ucrtd:ucrtbased.dll
 0002:000000c0       __imp__initialize_onexit_table 00000001800030c0     ucrtd:ucrtbased.dll
 0002:000000c8       __imp__initialize_narrow_environment 00000001800030c8     ucrtd:ucrtbased.dll
 0002:000000d0       __imp__configure_narrow_argv 00000001800030d0     ucrtd:ucrtbased.dll
 0002:000000d8       __imp__seh_filter_dll      00000001800030d8     ucrtd:ucrtbased.dll
 0002:000000e0       __imp__initterm_e          00000001800030e0     ucrtd:ucrtbased.dll
 0002:000000e8       __imp__initterm            00000001800030e8     ucrtd:ucrtbased.dll
 0002:000000f0       __imp__itoa                00000001800030f0     ucrtd:ucrtbased.dll
 0002:000000f8       __imp__cexit               00000001800030f8     ucrtd:ucrtbased.dll
 0002:00000100       \177ucrtbased_NULL_THUNK_DATA 0000000180003100     ucrtd:ucrtbased.dll
 0002:00000108       __guard_check_icall_fptr   0000000180003108     MSVCRTD:guard_support.obj
 0002:00000110       __guard_dispatch_icall_fptr 0000000180003110     MSVCRTD:guard_support.obj
 0002:00000118       __xc_a                     0000000180003118     MSVCRTD:initializers.obj
 0002:00000120       __xc_z                     0000000180003120     MSVCRTD:initializers.obj
 0002:00000128       __xi_a                     0000000180003128     MSVCRTD:initializers.obj
 0002:00000130       __xi_z                     0000000180003130     MSVCRTD:initializers.obj
 0002:00000138       __xp_a                     0000000180003138     MSVCRTD:initializers.obj
 0002:00000140       __xp_z                     0000000180003140     MSVCRTD:initializers.obj
 0002:00000148       __xt_a                     0000000180003148     MSVCRTD:initializers.obj
 0002:00000150       __xt_z                     0000000180003150     MSVCRTD:initializers.obj
 0002:00000160       _pRawDllMain               0000000180003160     MSVCRTD:dll_dllmain.obj
 0002:00000160       _pDefaultRawDllMain        0000000180003160     MSVCRTD:dll_dllmain.obj
 0002:000001e0       _load_config_used          00000001800031e0     MSVCRTD:loadcfg.obj
 0002:00000548       __rtc_iaa                  0000000180003548     MSVCRTD:_initsect_.obj
 0002:00000550       __rtc_izz                  0000000180003550     MSVCRTD:_initsect_.obj
 0002:00000558       __rtc_taa                  0000000180003558     MSVCRTD:_initsect_.obj
 0002:00000560       __rtc_tzz                  0000000180003560     MSVCRTD:_initsect_.obj
 0002:000007a8       __IMPORT_DESCRIPTOR_KERNEL32 00000001800037a8     kernel32:KERNEL32.dll
 0002:000007bc       __IMPORT_DESCRIPTOR_VCRUNTIME140D 00000001800037bc     vcruntimed:VCRUNTIME140D.dll
 0002:000007d0       __IMPORT_DESCRIPTOR_ucrtbased 00000001800037d0     ucrtd:ucrtbased.dll
 0002:000007e4       __NULL_IMPORT_DESCRIPTOR   00000001800037e4     kernel32:KERNEL32.dll
 0003:00000000       __security_cookie          0000000180004000     MSVCRTD:gs_cookie.obj
 0003:00000008       __security_cookie_complement 0000000180004008     MSVCRTD:gs_cookie.obj
 0003:00000010       __scrt_native_dllmain_reason 0000000180004010     MSVCRTD:utility.obj
 0003:00000018       __isa_available            0000000180004018     MSVCRTD:_cpu_disp_.obj
 0003:0000001c       __isa_enabled              000000018000401c     MSVCRTD:_cpu_disp_.obj
 0003:00000020       __memcpy_nt_iters          0000000180004020     MSVCRTD:_cpu_disp_.obj
 0003:00000030       __scrt_ucrt_dll_is_in_use  0000000180004030     MSVCRTD:ucrt_stubs.obj
 0003:000005c0       __scrt_current_native_startup_state 00000001800045c0     MSVCRTD:utility.obj
 0003:000005c8       __scrt_native_startup_lock 00000001800045c8     MSVCRTD:utility.obj
 0003:00000610       ?__type_info_root_node@@3U__type_info_node@@A 0000000180004610     MSVCRTD:tncleanup.obj
 0003:00000620       ?_OptionsStorage@?1??__local_stdio_printf_options@@9@4_KA 0000000180004620     MSVCRTD:default_local_stdio_options.obj
 0003:00000628       ?_OptionsStorage@?1??__local_stdio_scanf_options@@9@4_KA 0000000180004628     MSVCRTD:default_local_stdio_options.obj
 0003:00000630       __scrt_debugger_hook_flag  0000000180004630     MSVCRTD:utility_desktop.obj
 0003:00000634       __favor                    0000000180004634     MSVCRTD:_cpu_disp_.obj
 0003:00000638       __@@_PchSym_@00@UyolcvmorhgnvmghUhravyvmxseCUgvhgkvkilqvxghUhravyvmxseCOzmzobhrhvmtrmvOgvhghOxkkBHUgvhgkvhUhgwzucOlyq@66C65F650B919231 0000000180004638     stdafx.obj
 0003:00000640       __dyn_tls_init_callback    0000000180004640     <common>

 entry point at        0001:00000570

 Static symbols

 0000:ffff7000       .debug$S                   0000000180000000     vcruntimed:VCRUNTIME140D.dll
 0000:ffff7000       .debug$S                   0000000180000000     kernel32:KERNEL32.dll
 0000:ffff7000       .debug$S                   0000000180000000     ucrtd:ucrtbased.dll
 0000:ffff7000       .debug$S                   0000000180000000     ucrtd:ucrtbased.dll
 0000:ffff7000       .debug$S                   0000000180000000     ucrtd:ucrtbased.dll
 0000:ffff7000       .debug$S                   0000000180000000     ucrtd:ucrtbased.dll
 0000:ffff7000       .debug$S                   0000000180000000     ucrtd:ucrtbased.dll
 0000:ffff7000       .debug$S                   0000000180000000     ucrtd:ucrtbased.dll
 0000:ffff7000       .debug$S                   0000000180000000     ucrtd:ucrtbased.dll
 0000:ffff7000       .debug$S                   0000000180000000     ucrtd:ucrtbased.dll
 0000:ffff7000       .debug$S                   0000000180000000     ucrtd:ucrtbased.dll
 0000:ffff7000       .debug$S                   0000000180000000     ucrtd:ucrtbased.dll
 0000:ffff7000       .debug$S                   0000000180000000     ucrtd:ucrtbased.dll
 0000:ffff7000       .debug$S                   0000000180000000     ucrtd:ucrtbased.dll
 0000:ffff7000       .debug$S                   0000000180000000     ucrtd:ucrtbased.dll
 0000:ffff7000       .debug$S                   0000000180000000     ucrtd:ucrtbased.dll
 0000:ffff7000       .debug$S                   0000000180000000     vcruntimed:VCRUNTIME140D.dll
 0000:ffff7000       .debug$S                   0000000180000000     vcruntimed:VCRUNTIME140D.dll
 0000:ffff7000       .debug$S                   0000000180000000     vcruntimed:VCRUNTIME140D.dll
 0000:ffff7000       .debug$S                   0000000180000000     kernel32:KERNEL32.dll
 0000:ffff7000       .debug$S                   0000000180000000     vcruntimed:VCRUNTIME140D.dll
 0000:ffff7000       .debug$S                   0000000180000000     vcruntimed:VCRUNTIME140D.dll
 0000:ffff7000       .debug$S                   0000000180000000     kernel32:KERNEL32.dll
 0000:ffff7000       .debug$S                   0000000180000000     kernel32:KERNEL32.dll
 0000:ffff7000       .debug$S                   0000000180000000     kernel32:KERNEL32.dll
 0000:ffff7000       .debug$S                   0000000180000000     kernel32:KERNEL32.dll
 0000:ffff7000       .debug$S                   0000000180000000     kernel32:KERNEL32.dll
 0000:ffff7000       .debug$S                   0000000180000000     kernel32:KERNEL32.dll
 0000:ffff7000       .debug$S                   0000000180000000     kernel32:KERNEL32.dll
 0000:ffff7000       .debug$S                   0000000180000000     kernel32:KERNEL32.dll
 0000:ffff7000       .debug$S                   0000000180000000     kernel32:KERNEL32.dll
 0000:ffff7000       .debug$S                   0000000180000000     kernel32:KERNEL32.dll
 0000:ffff7000       .debug$S                   0000000180000000     kernel32:KERNEL32.dll
 0000:ffff7000       .debug$S                   0000000180000000     kernel32:KERNEL32.dll
 0000:ffff7000       .debug$S                   0000000180000000     kernel32:KERNEL32.dll
 0000:ffff7000       .debug$S                   0000000180000000     kernel32:KERNEL32.dll
 0000:ffff7000       .debug$S                   0000000180000000     kernel32:KERNEL32.dll
 0001:00000140       $$000000                   0000000180001140     MSVCRTD:_amdsecgs_.obj
 0001:00000180       ?dllmain_crt_dispatch@@YAHQEAUHINSTANCE__@@KQEAX@Z 0000000180001180 f   MSVCRTD:dll_dllmain.obj
 0001:00000210       ?dllmain_crt_process_attach@@YAHQEAUHINSTANCE__@@QEAX@Z 0000000180001210 f   MSVCRTD:dll_dllmain.obj
 0001:00000360       ?dllmain_crt_process_detach@@YAH_N@Z 0000000180001360 f   MSVCRTD:dll_dllmain.obj
 0001:000003e0       ?dllmain_dispatch@@YAHQEAUHINSTANCE__@@KQEAX@Z 00000001800013e0 f   MSVCRTD:dll_dllmain.obj
 0001:00000520       ?dllmain_raw@@YAHQEAUHINSTANCE__@@KQEAX@Z 0000000180001520 f   MSVCRTD:dll_dllmain.obj
 0001:000006d0       capture_previous_context   00000001800016d0 f   MSVCRTD:gs_report.obj
 0001:00000850       ?find_pe_section@@YAPEAU_IMAGE_SECTION_HEADER@@QEAE_K@Z 0000000180001850 f   MSVCRTD:utility.obj
 0001:00000920       ?is_potentially_valid_image_base@@YA_NQEAX@Z 0000000180001920 f   MSVCRTD:utility.obj
 0001:000019d0       $$000000                   00000001800029d0     MSVCRTD:_guard_dispatch_.obj
 0001:000019f0       ?fin$0@?0??FreeFunctionUsingSEH@@YA_NAEA_N@Z@4HA 00000001800029f0 f   dllmain.obj
 0001:00001a07       ?filt$1@?0??FreeFunctionUsingSEH@@YA_NAEA_N@Z@4HA 0000000180002a07 f   dllmain.obj
 0001:00001a30       ?fin$0@?0???1Cpp17_CppxdataUsage@@QEAA@XZ@4HA 0000000180002a30 f   SizeBenchV2.AnalysisEngine.Tests.Cpp17.obj
 0001:00001a30       ?fin$0@?0??MaybeThrowWithSEH@Cpp17_CppxdataUsage@@QEAA_NXZ@4HA 0000000180002a30 f   SizeBenchV2.AnalysisEngine.Tests.Cpp17.obj
 0001:00001a47       ?filt$1@?0??MaybeThrowWithSEH@Cpp17_CppxdataUsage@@QEAA_NXZ@4HA 0000000180002a47 f   SizeBenchV2.AnalysisEngine.Tests.Cpp17.obj
 0001:00001a47       ?filt$1@?0???1Cpp17_CppxdataUsage@@QEAA@XZ@4HA 0000000180002a47 f   SizeBenchV2.AnalysisEngine.Tests.Cpp17.obj
 0001:00001a70       ?fin$0@?0??dllmain_crt_process_attach@@YAHQEAUHINSTANCE__@@QEAX@Z@4HA 0000000180002a70 f   MSVCRTD:dll_dllmain.obj
 0001:00001a90       ?fin$0@?0??dllmain_crt_process_detach@@YAH_N@Z@4HA 0000000180002a90 f   MSVCRTD:dll_dllmain.obj
 0001:00001ab0       ?filt$0@?0??dllmain_dispatch@@YAHQEAUHINSTANCE__@@KQEAX@Z@4HA 0000000180002ab0 f   MSVCRTD:dll_dllmain.obj
 0001:00001b00       __scrt_is_nonwritable_in_current_image$filt$0 0000000180002b00 f   MSVCRTD:utility.obj
 0002:00000168       GS_ExceptionPointers       0000000180003168     MSVCRTD:gs_report.obj
 0002:00000568       $unwind$?FreeFunctionUsingSEH@@YA_NAEA_N@Z 0000000180003568     dllmain.obj
 0002:00000598       $unwind$?fin$0@?0??FreeFunctionUsingSEH@@YA_NAEA_N@Z@4HA 0000000180003598     dllmain.obj
 0002:00000598       $unwind$?fin$0@?0??dllmain_crt_process_detach@@YAH_N@Z@4HA 0000000180003598     MSVCRTD:dll_dllmain.obj
 0002:00000598       $unwind$?filt$1@?0???1Cpp17_CppxdataUsage@@QEAA@XZ@4HA 0000000180003598     SizeBenchV2.AnalysisEngine.Tests.Cpp17.obj
 0002:00000598       $unwind$?filt$1@?0??FreeFunctionUsingSEH@@YA_NAEA_N@Z@4HA 0000000180003598     dllmain.obj
 0002:00000598       $unwind$?filt$1@?0??MaybeThrowWithSEH@Cpp17_CppxdataUsage@@QEAA_NXZ@4HA 0000000180003598     SizeBenchV2.AnalysisEngine.Tests.Cpp17.obj
 0002:00000598       $unwind$?fin$0@?0??dllmain_crt_process_attach@@YAHQEAUHINSTANCE__@@QEAX@Z@4HA 0000000180003598     MSVCRTD:dll_dllmain.obj
 0002:00000598       $unwind$?fin$0@?0??MaybeThrowWithSEH@Cpp17_CppxdataUsage@@QEAA_NXZ@4HA 0000000180003598     SizeBenchV2.AnalysisEngine.Tests.Cpp17.obj
 0002:00000598       $unwind$?fin$0@?0???1Cpp17_CppxdataUsage@@QEAA@XZ@4HA 0000000180003598     SizeBenchV2.AnalysisEngine.Tests.Cpp17.obj
 0002:00000598       $unwind$__scrt_is_nonwritable_in_current_image$filt$0 0000000180003598     MSVCRTD:utility.obj
 0002:000005a0       $unwind$__scrt_release_startup_lock 00000001800035a0     MSVCRTD:utility.obj
 0002:000005a0       $unwind$DllMain            00000001800035a0     dllmain.obj
 0002:000005a0       $unwind$__scrt_initialize_crt 00000001800035a0     MSVCRTD:utility.obj
 0002:000005a8       $unwind$??1Cpp17_CppxdataUsage@@QEAA@XZ 00000001800035a8     SizeBenchV2.AnalysisEngine.Tests.Cpp17.obj
 0002:000005dc       $unwind$?MaybeThrowWithSEH@Cpp17_CppxdataUsage@@QEAA_NXZ 00000001800035dc     SizeBenchV2.AnalysisEngine.Tests.Cpp17.obj
 0002:00000610       $xdatasym                  0000000180003610     MSVCRTD:_amdsecgs_.obj
 0002:00000614       $unwind$?dllmain_crt_process_attach@@YAHQEAUHINSTANCE__@@QEAX@Z 0000000180003614     MSVCRTD:dll_dllmain.obj
 0002:00000634       $unwind$?dllmain_crt_process_detach@@YAH_N@Z 0000000180003634     MSVCRTD:dll_dllmain.obj
 0002:00000654       $unwind$?dllmain_raw@@YAHQEAUHINSTANCE__@@KQEAX@Z 0000000180003654     MSVCRTD:dll_dllmain.obj
 0002:00000654       $unwind$?dllmain_crt_dispatch@@YAHQEAUHINSTANCE__@@KQEAX@Z 0000000180003654     MSVCRTD:dll_dllmain.obj
 0002:0000065c       $unwind$?dllmain_dispatch@@YAHQEAUHINSTANCE__@@KQEAX@Z 000000018000365c     MSVCRTD:dll_dllmain.obj
 0002:0000067c       $unwind$?filt$0@?0??dllmain_dispatch@@YAHQEAUHINSTANCE__@@KQEAX@Z@4HA 000000018000367c     MSVCRTD:dll_dllmain.obj
 0002:00000684       $unwind$_DllMainCRTStartup 0000000180003684     MSVCRTD:dll_dllmain.obj
 0002:0000068c       $unwind$capture_previous_context 000000018000368c     MSVCRTD:gs_report.obj
 0002:00000694       $unwind$__report_gsfailure 0000000180003694     MSVCRTD:gs_report.obj
 0002:00000694       $unwind$atexit             0000000180003694     MSVCRTD:utility.obj
 0002:0000069c       $unwind$_onexit            000000018000369c     MSVCRTD:utility.obj
 0002:000006a4       $unwind$__scrt_is_nonwritable_in_current_image 00000001800036a4     MSVCRTD:utility.obj
 0002:000006c4       $unwind$__scrt_uninitialize_crt 00000001800036c4     MSVCRTD:utility.obj
 0002:000006cc       $unwind$__scrt_initialize_onexit_tables 00000001800036cc     MSVCRTD:utility.obj
 0002:000006d8       $unwind$__scrt_dllmain_exception_filter 00000001800036d8     MSVCRTD:utility.obj
 0002:000006e0       $unwind$__scrt_dllmain_crt_thread_detach 00000001800036e0     MSVCRTD:utility.obj
 0002:000006e0       $unwind$__scrt_dllmain_uninitialize_critical 00000001800036e0     MSVCRTD:utility.obj
 0002:000006e0       $unwind$?__scrt_uninitialize_type_info@@YAXXZ 00000001800036e0     MSVCRTD:tncleanup.obj
 0002:000006e0       $unwind$__scrt_dllmain_uninitialize_c 00000001800036e0     MSVCRTD:utility.obj
 0002:000006e0       $unwind$__scrt_dllmain_after_initialize_c 00000001800036e0     MSVCRTD:utility.obj
 0002:000006e0       $unwind$?configure_argv@__scrt_narrow_argv_policy@@SAHXZ 00000001800036e0     MSVCRTD:utility.obj
 0002:000006e0       $unwind$?__scrt_initialize_type_info@@YAXXZ 00000001800036e0     MSVCRTD:tncleanup.obj
 0002:000006e0       $unwind$__scrt_dllmain_crt_thread_attach 00000001800036e0     MSVCRTD:utility.obj
 0002:000006e0       $unwind$__scrt_dllmain_before_initialize_c 00000001800036e0     MSVCRTD:utility.obj
 0002:000006e8       $unwind$?find_pe_section@@YAPEAU_IMAGE_SECTION_HEADER@@QEAE_K@Z 00000001800036e8     MSVCRTD:utility.obj
 0002:000006f0       $unwind$??$__crt_fast_encode_pointer@PEAP6AXXZ@@YAPEAP6AXXZQEAP6AXXZ@Z 00000001800036f0     MSVCRTD:utility.obj
 0002:000006f0       $unwind$__raise_securityfailure 00000001800036f0     MSVCRTD:gs_report.obj
 0002:000006f0       $unwind$??$__crt_fast_decode_pointer@PEAP6AXXZ@@YAPEAP6AXXZQEAP6AXXZ@Z 00000001800036f0     MSVCRTD:utility.obj
 0002:000006f0       $unwind$?is_potentially_valid_image_base@@YA_NQEAX@Z 00000001800036f0     MSVCRTD:utility.obj
 0002:000006f0       $unwind$_guard_check_icall 00000001800036f0     MSVCRTD:checkcfg.obj
 0002:000006f8       $unwind$__security_init_cookie 00000001800036f8     MSVCRTD:gs_support.obj
 0002:000006f8       $unwind$__scrt_acquire_startup_lock 00000001800036f8     MSVCRTD:utility.obj
 0002:00000700       $unwind$__scrt_initialize_default_local_stdio_options 0000000180003700     MSVCRTD:default_local_stdio_options.obj
 0002:00000708       $unwind$__scrt_fastfail    0000000180003708     MSVCRTD:utility_desktop.obj
 0002:00000714       $unwind$_RTC_Initialize    0000000180003714     MSVCRTD:_initsect_.obj
 0002:00000714       $unwind$_RTC_Terminate     0000000180003714     MSVCRTD:_initsect_.obj
 0002:00000720       $chain$0$_RTC_Initialize   0000000180003720     MSVCRTD:_initsect_.obj
 0002:00000734       $chain$1$_RTC_Initialize   0000000180003734     MSVCRTD:_initsect_.obj
 0002:00000744       $chain$0$_RTC_Terminate    0000000180003744     MSVCRTD:_initsect_.obj
 0002:00000758       $chain$1$_RTC_Terminate    0000000180003758     MSVCRTD:_initsect_.obj
 0002:00000768       $unwind$__isa_available_init 0000000180003768     MSVCRTD:_cpu_disp_.obj
 0002:00000778       $unwind$__scrt_is_ucrt_dll_in_use 0000000180003778     MSVCRTD:ucrt_detection.obj
 0002:00000780       $unwind$__GSHandlerCheckCommon 0000000180003780     MSVCRTD:_gshandler_.obj
 0002:00000788       $unwind$__GSHandlerCheck   0000000180003788     MSVCRTD:_gshandler_.obj
 0002:00000790       $xdatasym                  0000000180003790     MSVCRTD:_guard_dispatch_.obj
 0002:00000794       $unwind$__GSHandlerCheck_SEH_noexcept 0000000180003794     MSVCRTD:_gshandlerseh_noexcept_.obj
 0002:0000079c       $unwind$__GSHandlerCheck_SEH 000000018000379c     MSVCRTD:_gshandlerseh_.obj
 0002:0000090e       .idata$6                   000000018000390e     kernel32:KERNEL32.dll
 0002:00000954       .idata$6                   0000000180003954     vcruntimed:VCRUNTIME140D.dll
 0002:00000a4a       .idata$6                   0000000180003a4a     ucrtd:ucrtbased.dll
 0003:00000040       ?__proc_attached@@3HA      0000000180004040     MSVCRTD:dll_dllmain.obj
 0003:00000050       GS_ExceptionRecord         0000000180004050     MSVCRTD:gs_report.obj
 0003:000000f0       GS_ContextRecord           00000001800040f0     MSVCRTD:gs_report.obj
 0003:000005d0       ?module_local_atexit_table@@3U_onexit_table_t@@A 00000001800045d0     MSVCRTD:utility.obj
 0003:000005e8       ?module_local_at_quick_exit_table@@3U_onexit_table_t@@A 00000001800045e8     MSVCRTD:utility.obj
 0003:00000600       ?is_initialized_as_dll@@3_NA 0000000180004600     MSVCRTD:utility.obj
 0004:00000000       $pdata$?FreeFunctionUsingSEH@@YA_NAEA_N@Z 0000000180005000     dllmain.obj
 0004:0000000c       $pdata$DllMain             000000018000500c     dllmain.obj
 0004:00000018       $pdata$??1Cpp17_CppxdataUsage@@QEAA@XZ 0000000180005018     SizeBenchV2.AnalysisEngine.Tests.Cpp17.obj
 0004:00000024       $pdata$?MaybeThrowWithSEH@Cpp17_CppxdataUsage@@QEAA_NXZ 0000000180005024     SizeBenchV2.AnalysisEngine.Tests.Cpp17.obj
 0004:0000003c       $pdata$?dllmain_crt_dispatch@@YAHQEAUHINSTANCE__@@KQEAX@Z 000000018000503c     MSVCRTD:dll_dllmain.obj
 0004:00000048       $pdata$?dllmain_crt_process_attach@@YAHQEAUHINSTANCE__@@QEAX@Z 0000000180005048     MSVCRTD:dll_dllmain.obj
 0004:00000054       $pdata$?dllmain_crt_process_detach@@YAH_N@Z 0000000180005054     MSVCRTD:dll_dllmain.obj
 0004:00000060       $pdata$?dllmain_dispatch@@YAHQEAUHINSTANCE__@@KQEAX@Z 0000000180005060     MSVCRTD:dll_dllmain.obj
 0004:0000006c       $pdata$?dllmain_raw@@YAHQEAUHINSTANCE__@@KQEAX@Z 000000018000506c     MSVCRTD:dll_dllmain.obj
 0004:00000078       $pdata$_DllMainCRTStartup  0000000180005078     MSVCRTD:dll_dllmain.obj
 0004:00000084       $pdata$__raise_securityfailure 0000000180005084     MSVCRTD:gs_report.obj
 0004:00000090       $pdata$__report_gsfailure  0000000180005090     MSVCRTD:gs_report.obj
 0004:0000009c       $pdata$capture_previous_context 000000018000509c     MSVCRTD:gs_report.obj
 0004:000000a8       $pdata$??$__crt_fast_decode_pointer@PEAP6AXXZ@@YAPEAP6AXXZQEAP6AXXZ@Z 00000001800050a8     MSVCRTD:utility.obj
 0004:000000b4       $pdata$??$__crt_fast_encode_pointer@PEAP6AXXZ@@YAPEAP6AXXZQEAP6AXXZ@Z 00000001800050b4     MSVCRTD:utility.obj
 0004:000000c0       $pdata$?configure_argv@__scrt_narrow_argv_policy@@SAHXZ 00000001800050c0     MSVCRTD:utility.obj
 0004:000000cc       $pdata$?find_pe_section@@YAPEAU_IMAGE_SECTION_HEADER@@QEAE_K@Z 00000001800050cc     MSVCRTD:utility.obj
 0004:000000d8       $pdata$?is_potentially_valid_image_base@@YA_NQEAX@Z 00000001800050d8     MSVCRTD:utility.obj
 0004:000000e4       $pdata$__scrt_acquire_startup_lock 00000001800050e4     MSVCRTD:utility.obj
 0004:000000f0       $pdata$__scrt_dllmain_after_initialize_c 00000001800050f0     MSVCRTD:utility.obj
 0004:000000fc       $pdata$__scrt_dllmain_before_initialize_c 00000001800050fc     MSVCRTD:utility.obj
 0004:00000108       $pdata$__scrt_dllmain_crt_thread_attach 0000000180005108     MSVCRTD:utility.obj
 0004:00000114       $pdata$__scrt_dllmain_crt_thread_detach 0000000180005114     MSVCRTD:utility.obj
 0004:00000120       $pdata$__scrt_dllmain_exception_filter 0000000180005120     MSVCRTD:utility.obj
 0004:0000012c       $pdata$__scrt_dllmain_uninitialize_c 000000018000512c     MSVCRTD:utility.obj
 0004:00000138       $pdata$__scrt_dllmain_uninitialize_critical 0000000180005138     MSVCRTD:utility.obj
 0004:00000144       $pdata$__scrt_initialize_crt 0000000180005144     MSVCRTD:utility.obj
 0004:00000150       $pdata$__scrt_initialize_onexit_tables 0000000180005150     MSVCRTD:utility.obj
 0004:0000015c       $pdata$__scrt_is_nonwritable_in_current_image 000000018000515c     MSVCRTD:utility.obj
 0004:00000168       $pdata$__scrt_release_startup_lock 0000000180005168     MSVCRTD:utility.obj
 0004:00000174       $pdata$__scrt_uninitialize_crt 0000000180005174     MSVCRTD:utility.obj
 0004:00000180       $pdata$_onexit             0000000180005180     MSVCRTD:utility.obj
 0004:0000018c       $pdata$atexit              000000018000518c     MSVCRTD:utility.obj
 0004:00000198       $pdata$__security_init_cookie 0000000180005198     MSVCRTD:gs_support.obj
 0004:000001a4       $pdata$?__scrt_initialize_type_info@@YAXXZ 00000001800051a4     MSVCRTD:tncleanup.obj
 0004:000001b0       $pdata$?__scrt_uninitialize_type_info@@YAXXZ 00000001800051b0     MSVCRTD:tncleanup.obj
 0004:000001bc       $pdata$__scrt_initialize_default_local_stdio_options 00000001800051bc     MSVCRTD:default_local_stdio_options.obj
 0004:000001c8       $pdata$__scrt_fastfail     00000001800051c8     MSVCRTD:utility_desktop.obj
 0004:000001d4       $pdata$_RTC_Initialize     00000001800051d4     MSVCRTD:_initsect_.obj
 0004:000001e0       $pdata$0$_RTC_Initialize   00000001800051e0     MSVCRTD:_initsect_.obj
 0004:000001ec       $pdata$1$_RTC_Initialize   00000001800051ec     MSVCRTD:_initsect_.obj
 0004:000001f8       $pdata$_RTC_Terminate      00000001800051f8     MSVCRTD:_initsect_.obj
 0004:00000204       $pdata$0$_RTC_Terminate    0000000180005204     MSVCRTD:_initsect_.obj
 0004:00000210       $pdata$1$_RTC_Terminate    0000000180005210     MSVCRTD:_initsect_.obj
 0004:0000021c       $pdata$_guard_check_icall  000000018000521c     MSVCRTD:checkcfg.obj
 0004:00000228       $pdata$__isa_available_init 0000000180005228     MSVCRTD:_cpu_disp_.obj
 0004:00000234       $pdata$__scrt_is_ucrt_dll_in_use 0000000180005234     MSVCRTD:ucrt_detection.obj
 0004:00000240       $pdata$__GSHandlerCheck    0000000180005240     MSVCRTD:_gshandler_.obj
 0004:0000024c       $pdata$__GSHandlerCheckCommon 000000018000524c     MSVCRTD:_gshandler_.obj
 0004:00000258       $pdata$__GSHandlerCheck_SEH_noexcept 0000000180005258     MSVCRTD:_gshandlerseh_noexcept_.obj
 0004:00000264       $pdata$__GSHandlerCheck_SEH 0000000180005264     MSVCRTD:_gshandlerseh_.obj
 0004:0000027c       $pdata$?fin$0@?0??FreeFunctionUsingSEH@@YA_NAEA_N@Z@4HA 000000018000527c     dllmain.obj
 0004:00000288       $pdata$?filt$1@?0??FreeFunctionUsingSEH@@YA_NAEA_N@Z@4HA 0000000180005288     dllmain.obj
 0004:00000294       $pdata$?fin$0@?0??MaybeThrowWithSEH@Cpp17_CppxdataUsage@@QEAA_NXZ@4HA 0000000180005294     SizeBenchV2.AnalysisEngine.Tests.Cpp17.obj
 0004:00000294       $pdata$?fin$0@?0???1Cpp17_CppxdataUsage@@QEAA@XZ@4HA 0000000180005294     SizeBenchV2.AnalysisEngine.Tests.Cpp17.obj
 0004:000002a0       $pdata$?filt$1@?0??MaybeThrowWithSEH@Cpp17_CppxdataUsage@@QEAA_NXZ@4HA 00000001800052a0     SizeBenchV2.AnalysisEngine.Tests.Cpp17.obj
 0004:000002a0       $pdata$?filt$1@?0???1Cpp17_CppxdataUsage@@QEAA@XZ@4HA 00000001800052a0     SizeBenchV2.AnalysisEngine.Tests.Cpp17.obj
 0004:000002ac       $pdata$?fin$0@?0??dllmain_crt_process_attach@@YAHQEAUHINSTANCE__@@QEAX@Z@4HA 00000001800052ac     MSVCRTD:dll_dllmain.obj
 0004:000002b8       $pdata$?fin$0@?0??dllmain_crt_process_detach@@YAH_N@Z@4HA 00000001800052b8     MSVCRTD:dll_dllmain.obj
 0004:000002c4       $pdata$?filt$0@?0??dllmain_dispatch@@YAHQEAUHINSTANCE__@@KQEAX@Z@4HA 00000001800052c4     MSVCRTD:dll_dllmain.obj
 0004:000002d0       $pdata$__scrt_is_nonwritable_in_current_image$filt$0 00000001800052d0     MSVCRTD:utility.obj
 0005:00000000       __guard_fids_?dllmain_crt_process_attach@@YAHQEAUHINSTANCE__@@QEAX@Z 0000000180006000     MSVCRTD:dll_dllmain.obj
 0005:00000008       __guard_fids_?dllmain_dispatch@@YAHQEAUHINSTANCE__@@KQEAX@Z 0000000180006008     MSVCRTD:dll_dllmain.obj
 0005:0000000c       __guard_fids__             000000018000600c     MSVCRTD:guard_support.obj
 0006:00000060       $R000000                   0000000180007060     * linker generated manifest res *

 Exports

  ordinal    name

