 SizeBenchV2.AnalysisEngine.Tests.CppTestCasesAfter

 Timestamp is 615552b8 (Wed Sep 29 23:01:28 2021)

 Preferred load address is 0000000180000000

 Start         Length     Name                   Class
 0001:00000000 00001880H .text$mn                CODE
 0001:00001880 00000020H .text$mn$00             CODE
 0001:000018a0 000000cdH .text$x                 CODE
 0002:00000000 000000f8H .idata$5                DATA
 0002:000000f8 00000010H .00cfg                  DATA
 0002:00000108 00000008H .CRT$XCA                DATA
 0002:00000110 00000008H .CRT$XCZ                DATA
 0002:00000118 00000008H .CRT$XIA                DATA
 0002:00000120 00000008H .CRT$XIZ                DATA
 0002:00000128 00000008H .CRT$XPA                DATA
 0002:00000130 00000008H .CRT$XPZ                DATA
 0002:00000138 00000008H .CRT$XTA                DATA
 0002:00000140 00000010H .CRT$XTZ                DATA
 0002:00000150 000002f8H .rdata                  DATA
 0002:00000448 00000000H .rdata$r                DATA
 0002:00000448 000002e8H .rdata$zzzdbg           DATA
 0002:00000730 00000008H .rtc$IAA                DATA
 0002:00000738 00000008H .rtc$IZZ                DATA
 0002:00000740 00000008H .rtc$TAA                DATA
 0002:00000748 00000008H .rtc$TZZ                DATA
 0002:00000750 000001a4H .xdata                  DATA
 0002:000008f4 00000000H .edata                  DATA
 0002:000008f4 0000003cH .idata$2                DATA
 0002:00000930 00000018H .idata$3                DATA
 0002:00000948 000000f8H .idata$4                DATA
 0002:00000a40 000002acH .idata$6                DATA
 0003:00000000 00000090H .data                   DATA
 0003:00000088 00000000H .data$r                 DATA
 0003:00000090 00000608H .bss                    DATA
 0004:00000000 00000288H .pdata                  DATA
 0005:00000000 00000010H .gfids$y                DATA
 0006:00000000 00000240H .rsrc$01                DATA
 0006:00000240 0000ab78H .rsrc$02                DATA

  Address         Publics by Value              Rva+Base               Lib:Object

 0000:00000000       __dynamic_value_reloc_table 0000000000000000     <absolute>
 0000:00000000       __guard_iat_table          0000000000000000     <absolute>
 0000:00000000       __guard_iat_count          0000000000000000     <absolute>
 0000:00000000       __guard_longjmp_count      0000000000000000     <absolute>
 0000:00000000       __guard_fids_count         0000000000000000     <absolute>
 0000:00000000       __guard_longjmp_table      0000000000000000     <absolute>
 0000:00000000       ___safe_se_handler_table   0000000000000000     <absolute>
 0000:00000000       ___safe_se_handler_count   0000000000000000     <absolute>
 0000:00000000       __guard_fids_table         0000000000000000     <absolute>
 0000:00000100       __guard_flags              0000000000000100     <absolute>
 0000:00000000       __ImageBase                0000000180000000     <linker-defined>
 0001:00000000       __local_stdio_printf_options 0000000180001000 f i dllmain.obj
 0001:00000010       printf                     0000000180001010 f i dllmain.obj
 0001:00000070       DllMain                    0000000180001070 f   dllmain.obj
 0001:00000110       ?FunctionDefinedInSourceFile1@@YAXXZ 0000000180001110 f   SourceFile1.obj
 0001:00000160       __security_check_cookie    0000000180001160 f   MSVCRTD:_amdsecgs_.obj
 0001:00000580       _DllMainCRTStartup         0000000180001580 f   MSVCRTD:dll_dllmain.obj
 0001:000005c0       __raise_securityfailure    00000001800015c0 f   MSVCRTD:gs_report.obj
 0001:00000600       __report_gsfailure         0000000180001600 f   MSVCRTD:gs_report.obj
 0001:000007a0       ??$__crt_fast_decode_pointer@PEAP6AXXZ@@YAPEAP6AXXZQEAP6AXXZ@Z 00000001800017a0 f i MSVCRTD:utility.obj
 0001:000007e0       ??$__crt_fast_encode_pointer@PEAP6AXXZ@@YAPEAP6AXXZQEAP6AXXZ@Z 00000001800017e0 f i MSVCRTD:utility.obj
 0001:00000820       ?__crt_rotate_pointer_value@@YA_K_KH@Z 0000000180001820 f i MSVCRTD:utility.obj
 0001:00000840       ?configure_argv@__scrt_narrow_argv_policy@@SAHXZ 0000000180001840 f i MSVCRTD:utility.obj
 0001:000009c0       NtCurrentTeb               00000001800019c0 f i MSVCRTD:utility.obj
 0001:000009d0       __scrt_acquire_startup_lock 00000001800019d0 f   MSVCRTD:utility.obj
 0001:00000a40       __scrt_dllmain_after_initialize_c 0000000180001a40 f   MSVCRTD:utility.obj
 0001:00000a70       __scrt_dllmain_before_initialize_c 0000000180001a70 f   MSVCRTD:utility.obj
 0001:00000a90       __scrt_dllmain_crt_thread_attach 0000000180001a90 f   MSVCRTD:utility.obj
 0001:00000ac0       __scrt_dllmain_crt_thread_detach 0000000180001ac0 f   MSVCRTD:utility.obj
 0001:00000ae0       __scrt_dllmain_exception_filter 0000000180001ae0 f   MSVCRTD:utility.obj
 0001:00000b40       __scrt_dllmain_uninitialize_c 0000000180001b40 f   MSVCRTD:utility.obj
 0001:00000b70       __scrt_dllmain_uninitialize_critical 0000000180001b70 f   MSVCRTD:utility.obj
 0001:00000b90       __scrt_initialize_crt      0000000180001b90 f   MSVCRTD:utility.obj
 0001:00000be0       __scrt_initialize_onexit_tables 0000000180001be0 f   MSVCRTD:utility.obj
 0001:00000ce0       __scrt_is_nonwritable_in_current_image 0000000180001ce0 f   MSVCRTD:utility.obj
 0001:00000d70       __scrt_release_startup_lock 0000000180001d70 f   MSVCRTD:utility.obj
 0001:00000da0       __scrt_uninitialize_crt    0000000180001da0 f   MSVCRTD:utility.obj
 0001:00000de0       _onexit                    0000000180001de0 f   MSVCRTD:utility.obj
 0001:00000e70       atexit                     0000000180001e70 f   MSVCRTD:utility.obj
 0001:00000eb0       __security_init_cookie     0000000180001eb0 f   MSVCRTD:gs_support.obj
 0001:00000fd0       ?__scrt_initialize_type_info@@YAXXZ 0000000180001fd0 f   MSVCRTD:tncleanup.obj
 0001:00000ff0       ?__scrt_uninitialize_type_info@@YAXXZ 0000000180001ff0 f   MSVCRTD:tncleanup.obj
 0001:00001010       __local_stdio_scanf_options 0000000180002010 f i MSVCRTD:default_local_stdio_options.obj
 0001:00001020       __scrt_initialize_default_local_stdio_options 0000000180002020 f   MSVCRTD:default_local_stdio_options.obj
 0001:00001070       __scrt_get_dyn_tls_init_callback 0000000180002070 f   MSVCRTD:dyn_tls_init.obj
 0001:00001080       __crt_debugger_hook        0000000180002080 f   MSVCRTD:utility_desktop.obj
 0001:00001090       __scrt_fastfail            0000000180002090 f   MSVCRTD:utility_desktop.obj
 0001:00001230       _RTC_Initialize            0000000180002230 f   MSVCRTD:_initsect_.obj
 0001:00001280       _RTC_Terminate             0000000180002280 f   MSVCRTD:_initsect_.obj
 0001:000012d0       _guard_check_icall         00000001800022d0 f i MSVCRTD:checkcfg.obj
 0001:000012f0       __isa_available_init       00000001800022f0 f   MSVCRTD:_cpu_disp_.obj
 0001:00001670       _get_startup_argv_mode     0000000180002670 f   MSVCRTD:argv_mode.obj
 0001:00001680       __scrt_is_ucrt_dll_in_use  0000000180002680 f   MSVCRTD:ucrt_detection.obj
 0001:000016b0       _guard_check_icall_nop     00000001800026b0 f i MSVCRTD:guard_support.obj
 0001:000016c0       __GSHandlerCheck           00000001800026c0 f   MSVCRTD:_gshandler_.obj
 0001:00001700       __GSHandlerCheckCommon     0000000180002700 f   MSVCRTD:_gshandler_.obj
 0001:00001800       __C_specific_handler       0000000180002800 f   vcruntimed:VCRUNTIME140D.dll
 0001:00001806       __std_type_info_destroy_list 0000000180002806 f   vcruntimed:VCRUNTIME140D.dll
 0001:0000180c       _initterm                  000000018000280c f   ucrtd:ucrtbased.dll
 0001:00001812       _initterm_e                0000000180002812 f   ucrtd:ucrtbased.dll
 0001:00001818       _seh_filter_dll            0000000180002818 f   ucrtd:ucrtbased.dll
 0001:0000181e       _configure_narrow_argv     000000018000281e f   ucrtd:ucrtbased.dll
 0001:00001824       _initialize_narrow_environment 0000000180002824 f   ucrtd:ucrtbased.dll
 0001:0000182a       _initialize_onexit_table   000000018000282a f   ucrtd:ucrtbased.dll
 0001:00001830       _register_onexit_function  0000000180002830 f   ucrtd:ucrtbased.dll
 0001:00001836       _execute_onexit_table      0000000180002836 f   ucrtd:ucrtbased.dll
 0001:0000183c       _crt_atexit                000000018000283c f   ucrtd:ucrtbased.dll
 0001:00001842       _cexit                     0000000180002842 f   ucrtd:ucrtbased.dll
 0001:00001848       IsProcessorFeaturePresent  0000000180002848 f   kernel32:KERNEL32.dll
 0001:00001850       __scrt_stub_for_acrt_thread_detach 0000000180002850 f   MSVCRTD:ucrt_stubs.obj
 0001:00001850       __vcrt_initialize          0000000180002850 f   MSVCRTD:ucrt_stubs.obj
 0001:00001850       __scrt_stub_for_acrt_initialize 0000000180002850 f   MSVCRTD:ucrt_stubs.obj
 0001:00001850       __acrt_initialize          0000000180002850 f   MSVCRTD:ucrt_stubs.obj
 0001:00001850       __vcrt_thread_detach       0000000180002850 f   MSVCRTD:ucrt_stubs.obj
 0001:00001850       __vcrt_thread_attach       0000000180002850 f   MSVCRTD:ucrt_stubs.obj
 0001:00001850       __acrt_thread_detach       0000000180002850 f   MSVCRTD:ucrt_stubs.obj
 0001:00001850       __acrt_thread_attach       0000000180002850 f   MSVCRTD:ucrt_stubs.obj
 0001:00001850       __scrt_stub_for_acrt_thread_attach 0000000180002850 f   MSVCRTD:ucrt_stubs.obj
 0001:00001860       __scrt_stub_for_acrt_uninitialize 0000000180002860 f   MSVCRTD:ucrt_stubs.obj
 0001:00001860       __vcrt_uninitialize        0000000180002860 f   MSVCRTD:ucrt_stubs.obj
 0001:00001860       __acrt_uninitialize        0000000180002860 f   MSVCRTD:ucrt_stubs.obj
 0001:00001860       __acrt_uninitialize_critical 0000000180002860 f   MSVCRTD:ucrt_stubs.obj
 0001:00001860       __vcrt_uninitialize_critical 0000000180002860 f   MSVCRTD:ucrt_stubs.obj
 0001:00001860       __scrt_stub_for_acrt_uninitialize_critical 0000000180002860 f   MSVCRTD:ucrt_stubs.obj
 0001:00001870       __scrt_stub_for_is_c_termination_complete 0000000180002870 f   MSVCRTD:ucrt_stubs.obj
 0001:00001870       _is_c_termination_complete 0000000180002870 f   MSVCRTD:ucrt_stubs.obj
 0001:00001890       _guard_dispatch_icall_nop  0000000180002890 f   MSVCRTD:_guard_dispatch_.obj
 0002:00000000       __imp_RtlLookupFunctionEntry 0000000180003000     kernel32:KERNEL32.dll
 0002:00000008       __imp_RtlVirtualUnwind     0000000180003008     kernel32:KERNEL32.dll
 0002:00000010       __imp_UnhandledExceptionFilter 0000000180003010     kernel32:KERNEL32.dll
 0002:00000018       __imp_IsDebuggerPresent    0000000180003018     kernel32:KERNEL32.dll
 0002:00000020       __imp_InitializeSListHead  0000000180003020     kernel32:KERNEL32.dll
 0002:00000028       __imp_GetSystemTimeAsFileTime 0000000180003028     kernel32:KERNEL32.dll
 0002:00000030       __imp_GetCurrentThreadId   0000000180003030     kernel32:KERNEL32.dll
 0002:00000038       __imp_GetCurrentProcessId  0000000180003038     kernel32:KERNEL32.dll
 0002:00000040       __imp_QueryPerformanceCounter 0000000180003040     kernel32:KERNEL32.dll
 0002:00000048       __imp_IsProcessorFeaturePresent 0000000180003048     kernel32:KERNEL32.dll
 0002:00000050       __imp_TerminateProcess     0000000180003050     kernel32:KERNEL32.dll
 0002:00000058       __imp_GetCurrentProcess    0000000180003058     kernel32:KERNEL32.dll
 0002:00000060       __imp_SetUnhandledExceptionFilter 0000000180003060     kernel32:KERNEL32.dll
 0002:00000068       __imp_RtlCaptureContext    0000000180003068     kernel32:KERNEL32.dll
 0002:00000070       \177KERNEL32_NULL_THUNK_DATA 0000000180003070     kernel32:KERNEL32.dll
 0002:00000078       __imp___C_specific_handler 0000000180003078     vcruntimed:VCRUNTIME140D.dll
 0002:00000080       __imp___std_type_info_destroy_list 0000000180003080     vcruntimed:VCRUNTIME140D.dll
 0002:00000088       \177VCRUNTIME140D_NULL_THUNK_DATA 0000000180003088     vcruntimed:VCRUNTIME140D.dll
 0002:00000090       __imp__cexit               0000000180003090     ucrtd:ucrtbased.dll
 0002:00000098       __imp__crt_atexit          0000000180003098     ucrtd:ucrtbased.dll
 0002:000000a0       __imp__execute_onexit_table 00000001800030a0     ucrtd:ucrtbased.dll
 0002:000000a8       __imp__register_onexit_function 00000001800030a8     ucrtd:ucrtbased.dll
 0002:000000b0       __imp__initialize_onexit_table 00000001800030b0     ucrtd:ucrtbased.dll
 0002:000000b8       __imp__initialize_narrow_environment 00000001800030b8     ucrtd:ucrtbased.dll
 0002:000000c0       __imp__configure_narrow_argv 00000001800030c0     ucrtd:ucrtbased.dll
 0002:000000c8       __imp__seh_filter_dll      00000001800030c8     ucrtd:ucrtbased.dll
 0002:000000d0       __imp__initterm_e          00000001800030d0     ucrtd:ucrtbased.dll
 0002:000000d8       __imp__initterm            00000001800030d8     ucrtd:ucrtbased.dll
 0002:000000e0       __imp___stdio_common_vfprintf 00000001800030e0     ucrtd:ucrtbased.dll
 0002:000000e8       __imp___acrt_iob_func      00000001800030e8     ucrtd:ucrtbased.dll
 0002:000000f0       \177ucrtbased_NULL_THUNK_DATA 00000001800030f0     ucrtd:ucrtbased.dll
 0002:000000f8       __guard_check_icall_fptr   00000001800030f8     MSVCRTD:guard_support.obj
 0002:00000100       __guard_dispatch_icall_fptr 0000000180003100     MSVCRTD:guard_support.obj
 0002:00000108       __xc_a                     0000000180003108     MSVCRTD:initializers.obj
 0002:00000110       __xc_z                     0000000180003110     MSVCRTD:initializers.obj
 0002:00000118       __xi_a                     0000000180003118     MSVCRTD:initializers.obj
 0002:00000120       __xi_z                     0000000180003120     MSVCRTD:initializers.obj
 0002:00000128       __xp_a                     0000000180003128     MSVCRTD:initializers.obj
 0002:00000130       __xp_z                     0000000180003130     MSVCRTD:initializers.obj
 0002:00000138       __xt_a                     0000000180003138     MSVCRTD:initializers.obj
 0002:00000140       __xt_z                     0000000180003140     MSVCRTD:initializers.obj
 0002:00000150       _pDefaultRawDllMain        0000000180003150     MSVCRTD:dll_dllmain.obj
 0002:00000150       _pRawDllMain               0000000180003150     MSVCRTD:dll_dllmain.obj
 0002:00000168       ??_C@_0BE@CJOIMJIC@base1Instance?4x?$DN?$CFd?6?$AA@ 0000000180003168     dllmain.obj
 0002:00000180       ??_C@_0BL@NGEMHEBM@moreDerived1Instance?4x?$DN?$CFd?6?$AA@ 0000000180003180     dllmain.obj
 0002:000001a0       ??_C@_0BL@DJAMONKF@arrayThatGrows?$DN?$CFd?0?5?$CFd?0?5?$CFd?6?$AA@ 00000001800031a0     dllmain.obj
 0002:000001c0       ?arrayThatGrows@@3QBGB     00000001800031c0     SourceFile1.obj
 0002:00000200       ??_C@_1DK@DFLGCDLE@?$AAa?$AA?5?$AAw?$AAi?$AAd?$AAe?$AA?5?$AAs?$AAt?$AAr?$AAi?$AAn?$AAg?$AA?5?$AAi?$AAn?$AA?5?$AAS?$AAo?$AAu?$AAr?$AAc?$AAe?$AAF?$AAi?$AAl?$AAe?$AA1?$AA?$AA@ 0000000180003200     SourceFile1.obj
 0002:00000240       ??_C@_0DF@DBHJCCBD@dummy?5print?5from?5source?5file?51?0?5@ 0000000180003240     SourceFile1.obj
 0002:00000278       ??_C@_0BK@OCEHEBGI@?$CGduplicatedOnlyInAfter?$DN?$CFx?$AA@ 0000000180003278     SourceFile1.obj
 0002:00000298       ??_C@_0BL@KJBCBIIB@wideStringInSourceFile1?$DN?$CFx?$AA@ 0000000180003298     SourceFile1.obj
 0002:000002c0       ??_C@_0EP@OGPMLALE@dummy?5print?5from?5source?5file?52?0?5@ 00000001800032c0     SourceFile2.obj
 0002:00000310       ??_C@_0DF@OIECOOBM@dummy?5print?5from?5source?5file?53?0?5@ 0000000180003310     SourceFile3.obj
 0002:000003b0       _load_config_used          00000001800033b0     MSVCRTD:loadcfg.obj
 0002:00000730       __rtc_iaa                  0000000180003730     MSVCRTD:_initsect_.obj
 0002:00000738       __rtc_izz                  0000000180003738     MSVCRTD:_initsect_.obj
 0002:00000740       __rtc_taa                  0000000180003740     MSVCRTD:_initsect_.obj
 0002:00000748       __rtc_tzz                  0000000180003748     MSVCRTD:_initsect_.obj
 0002:000008f4       __IMPORT_DESCRIPTOR_VCRUNTIME140D 00000001800038f4     vcruntimed:VCRUNTIME140D.dll
 0002:00000908       __IMPORT_DESCRIPTOR_ucrtbased 0000000180003908     ucrtd:ucrtbased.dll
 0002:0000091c       __IMPORT_DESCRIPTOR_KERNEL32 000000018000391c     kernel32:KERNEL32.dll
 0002:00000930       __NULL_IMPORT_DESCRIPTOR   0000000180003930     vcruntimed:VCRUNTIME140D.dll
 0003:00000000       __security_cookie          0000000180004000     MSVCRTD:gs_cookie.obj
 0003:00000008       __security_cookie_complement 0000000180004008     MSVCRTD:gs_cookie.obj
 0003:00000010       __scrt_native_dllmain_reason 0000000180004010     MSVCRTD:utility.obj
 0003:00000018       __isa_available            0000000180004018     MSVCRTD:_cpu_disp_.obj
 0003:0000001c       __isa_enabled              000000018000401c     MSVCRTD:_cpu_disp_.obj
 0003:00000020       __memcpy_nt_iters          0000000180004020     MSVCRTD:_cpu_disp_.obj
 0003:00000030       __scrt_ucrt_dll_is_in_use  0000000180004030     MSVCRTD:ucrt_stubs.obj
 0003:00000080       _fltused                   0000000180004080     MSVCRTD:dllsupp.obj
 0003:00000610       __scrt_current_native_startup_state 0000000180004610     MSVCRTD:utility.obj
 0003:00000618       __scrt_native_startup_lock 0000000180004618     MSVCRTD:utility.obj
 0003:00000660       ?__type_info_root_node@@3U__type_info_node@@A 0000000180004660     MSVCRTD:tncleanup.obj
 0003:00000670       ?_OptionsStorage@?1??__local_stdio_scanf_options@@9@4_KA 0000000180004670     MSVCRTD:default_local_stdio_options.obj
 0003:00000678       __scrt_debugger_hook_flag  0000000180004678     MSVCRTD:utility_desktop.obj
 0003:0000067c       __favor                    000000018000467c     MSVCRTD:_cpu_disp_.obj
 0003:00000680       ?_OptionsStorage@?1??__local_stdio_printf_options@@9@4_KA 0000000180004680     dllmain.obj
 0003:00000688       __@@_PchSym_@00@UfhvihUzfhgrUhlfixvUivklhUhravyvmxsRmvgxlivUgvhgkvkilqvxghUhravyvmxseCOzmzobhrhvmtrmvOgvhghOxkkgvhgxzhvhzugviUgvhgkvhUhgwzucOlyq@53E4F7A0DC9D12C9 0000000180004688     stdafx.obj
 0003:00000690       __dyn_tls_init_callback    0000000180004690     <common>

 entry point at        0001:00000580

 Static symbols

 0000:fffed000       .debug$S                   0000000180000000     kernel32:KERNEL32.dll
 0000:fffed000       .debug$S                   0000000180000000     ucrtd:ucrtbased.dll
 0000:fffed000       .debug$S                   0000000180000000     ucrtd:ucrtbased.dll
 0000:fffed000       .debug$S                   0000000180000000     ucrtd:ucrtbased.dll
 0000:fffed000       .debug$S                   0000000180000000     ucrtd:ucrtbased.dll
 0000:fffed000       .debug$S                   0000000180000000     ucrtd:ucrtbased.dll
 0000:fffed000       .debug$S                   0000000180000000     ucrtd:ucrtbased.dll
 0000:fffed000       .debug$S                   0000000180000000     ucrtd:ucrtbased.dll
 0000:fffed000       .debug$S                   0000000180000000     ucrtd:ucrtbased.dll
 0000:fffed000       .debug$S                   0000000180000000     ucrtd:ucrtbased.dll
 0000:fffed000       .debug$S                   0000000180000000     ucrtd:ucrtbased.dll
 0000:fffed000       .debug$S                   0000000180000000     ucrtd:ucrtbased.dll
 0000:fffed000       .debug$S                   0000000180000000     ucrtd:ucrtbased.dll
 0000:fffed000       .debug$S                   0000000180000000     ucrtd:ucrtbased.dll
 0000:fffed000       .debug$S                   0000000180000000     ucrtd:ucrtbased.dll
 0000:fffed000       .debug$S                   0000000180000000     ucrtd:ucrtbased.dll
 0000:fffed000       .debug$S                   0000000180000000     vcruntimed:VCRUNTIME140D.dll
 0000:fffed000       .debug$S                   0000000180000000     vcruntimed:VCRUNTIME140D.dll
 0000:fffed000       .debug$S                   0000000180000000     vcruntimed:VCRUNTIME140D.dll
 0000:fffed000       .debug$S                   0000000180000000     kernel32:KERNEL32.dll
 0000:fffed000       .debug$S                   0000000180000000     kernel32:KERNEL32.dll
 0000:fffed000       .debug$S                   0000000180000000     kernel32:KERNEL32.dll
 0000:fffed000       .debug$S                   0000000180000000     kernel32:KERNEL32.dll
 0000:fffed000       .debug$S                   0000000180000000     kernel32:KERNEL32.dll
 0000:fffed000       .debug$S                   0000000180000000     kernel32:KERNEL32.dll
 0000:fffed000       .debug$S                   0000000180000000     kernel32:KERNEL32.dll
 0000:fffed000       .debug$S                   0000000180000000     kernel32:KERNEL32.dll
 0000:fffed000       .debug$S                   0000000180000000     kernel32:KERNEL32.dll
 0000:fffed000       .debug$S                   0000000180000000     kernel32:KERNEL32.dll
 0000:fffed000       .debug$S                   0000000180000000     kernel32:KERNEL32.dll
 0000:fffed000       .debug$S                   0000000180000000     kernel32:KERNEL32.dll
 0000:fffed000       .debug$S                   0000000180000000     kernel32:KERNEL32.dll
 0000:fffed000       .debug$S                   0000000180000000     kernel32:KERNEL32.dll
 0000:fffed000       .debug$S                   0000000180000000     kernel32:KERNEL32.dll
 0001:00000150       $$000000                   0000000180001150     MSVCRTD:_amdsecgs_.obj
 0001:00000190       ?dllmain_crt_dispatch@@YAHQEAUHINSTANCE__@@KQEAX@Z 0000000180001190 f   MSVCRTD:dll_dllmain.obj
 0001:00000220       ?dllmain_crt_process_attach@@YAHQEAUHINSTANCE__@@QEAX@Z 0000000180001220 f   MSVCRTD:dll_dllmain.obj
 0001:00000370       ?dllmain_crt_process_detach@@YAH_N@Z 0000000180001370 f   MSVCRTD:dll_dllmain.obj
 0001:000003f0       ?dllmain_dispatch@@YAHQEAUHINSTANCE__@@KQEAX@Z 00000001800013f0 f   MSVCRTD:dll_dllmain.obj
 0001:00000530       ?dllmain_raw@@YAHQEAUHINSTANCE__@@KQEAX@Z 0000000180001530 f   MSVCRTD:dll_dllmain.obj
 0001:000006e0       capture_previous_context   00000001800016e0 f   MSVCRTD:gs_report.obj
 0001:00000860       ?find_pe_section@@YAPEAU_IMAGE_SECTION_HEADER@@QEAE_K@Z 0000000180001860 f   MSVCRTD:utility.obj
 0001:00000930       ?is_potentially_valid_image_base@@YA_NQEAX@Z 0000000180001930 f   MSVCRTD:utility.obj
 0001:00001880       $$000000                   0000000180002880     MSVCRTD:_guard_dispatch_.obj
 0001:000018a0       ?fin$0@?0??dllmain_crt_process_attach@@YAHQEAUHINSTANCE__@@QEAX@Z@4HA 00000001800028a0 f   MSVCRTD:dll_dllmain.obj
 0001:000018c0       ?fin$0@?0??dllmain_crt_process_detach@@YAH_N@Z@4HA 00000001800028c0 f   MSVCRTD:dll_dllmain.obj
 0001:000018e0       ?filt$0@?0??dllmain_dispatch@@YAHQEAUHINSTANCE__@@KQEAX@Z@4HA 00000001800028e0 f   MSVCRTD:dll_dllmain.obj
 0001:00001930       __scrt_is_nonwritable_in_current_image$filt$0 0000000180002930 f   MSVCRTD:utility.obj
 0002:00000158       GS_ExceptionPointers       0000000180003158     MSVCRTD:gs_report.obj
 0002:000001c8       ?duplicatedOnlyInAfter@@3HB 00000001800031c8     SourceFile1.obj
 0002:000001cc       ?duplicatedOnlyInAfter@@3HB 00000001800031cc     SourceFile2.obj
 0002:000001d0       ?wideStringInSourceFile1@@3QEB_WEB 00000001800031d0     SourceFile1.obj
 0002:000001d8       ?duplicatedPoint@@3UPoint@@B 00000001800031d8     dllmain.obj
 0002:000001e0       ?duplicatedPoint@@3UPoint@@B 00000001800031e0     SourceFile1.obj
 0002:000001e8       ?duplicatedPoint@@3UPoint@@B 00000001800031e8     SourceFile2.obj
 0002:000001f0       ?duplicatedPoint@@3UPoint@@B 00000001800031f0     SourceFile3.obj
 0002:000001f8       ?duplicatedPoint@@3UPoint@@B 00000001800031f8     stdafx.obj
 0002:00000750       $unwind$printf             0000000180003750     dllmain.obj
 0002:0000075c       $unwind$?configure_argv@__scrt_narrow_argv_policy@@SAHXZ 000000018000375c     MSVCRTD:utility.obj
 0002:0000075c       $unwind$__scrt_dllmain_crt_thread_detach 000000018000375c     MSVCRTD:utility.obj
 0002:0000075c       $unwind$DllMain            000000018000375c     dllmain.obj
 0002:0000075c       $unwind$__scrt_dllmain_uninitialize_critical 000000018000375c     MSVCRTD:utility.obj
 0002:0000075c       $unwind$__scrt_dllmain_uninitialize_c 000000018000375c     MSVCRTD:utility.obj
 0002:0000075c       $unwind$__scrt_dllmain_before_initialize_c 000000018000375c     MSVCRTD:utility.obj
 0002:0000075c       $unwind$?__scrt_initialize_type_info@@YAXXZ 000000018000375c     MSVCRTD:tncleanup.obj
 0002:0000075c       $unwind$__scrt_dllmain_crt_thread_attach 000000018000375c     MSVCRTD:utility.obj
 0002:0000075c       $unwind$__scrt_dllmain_after_initialize_c 000000018000375c     MSVCRTD:utility.obj
 0002:0000075c       $unwind$?FunctionDefinedInSourceFile1@@YAXXZ 000000018000375c     SourceFile1.obj
 0002:0000075c       $unwind$?__scrt_uninitialize_type_info@@YAXXZ 000000018000375c     MSVCRTD:tncleanup.obj
 0002:00000768       $xdatasym                  0000000180003768     MSVCRTD:_amdsecgs_.obj
 0002:0000076c       $unwind$?dllmain_crt_process_attach@@YAHQEAUHINSTANCE__@@QEAX@Z 000000018000376c     MSVCRTD:dll_dllmain.obj
 0002:0000078c       $unwind$?fin$0@?0??dllmain_crt_process_detach@@YAH_N@Z@4HA 000000018000378c     MSVCRTD:dll_dllmain.obj
 0002:0000078c       $unwind$__scrt_is_nonwritable_in_current_image$filt$0 000000018000378c     MSVCRTD:utility.obj
 0002:0000078c       $unwind$?fin$0@?0??dllmain_crt_process_attach@@YAHQEAUHINSTANCE__@@QEAX@Z@4HA 000000018000378c     MSVCRTD:dll_dllmain.obj
 0002:00000794       $unwind$?dllmain_crt_process_detach@@YAH_N@Z 0000000180003794     MSVCRTD:dll_dllmain.obj
 0002:000007b4       $unwind$?dllmain_crt_dispatch@@YAHQEAUHINSTANCE__@@KQEAX@Z 00000001800037b4     MSVCRTD:dll_dllmain.obj
 0002:000007b4       $unwind$?dllmain_raw@@YAHQEAUHINSTANCE__@@KQEAX@Z 00000001800037b4     MSVCRTD:dll_dllmain.obj
 0002:000007bc       $unwind$?dllmain_dispatch@@YAHQEAUHINSTANCE__@@KQEAX@Z 00000001800037bc     MSVCRTD:dll_dllmain.obj
 0002:000007dc       $unwind$?filt$0@?0??dllmain_dispatch@@YAHQEAUHINSTANCE__@@KQEAX@Z@4HA 00000001800037dc     MSVCRTD:dll_dllmain.obj
 0002:000007e4       $unwind$_DllMainCRTStartup 00000001800037e4     MSVCRTD:dll_dllmain.obj
 0002:000007ec       $unwind$__report_gsfailure 00000001800037ec     MSVCRTD:gs_report.obj
 0002:000007ec       $unwind$atexit             00000001800037ec     MSVCRTD:utility.obj
 0002:000007f4       $unwind$capture_previous_context 00000001800037f4     MSVCRTD:gs_report.obj
 0002:000007fc       $unwind$?is_potentially_valid_image_base@@YA_NQEAX@Z 00000001800037fc     MSVCRTD:utility.obj
 0002:000007fc       $unwind$??$__crt_fast_encode_pointer@PEAP6AXXZ@@YAPEAP6AXXZQEAP6AXXZ@Z 00000001800037fc     MSVCRTD:utility.obj
 0002:000007fc       $unwind$_guard_check_icall 00000001800037fc     MSVCRTD:checkcfg.obj
 0002:000007fc       $unwind$__raise_securityfailure 00000001800037fc     MSVCRTD:gs_report.obj
 0002:000007fc       $unwind$??$__crt_fast_decode_pointer@PEAP6AXXZ@@YAPEAP6AXXZQEAP6AXXZ@Z 00000001800037fc     MSVCRTD:utility.obj
 0002:00000804       $unwind$_onexit            0000000180003804     MSVCRTD:utility.obj
 0002:0000080c       $unwind$__scrt_is_nonwritable_in_current_image 000000018000380c     MSVCRTD:utility.obj
 0002:0000082c       $unwind$__security_init_cookie 000000018000382c     MSVCRTD:gs_support.obj
 0002:0000082c       $unwind$__scrt_acquire_startup_lock 000000018000382c     MSVCRTD:utility.obj
 0002:00000834       $unwind$__scrt_initialize_crt 0000000180003834     MSVCRTD:utility.obj
 0002:00000834       $unwind$__scrt_release_startup_lock 0000000180003834     MSVCRTD:utility.obj
 0002:0000083c       $unwind$__scrt_uninitialize_crt 000000018000383c     MSVCRTD:utility.obj
 0002:00000844       $unwind$__scrt_initialize_onexit_tables 0000000180003844     MSVCRTD:utility.obj
 0002:00000850       $unwind$__scrt_dllmain_exception_filter 0000000180003850     MSVCRTD:utility.obj
 0002:00000858       $unwind$?find_pe_section@@YAPEAU_IMAGE_SECTION_HEADER@@QEAE_K@Z 0000000180003858     MSVCRTD:utility.obj
 0002:00000860       $unwind$__scrt_initialize_default_local_stdio_options 0000000180003860     MSVCRTD:default_local_stdio_options.obj
 0002:00000868       $unwind$__scrt_fastfail    0000000180003868     MSVCRTD:utility_desktop.obj
 0002:00000874       $chain$0$_RTC_Initialize   0000000180003874     MSVCRTD:_initsect_.obj
 0002:00000888       $chain$1$_RTC_Initialize   0000000180003888     MSVCRTD:_initsect_.obj
 0002:00000898       $unwind$_RTC_Initialize    0000000180003898     MSVCRTD:_initsect_.obj
 0002:00000898       $unwind$_RTC_Terminate     0000000180003898     MSVCRTD:_initsect_.obj
 0002:000008a4       $chain$0$_RTC_Terminate    00000001800038a4     MSVCRTD:_initsect_.obj
 0002:000008b8       $chain$1$_RTC_Terminate    00000001800038b8     MSVCRTD:_initsect_.obj
 0002:000008c8       $unwind$__isa_available_init 00000001800038c8     MSVCRTD:_cpu_disp_.obj
 0002:000008d8       $unwind$__scrt_is_ucrt_dll_in_use 00000001800038d8     MSVCRTD:ucrt_detection.obj
 0002:000008e0       $unwind$__GSHandlerCheckCommon 00000001800038e0     MSVCRTD:_gshandler_.obj
 0002:000008e8       $unwind$__GSHandlerCheck   00000001800038e8     MSVCRTD:_gshandler_.obj
 0002:000008f0       $xdatasym                  00000001800038f0     MSVCRTD:_guard_dispatch_.obj
 0002:00000a78       .idata$6                   0000000180003a78     vcruntimed:VCRUNTIME140D.dll
 0002:00000b86       .idata$6                   0000000180003b86     ucrtd:ucrtbased.dll
 0002:00000cde       .idata$6                   0000000180003cde     kernel32:KERNEL32.dll
 0003:00000038       ?duplicatedPointArray@@3QBUPoint@@B 0000000180004038     dllmain.obj
 0003:00000050       ?duplicatedPointArray@@3QBUPoint@@B 0000000180004050     SourceFile2.obj
 0003:00000068       ?duplicatedPointArray@@3QBUPoint@@B 0000000180004068     stdafx.obj
 0003:00000090       ?__proc_attached@@3HA      0000000180004090     MSVCRTD:dll_dllmain.obj
 0003:000000a0       GS_ExceptionRecord         00000001800040a0     MSVCRTD:gs_report.obj
 0003:00000140       GS_ContextRecord           0000000180004140     MSVCRTD:gs_report.obj
 0003:00000620       ?module_local_atexit_table@@3U_onexit_table_t@@A 0000000180004620     MSVCRTD:utility.obj
 0003:00000638       ?module_local_at_quick_exit_table@@3U_onexit_table_t@@A 0000000180004638     MSVCRTD:utility.obj
 0003:00000650       ?is_initialized_as_dll@@3_NA 0000000180004650     MSVCRTD:utility.obj
 0004:00000000       $pdata$printf              0000000180005000     dllmain.obj
 0004:0000000c       $pdata$DllMain             000000018000500c     dllmain.obj
 0004:00000018       $pdata$?FunctionDefinedInSourceFile1@@YAXXZ 0000000180005018     SourceFile1.obj
 0004:00000030       $pdata$?dllmain_crt_dispatch@@YAHQEAUHINSTANCE__@@KQEAX@Z 0000000180005030     MSVCRTD:dll_dllmain.obj
 0004:0000003c       $pdata$?dllmain_crt_process_attach@@YAHQEAUHINSTANCE__@@QEAX@Z 000000018000503c     MSVCRTD:dll_dllmain.obj
 0004:00000048       $pdata$?dllmain_crt_process_detach@@YAH_N@Z 0000000180005048     MSVCRTD:dll_dllmain.obj
 0004:00000054       $pdata$?dllmain_dispatch@@YAHQEAUHINSTANCE__@@KQEAX@Z 0000000180005054     MSVCRTD:dll_dllmain.obj
 0004:00000060       $pdata$?dllmain_raw@@YAHQEAUHINSTANCE__@@KQEAX@Z 0000000180005060     MSVCRTD:dll_dllmain.obj
 0004:0000006c       $pdata$_DllMainCRTStartup  000000018000506c     MSVCRTD:dll_dllmain.obj
 0004:00000078       $pdata$__raise_securityfailure 0000000180005078     MSVCRTD:gs_report.obj
 0004:00000084       $pdata$__report_gsfailure  0000000180005084     MSVCRTD:gs_report.obj
 0004:00000090       $pdata$capture_previous_context 0000000180005090     MSVCRTD:gs_report.obj
 0004:0000009c       $pdata$??$__crt_fast_decode_pointer@PEAP6AXXZ@@YAPEAP6AXXZQEAP6AXXZ@Z 000000018000509c     MSVCRTD:utility.obj
 0004:000000a8       $pdata$??$__crt_fast_encode_pointer@PEAP6AXXZ@@YAPEAP6AXXZQEAP6AXXZ@Z 00000001800050a8     MSVCRTD:utility.obj
 0004:000000b4       $pdata$?configure_argv@__scrt_narrow_argv_policy@@SAHXZ 00000001800050b4     MSVCRTD:utility.obj
 0004:000000c0       $pdata$?find_pe_section@@YAPEAU_IMAGE_SECTION_HEADER@@QEAE_K@Z 00000001800050c0     MSVCRTD:utility.obj
 0004:000000cc       $pdata$?is_potentially_valid_image_base@@YA_NQEAX@Z 00000001800050cc     MSVCRTD:utility.obj
 0004:000000d8       $pdata$__scrt_acquire_startup_lock 00000001800050d8     MSVCRTD:utility.obj
 0004:000000e4       $pdata$__scrt_dllmain_after_initialize_c 00000001800050e4     MSVCRTD:utility.obj
 0004:000000f0       $pdata$__scrt_dllmain_before_initialize_c 00000001800050f0     MSVCRTD:utility.obj
 0004:000000fc       $pdata$__scrt_dllmain_crt_thread_attach 00000001800050fc     MSVCRTD:utility.obj
 0004:00000108       $pdata$__scrt_dllmain_crt_thread_detach 0000000180005108     MSVCRTD:utility.obj
 0004:00000114       $pdata$__scrt_dllmain_exception_filter 0000000180005114     MSVCRTD:utility.obj
 0004:00000120       $pdata$__scrt_dllmain_uninitialize_c 0000000180005120     MSVCRTD:utility.obj
 0004:0000012c       $pdata$__scrt_dllmain_uninitialize_critical 000000018000512c     MSVCRTD:utility.obj
 0004:00000138       $pdata$__scrt_initialize_crt 0000000180005138     MSVCRTD:utility.obj
 0004:00000144       $pdata$__scrt_initialize_onexit_tables 0000000180005144     MSVCRTD:utility.obj
 0004:00000150       $pdata$__scrt_is_nonwritable_in_current_image 0000000180005150     MSVCRTD:utility.obj
 0004:0000015c       $pdata$__scrt_release_startup_lock 000000018000515c     MSVCRTD:utility.obj
 0004:00000168       $pdata$__scrt_uninitialize_crt 0000000180005168     MSVCRTD:utility.obj
 0004:00000174       $pdata$_onexit             0000000180005174     MSVCRTD:utility.obj
 0004:00000180       $pdata$atexit              0000000180005180     MSVCRTD:utility.obj
 0004:0000018c       $pdata$__security_init_cookie 000000018000518c     MSVCRTD:gs_support.obj
 0004:00000198       $pdata$?__scrt_initialize_type_info@@YAXXZ 0000000180005198     MSVCRTD:tncleanup.obj
 0004:000001a4       $pdata$?__scrt_uninitialize_type_info@@YAXXZ 00000001800051a4     MSVCRTD:tncleanup.obj
 0004:000001b0       $pdata$__scrt_initialize_default_local_stdio_options 00000001800051b0     MSVCRTD:default_local_stdio_options.obj
 0004:000001bc       $pdata$__scrt_fastfail     00000001800051bc     MSVCRTD:utility_desktop.obj
 0004:000001c8       $pdata$_RTC_Initialize     00000001800051c8     MSVCRTD:_initsect_.obj
 0004:000001d4       $pdata$0$_RTC_Initialize   00000001800051d4     MSVCRTD:_initsect_.obj
 0004:000001e0       $pdata$1$_RTC_Initialize   00000001800051e0     MSVCRTD:_initsect_.obj
 0004:000001ec       $pdata$_RTC_Terminate      00000001800051ec     MSVCRTD:_initsect_.obj
 0004:000001f8       $pdata$0$_RTC_Terminate    00000001800051f8     MSVCRTD:_initsect_.obj
 0004:00000204       $pdata$1$_RTC_Terminate    0000000180005204     MSVCRTD:_initsect_.obj
 0004:00000210       $pdata$_guard_check_icall  0000000180005210     MSVCRTD:checkcfg.obj
 0004:0000021c       $pdata$__isa_available_init 000000018000521c     MSVCRTD:_cpu_disp_.obj
 0004:00000228       $pdata$__scrt_is_ucrt_dll_in_use 0000000180005228     MSVCRTD:ucrt_detection.obj
 0004:00000234       $pdata$__GSHandlerCheck    0000000180005234     MSVCRTD:_gshandler_.obj
 0004:00000240       $pdata$__GSHandlerCheckCommon 0000000180005240     MSVCRTD:_gshandler_.obj
 0004:00000258       $pdata$?fin$0@?0??dllmain_crt_process_attach@@YAHQEAUHINSTANCE__@@QEAX@Z@4HA 0000000180005258     MSVCRTD:dll_dllmain.obj
 0004:00000264       $pdata$?fin$0@?0??dllmain_crt_process_detach@@YAH_N@Z@4HA 0000000180005264     MSVCRTD:dll_dllmain.obj
 0004:00000270       $pdata$?filt$0@?0??dllmain_dispatch@@YAHQEAUHINSTANCE__@@KQEAX@Z@4HA 0000000180005270     MSVCRTD:dll_dllmain.obj
 0004:0000027c       $pdata$__scrt_is_nonwritable_in_current_image$filt$0 000000018000527c     MSVCRTD:utility.obj
 0005:00000000       __guard_fids_?dllmain_crt_process_attach@@YAHQEAUHINSTANCE__@@QEAX@Z 0000000180006000     MSVCRTD:dll_dllmain.obj
 0005:00000008       __guard_fids_?dllmain_dispatch@@YAHQEAUHINSTANCE__@@KQEAX@Z 0000000180006008     MSVCRTD:dll_dllmain.obj
 0005:0000000c       __guard_fids__             000000018000600c     MSVCRTD:guard_support.obj
 0006:00000240       $R000000                   0000000180007240     SizeBenchV2.AnalysisEngine.Tests.CppTestCasesAfter.res
 0006:00000378       $R000138                   0000000180007378     SizeBenchV2.AnalysisEngine.Tests.CppTestCasesAfter.res
 0006:00004fa8       $R004D68                   000000018000bfa8     SizeBenchV2.AnalysisEngine.Tests.CppTestCasesAfter.res
 0006:00005060       $R004E20                   000000018000c060     SizeBenchV2.AnalysisEngine.Tests.CppTestCasesAfter.res
 0006:00005090       $R004E50                   000000018000c090     SizeBenchV2.AnalysisEngine.Tests.CppTestCasesAfter.res
 0006:00005938       $R0056F8                   000000018000c938     SizeBenchV2.AnalysisEngine.Tests.CppTestCasesAfter.res
 0006:00009b60       $R009920                   0000000180010b60     SizeBenchV2.AnalysisEngine.Tests.CppTestCasesAfter.res
 0006:0000ac08       $R00A9C8                   0000000180011c08     SizeBenchV2.AnalysisEngine.Tests.CppTestCasesAfter.res
 0006:0000ac38       $R00A9F8                   0000000180011c38     SizeBenchV2.AnalysisEngine.Tests.CppTestCasesAfter.res

 Exports

  ordinal    name

