 SizeBenchV2.AnalysisEngine.Tests.InlineSites

 Timestamp is 65e0ecbf (Thu Feb 29 12:44:47 2024)

 Preferred load address is 0000000180000000

 Start         Length     Name                   Class
 0001:00000000 00001800H .text$mn                CODE
 0001:00001800 00000040H .text$mn$00             CODE
 0001:00001840 000000ddH .text$x                 CODE
 0002:00000000 00000100H .idata$5                DATA
 0002:00000100 00000028H .00cfg                  DATA
 0002:00000128 00000008H .CRT$XCA                DATA
 0002:00000130 00000008H .CRT$XCZ                DATA
 0002:00000138 00000008H .CRT$XIA                DATA
 0002:00000140 00000008H .CRT$XIZ                DATA
 0002:00000148 00000008H .CRT$XPA                DATA
 0002:00000150 00000008H .CRT$XPZ                DATA
 0002:00000158 00000008H .CRT$XTA                DATA
 0002:00000160 00000010H .CRT$XTZ                DATA
 0002:00000168 00000000H .gehcont$y              DATA
 0002:00000168 00000000H .gfids$y                DATA
 0002:00000170 00000310H .rdata                  DATA
 0002:00000480 00000000H .rdata$CastGuardVftablesA DATA
 0002:00000480 00000000H .rdata$CastGuardVftablesC DATA
 0002:00000480 00000020H .rdata$voltmd           DATA
 0002:000004a0 000002f0H .rdata$zzzdbg           DATA
 0002:00000790 00000008H .rtc$IAA                DATA
 0002:00000798 00000008H .rtc$IZZ                DATA
 0002:000007a0 00000008H .rtc$TAA                DATA
 0002:000007a8 00000008H .rtc$TZZ                DATA
 0002:000007b0 0000018cH .xdata                  DATA
 0002:0000093c 00000000H .edata                  DATA
 0002:0000093c 0000003cH .idata$2                DATA
 0002:00000978 00000018H .idata$3                DATA
 0002:00000990 00000100H .idata$4                DATA
 0002:00000a90 0000029eH .idata$6                DATA
 0003:00000000 00000040H .data                   DATA
 0003:00000040 00000610H .bss                    DATA
 0004:00000000 00000264H .pdata                  DATA
 0005:00000000 0000002aH .msvcjmc                DATA
 0006:00000000 00000060H .rsrc$01                DATA
 0006:00000060 00000180H .rsrc$02                DATA

  Address         Publics by Value              Rva+Base               Lib:Object

 0000:00000000       __arm64x_extra_rfe_table   0000000000000000     <absolute>
 0000:00000000       __guard_fids_count         0000000000000000     <absolute>
 0000:00000000       __hybrid_code_map          0000000000000000     <absolute>
 0000:00000000       __arm64x_extra_rfe_table_size 0000000000000000     <absolute>
 0000:00000000       __hybrid_code_map_count    0000000000000000     <absolute>
 0000:00000000       ___safe_se_handler_count   0000000000000000     <absolute>
 0000:00000000       __guard_iat_count          0000000000000000     <absolute>
 0000:00000000       __guard_longjmp_count      0000000000000000     <absolute>
 0000:00000000       __dynamic_value_reloc_table 0000000000000000     <absolute>
 0000:00000000       __arm64x_redirection_metadata 0000000000000000     <absolute>
 0000:00000000       __hybrid_auxiliary_iat     0000000000000000     <absolute>
 0000:00000000       __hybrid_auxiliary_iat_copy 0000000000000000     <absolute>
 0000:00000000       __arm64x_native_entrypoint 0000000000000000     <absolute>
 0000:00000000       __guard_eh_cont_table      0000000000000000     <absolute>
 0000:00000000       __guard_eh_cont_count      0000000000000000     <absolute>
 0000:00000000       __guard_longjmp_table      0000000000000000     <absolute>
 0000:00000000       __enclave_config           0000000000000000     <absolute>
 0000:00000000       __x64_code_ranges_to_entry_points_count 0000000000000000     <absolute>
 0000:00000000       __arm64x_redirection_metadata_count 0000000000000000     <absolute>
 0000:00000000       __guard_iat_table          0000000000000000     <absolute>
 0000:00000000       __x64_code_ranges_to_entry_points 0000000000000000     <absolute>
 0000:00000000       __AbsoluteZero             0000000000000000     <absolute>
 0000:00000000       __guard_check_icall_a64n_fptr 0000000000000000     <absolute>
 0000:00000000       __guard_fids_table         0000000000000000     <absolute>
 0000:00000000       ___safe_se_handler_table   0000000000000000     <absolute>
 0000:00000100       __guard_flags              0000000000000100     <absolute>
 0000:00000000       __ImageBase                0000000180000000     <linker-defined>
 0001:00000000       __local_stdio_printf_options 0000000180001000 f i dllmain.obj
 0001:00000020       printf                     0000000180001020 f i dllmain.obj
 0001:00000090       ?noInlineFunction@@YAXH@Z  0000000180001090 f   dllmain.obj
 0001:00000130       DllMain                    0000000180001130 f   dllmain.obj
 0001:000001b0       __security_check_cookie    00000001800011b0 f   MSVCRTD:amdsecgs.obj
 0001:000005e0       _DllMainCRTStartup         00000001800015e0 f   MSVCRTD:dll_dllmain.obj
 0001:00000620       __raise_securityfailure    0000000180001620 f   MSVCRTD:gs_report.obj
 0001:00000660       __report_gsfailure         0000000180001660 f   MSVCRTD:gs_report.obj
 0001:000008c0       __security_init_cookie     00000001800018c0 f   MSVCRTD:gs_support.obj
 0001:00000940       ?__scrt_initialize_type_info@@YAXXZ 0000000180001940 f   MSVCRTD:tncleanup.obj
 0001:00000960       ?__scrt_uninitialize_type_info@@YAXXZ 0000000180001960 f   MSVCRTD:tncleanup.obj
 0001:00000980       __local_stdio_scanf_options 0000000180001980 f i MSVCRTD:default_local_stdio_options.obj
 0001:00000990       __scrt_initialize_default_local_stdio_options 0000000180001990 f   MSVCRTD:default_local_stdio_options.obj
 0001:000009e0       ?configure_argv@__scrt_narrow_argv_policy@@SAHXZ 00000001800019e0 f i MSVCRTD:utility.obj
 0001:00000ad0       ?initialize_environment@__scrt_narrow_environment_policy@@SAHXZ 0000000180001ad0 f i MSVCRTD:utility.obj
 0001:00000b70       NtCurrentTeb               0000000180001b70 f i MSVCRTD:utility.obj
 0001:00000b80       __scrt_acquire_startup_lock 0000000180001b80 f   MSVCRTD:utility.obj
 0001:00000bf0       __scrt_dllmain_after_initialize_c 0000000180001bf0 f   MSVCRTD:utility.obj
 0001:00000c20       __scrt_dllmain_before_initialize_c 0000000180001c20 f   MSVCRTD:utility.obj
 0001:00000c40       __scrt_dllmain_crt_thread_attach 0000000180001c40 f   MSVCRTD:utility.obj
 0001:00000c70       __scrt_dllmain_crt_thread_detach 0000000180001c70 f   MSVCRTD:utility.obj
 0001:00000c90       __scrt_dllmain_exception_filter 0000000180001c90 f   MSVCRTD:utility.obj
 0001:00000d00       __scrt_dllmain_uninitialize_c 0000000180001d00 f   MSVCRTD:utility.obj
 0001:00000d30       __scrt_dllmain_uninitialize_critical 0000000180001d30 f   MSVCRTD:utility.obj
 0001:00000d50       __scrt_initialize_crt      0000000180001d50 f   MSVCRTD:utility.obj
 0001:00000da0       __scrt_initialize_onexit_tables 0000000180001da0 f   MSVCRTD:utility.obj
 0001:00000eb0       __scrt_is_nonwritable_in_current_image 0000000180001eb0 f   MSVCRTD:utility.obj
 0001:00000f40       __scrt_release_startup_lock 0000000180001f40 f   MSVCRTD:utility.obj
 0001:00000f70       __scrt_uninitialize_crt    0000000180001f70 f   MSVCRTD:utility.obj
 0001:00000fb0       __scrt_get_dyn_tls_init_callback 0000000180001fb0 f   MSVCRTD:dyn_tls_init.obj
 0001:00000fc0       __crt_debugger_hook        0000000180001fc0 f   MSVCRTD:utility_desktop.obj
 0001:00000fd0       __scrt_fastfail            0000000180001fd0 f   MSVCRTD:utility_desktop.obj
 0001:00001170       _RTC_Initialize            0000000180002170 f   MSVCRTD:initsect.obj
 0001:000011c0       _RTC_Terminate             00000001800021c0 f   MSVCRTD:initsect.obj
 0001:00001210       _guard_check_icall_nop     0000000180002210 f i MSVCRTD:guard_support.obj
 0001:00001220       __isa_available_init       0000000180002220 f   MSVCRTD:cpu_disp.obj
 0001:000015c0       _get_startup_argv_mode     00000001800025c0 f   MSVCRTD:argv_mode.obj
 0001:000015d0       __scrt_is_ucrt_dll_in_use  00000001800025d0 f   MSVCRTD:ucrt_detection.obj
 0001:00001600       __GSHandlerCheck           0000000180002600 f   MSVCRTD:gshandler.obj
 0001:00001640       __GSHandlerCheckCommon     0000000180002640 f   MSVCRTD:gshandler.obj
 0001:00001738       __C_specific_handler       0000000180002738 f   vcruntimed:VCRUNTIME140D.dll
 0001:0000173e       __std_type_info_destroy_list 000000018000273e f   vcruntimed:VCRUNTIME140D.dll
 0001:00001744       _initterm                  0000000180002744 f   ucrtd:ucrtbased.dll
 0001:0000174a       _initterm_e                000000018000274a f   ucrtd:ucrtbased.dll
 0001:00001750       _seh_filter_dll            0000000180002750 f   ucrtd:ucrtbased.dll
 0001:00001756       _configure_narrow_argv     0000000180002756 f   ucrtd:ucrtbased.dll
 0001:0000175c       _initialize_narrow_environment 000000018000275c f   ucrtd:ucrtbased.dll
 0001:00001762       _initialize_onexit_table   0000000180002762 f   ucrtd:ucrtbased.dll
 0001:00001768       _execute_onexit_table      0000000180002768 f   ucrtd:ucrtbased.dll
 0001:0000176e       _cexit                     000000018000276e f   ucrtd:ucrtbased.dll
 0001:00001780       __vcrt_initialize          0000000180002780 f   MSVCRTD:ucrt_stubs.obj
 0001:00001780       __acrt_initialize          0000000180002780 f   MSVCRTD:ucrt_stubs.obj
 0001:00001780       __scrt_stub_for_acrt_thread_attach 0000000180002780 f   MSVCRTD:ucrt_stubs.obj
 0001:00001780       __acrt_thread_detach       0000000180002780 f   MSVCRTD:ucrt_stubs.obj
 0001:00001780       __scrt_stub_for_acrt_thread_detach 0000000180002780 f   MSVCRTD:ucrt_stubs.obj
 0001:00001780       __vcrt_thread_detach       0000000180002780 f   MSVCRTD:ucrt_stubs.obj
 0001:00001780       __scrt_stub_for_acrt_initialize 0000000180002780 f   MSVCRTD:ucrt_stubs.obj
 0001:00001780       __acrt_thread_attach       0000000180002780 f   MSVCRTD:ucrt_stubs.obj
 0001:00001780       __vcrt_thread_attach       0000000180002780 f   MSVCRTD:ucrt_stubs.obj
 0001:00001790       __acrt_uninitialize_critical 0000000180002790 f   MSVCRTD:ucrt_stubs.obj
 0001:00001790       __vcrt_uninitialize_critical 0000000180002790 f   MSVCRTD:ucrt_stubs.obj
 0001:00001790       __scrt_stub_for_acrt_uninitialize_critical 0000000180002790 f   MSVCRTD:ucrt_stubs.obj
 0001:00001790       __acrt_uninitialize        0000000180002790 f   MSVCRTD:ucrt_stubs.obj
 0001:00001790       __vcrt_uninitialize        0000000180002790 f   MSVCRTD:ucrt_stubs.obj
 0001:00001790       __scrt_stub_for_acrt_uninitialize 0000000180002790 f   MSVCRTD:ucrt_stubs.obj
 0001:000017a0       _is_c_termination_complete 00000001800027a0 f   MSVCRTD:ucrt_stubs.obj
 0001:000017a0       __scrt_stub_for_is_c_termination_complete 00000001800027a0 f   MSVCRTD:ucrt_stubs.obj
 0001:000017b0       __CheckForDebuggerJustMyCode 00000001800027b0 f   MSVCRTD:debugger_jmc.obj
 0001:000017ec       memset                     00000001800027ec f   vcruntimed:VCRUNTIME140D.dll
 0001:00001810       _guard_dispatch_icall_nop  0000000180002810 f   MSVCRTD:guard_dispatch.obj
 0001:00001830       _guard_xfg_dispatch_icall_nop 0000000180002830 f   MSVCRTD:guard_xfg_dispatch.obj
 0002:00000000       __imp_GetCurrentProcessId  0000000180003000     kernel32:KERNEL32.dll
 0002:00000008       __imp_RtlLookupFunctionEntry 0000000180003008     kernel32:KERNEL32.dll
 0002:00000010       __imp_RtlVirtualUnwind     0000000180003010     kernel32:KERNEL32.dll
 0002:00000018       __imp_UnhandledExceptionFilter 0000000180003018     kernel32:KERNEL32.dll
 0002:00000020       __imp_SetUnhandledExceptionFilter 0000000180003020     kernel32:KERNEL32.dll
 0002:00000028       __imp_IsDebuggerPresent    0000000180003028     kernel32:KERNEL32.dll
 0002:00000030       __imp_InitializeSListHead  0000000180003030     kernel32:KERNEL32.dll
 0002:00000038       __imp_GetSystemTimeAsFileTime 0000000180003038     kernel32:KERNEL32.dll
 0002:00000040       __imp_GetCurrentThreadId   0000000180003040     kernel32:KERNEL32.dll
 0002:00000048       __imp_RtlCaptureContext    0000000180003048     kernel32:KERNEL32.dll
 0002:00000050       __imp_QueryPerformanceCounter 0000000180003050     kernel32:KERNEL32.dll
 0002:00000058       __imp_IsProcessorFeaturePresent 0000000180003058     kernel32:KERNEL32.dll
 0002:00000060       __imp_TerminateProcess     0000000180003060     kernel32:KERNEL32.dll
 0002:00000068       __imp_GetCurrentProcess    0000000180003068     kernel32:KERNEL32.dll
 0002:00000070       \177KERNEL32_NULL_THUNK_DATA 0000000180003070     kernel32:KERNEL32.dll
 0002:00000078       __imp___std_type_info_destroy_list 0000000180003078     vcruntimed:VCRUNTIME140D.dll
 0002:00000080       __imp_memset               0000000180003080     vcruntimed:VCRUNTIME140D.dll
 0002:00000088       __imp___C_specific_handler 0000000180003088     vcruntimed:VCRUNTIME140D.dll
 0002:00000090       \177VCRUNTIME140D_NULL_THUNK_DATA 0000000180003090     vcruntimed:VCRUNTIME140D.dll
 0002:00000098       __imp__cexit               0000000180003098     ucrtd:ucrtbased.dll
 0002:000000a0       __imp__execute_onexit_table 00000001800030a0     ucrtd:ucrtbased.dll
 0002:000000a8       __imp__initialize_onexit_table 00000001800030a8     ucrtd:ucrtbased.dll
 0002:000000b0       __imp__initialize_narrow_environment 00000001800030b0     ucrtd:ucrtbased.dll
 0002:000000b8       __imp__configure_narrow_argv 00000001800030b8     ucrtd:ucrtbased.dll
 0002:000000c0       __imp__initterm_e          00000001800030c0     ucrtd:ucrtbased.dll
 0002:000000c8       __imp__initterm            00000001800030c8     ucrtd:ucrtbased.dll
 0002:000000d0       __imp___stdio_common_vfprintf 00000001800030d0     ucrtd:ucrtbased.dll
 0002:000000d8       __imp_puts                 00000001800030d8     ucrtd:ucrtbased.dll
 0002:000000e0       __imp___acrt_iob_func      00000001800030e0     ucrtd:ucrtbased.dll
 0002:000000e8       __imp__itoa_s              00000001800030e8     ucrtd:ucrtbased.dll
 0002:000000f0       __imp__seh_filter_dll      00000001800030f0     ucrtd:ucrtbased.dll
 0002:000000f8       \177ucrtbased_NULL_THUNK_DATA 00000001800030f8     ucrtd:ucrtbased.dll
 0002:00000100       __guard_check_icall_fptr   0000000180003100     MSVCRTD:guard_support.obj
 0002:00000108       __guard_xfg_check_icall_fptr 0000000180003108     MSVCRTD:guard_support.obj
 0002:00000110       __guard_dispatch_icall_fptr 0000000180003110     MSVCRTD:guard_support.obj
 0002:00000118       __guard_xfg_dispatch_icall_fptr 0000000180003118     MSVCRTD:guard_support.obj
 0002:00000120       __guard_xfg_table_dispatch_icall_fptr 0000000180003120     MSVCRTD:guard_support.obj
 0002:00000128       __xc_a                     0000000180003128     MSVCRTD:initializers.obj
 0002:00000130       __xc_z                     0000000180003130     MSVCRTD:initializers.obj
 0002:00000138       __xi_a                     0000000180003138     MSVCRTD:initializers.obj
 0002:00000140       __xi_z                     0000000180003140     MSVCRTD:initializers.obj
 0002:00000148       __xp_a                     0000000180003148     MSVCRTD:initializers.obj
 0002:00000150       __xp_z                     0000000180003150     MSVCRTD:initializers.obj
 0002:00000158       __xt_a                     0000000180003158     MSVCRTD:initializers.obj
 0002:00000160       __xt_z                     0000000180003160     MSVCRTD:initializers.obj
 0002:00000170       _pDefaultRawDllMain        0000000180003170     MSVCRTD:dll_dllmain.obj
 0002:00000170       _pRawDllMain               0000000180003170     MSVCRTD:dll_dllmain.obj
 0002:00000188       ??_C@_0BK@BDFJKBIM@forceInlinedFunction?3?5?$CFd?6@ 0000000180003188     dllmain.obj
 0002:000001a8       ??_C@_0DG@DCHHHINC@forceInlinedFunction?5argc?5less?5@ 00000001800031a8     dllmain.obj
 0002:000001e0       ??_C@_0CB@MDCIOPKP@anotherForceInlinedFunction?3?5?$CFd@ 00000001800031e0     dllmain.obj
 0002:00000208       ??_C@_0DN@JCDOFLFE@anotherForceInlinedFunction?5arg@ 0000000180003208     dllmain.obj
 0002:00000248       ??_C@_0BB@LCDDCBGN@noInlineFunction@ 0000000180003248     dllmain.obj
 0002:00000260       ??_C@_0CP@JMIJLKKN@noInlineFunction?5argc?5less?5than@ 0000000180003260     dllmain.obj
 0002:000002f0       _load_config_used          00000001800032f0     MSVCRTD:loadcfg.obj
 0002:00000480       __volatile_metadata        0000000180003480     <linker-defined>
 0002:00000790       __rtc_iaa                  0000000180003790     MSVCRTD:initsect.obj
 0002:00000798       __rtc_izz                  0000000180003798     MSVCRTD:initsect.obj
 0002:000007a0       __rtc_taa                  00000001800037a0     MSVCRTD:initsect.obj
 0002:000007a8       __rtc_tzz                  00000001800037a8     MSVCRTD:initsect.obj
 0002:0000093c       __IMPORT_DESCRIPTOR_VCRUNTIME140D 000000018000393c     vcruntimed:VCRUNTIME140D.dll
 0002:00000950       __IMPORT_DESCRIPTOR_ucrtbased 0000000180003950     ucrtd:ucrtbased.dll
 0002:00000964       __IMPORT_DESCRIPTOR_KERNEL32 0000000180003964     kernel32:KERNEL32.dll
 0002:00000978       __NULL_IMPORT_DESCRIPTOR   0000000180003978     vcruntimed:VCRUNTIME140D.dll
 0003:00000000       __security_cookie_complement 0000000180004000     MSVCRTD:gs_cookie.obj
 0003:00000008       __security_cookie          0000000180004008     MSVCRTD:gs_cookie.obj
 0003:00000010       __scrt_native_dllmain_reason 0000000180004010     MSVCRTD:utility.obj
 0003:00000018       __isa_available            0000000180004018     MSVCRTD:cpu_disp.obj
 0003:0000001c       __isa_enabled              000000018000401c     MSVCRTD:cpu_disp.obj
 0003:00000020       __memcpy_nt_iters          0000000180004020     MSVCRTD:cpu_disp.obj
 0003:00000028       __memset_nt_iters          0000000180004028     MSVCRTD:cpu_disp.obj
 0003:00000030       __scrt_ucrt_dll_is_in_use  0000000180004030     MSVCRTD:ucrt_stubs.obj
 0003:000005c0       ?__type_info_root_node@@3U__type_info_node@@A 00000001800045c0     MSVCRTD:tncleanup.obj
 0003:000005d0       ?_OptionsStorage@?1??__local_stdio_scanf_options@@9@4_KA 00000001800045d0     MSVCRTD:default_local_stdio_options.obj
 0003:000005d8       __scrt_current_native_startup_state 00000001800045d8     MSVCRTD:utility.obj
 0003:000005e0       __scrt_native_startup_lock 00000001800045e0     MSVCRTD:utility.obj
 0003:00000620       __scrt_debugger_hook_flag  0000000180004620     MSVCRTD:utility_desktop.obj
 0003:00000628       __castguard_check_failure_os_handled_fptr 0000000180004628     MSVCRTD:guard_support.obj
 0003:00000630       __favor                    0000000180004630     MSVCRTD:cpu_disp.obj
 0003:00000638       ?_OptionsStorage@?1??__local_stdio_printf_options@@9@4_KA 0000000180004638     dllmain.obj
 0003:00000640       __@@_PchSym_@00@UivklhUhravyvmxsRtrgsfyRkirhgrmvUhixUgvhgkvkilqvxghUhravyvmxseCOzmzobhrhvmtrmvOgvhghOrmormvhrgvhUhixUgvhgkvhUhgwzucOlyq@4B2008FD98C1DD4 0000000180004640     stdafx.obj
 0003:00000644       __DebuggerCurrentSteppingThreadId 0000000180004644     <common>
 0003:00000648       __dyn_tls_init_callback    0000000180004648     <common>

 entry point at        0001:000005e0

 Static symbols

 0000:ffff7000       .debug$S                   0000000180000000     vcruntimed:VCRUNTIME140D.dll
 0000:ffff7000       .debug$S                   0000000180000000     vcruntimed:VCRUNTIME140D.dll
 0000:ffff7000       .debug$S                   0000000180000000     vcruntimed:VCRUNTIME140D.dll
 0000:ffff7000       .debug$S                   0000000180000000     vcruntimed:VCRUNTIME140D.dll
 0000:ffff7000       .debug$S                   0000000180000000     vcruntimed:VCRUNTIME140D.dll
 0000:ffff7000       .debug$S                   0000000180000000     ucrtd:ucrtbased.dll
 0000:ffff7000       .debug$S                   0000000180000000     ucrtd:ucrtbased.dll
 0000:ffff7000       .debug$S                   0000000180000000     ucrtd:ucrtbased.dll
 0000:ffff7000       .debug$S                   0000000180000000     ucrtd:ucrtbased.dll
 0000:ffff7000       .debug$S                   0000000180000000     ucrtd:ucrtbased.dll
 0000:ffff7000       .debug$S                   0000000180000000     ucrtd:ucrtbased.dll
 0000:ffff7000       .debug$S                   0000000180000000     ucrtd:ucrtbased.dll
 0000:ffff7000       .debug$S                   0000000180000000     ucrtd:ucrtbased.dll
 0000:ffff7000       .debug$S                   0000000180000000     ucrtd:ucrtbased.dll
 0000:ffff7000       .debug$S                   0000000180000000     ucrtd:ucrtbased.dll
 0000:ffff7000       .debug$S                   0000000180000000     ucrtd:ucrtbased.dll
 0000:ffff7000       .debug$S                   0000000180000000     ucrtd:ucrtbased.dll
 0000:ffff7000       .debug$S                   0000000180000000     ucrtd:ucrtbased.dll
 0000:ffff7000       .debug$S                   0000000180000000     ucrtd:ucrtbased.dll
 0000:ffff7000       .debug$S                   0000000180000000     ucrtd:ucrtbased.dll
 0000:ffff7000       .debug$S                   0000000180000000     ucrtd:ucrtbased.dll
 0000:ffff7000       .debug$S                   0000000180000000     kernel32:KERNEL32.dll
 0000:ffff7000       .debug$S                   0000000180000000     kernel32:KERNEL32.dll
 0000:ffff7000       .debug$S                   0000000180000000     kernel32:KERNEL32.dll
 0000:ffff7000       .debug$S                   0000000180000000     kernel32:KERNEL32.dll
 0000:ffff7000       .debug$S                   0000000180000000     kernel32:KERNEL32.dll
 0000:ffff7000       .debug$S                   0000000180000000     kernel32:KERNEL32.dll
 0000:ffff7000       .debug$S                   0000000180000000     kernel32:KERNEL32.dll
 0000:ffff7000       .debug$S                   0000000180000000     kernel32:KERNEL32.dll
 0000:ffff7000       .debug$S                   0000000180000000     kernel32:KERNEL32.dll
 0000:ffff7000       .debug$S                   0000000180000000     kernel32:KERNEL32.dll
 0000:ffff7000       .debug$S                   0000000180000000     kernel32:KERNEL32.dll
 0000:ffff7000       .debug$S                   0000000180000000     kernel32:KERNEL32.dll
 0000:ffff7000       .debug$S                   0000000180000000     kernel32:KERNEL32.dll
 0000:ffff7000       .debug$S                   0000000180000000     kernel32:KERNEL32.dll
 0000:ffff7000       .debug$S                   0000000180000000     kernel32:KERNEL32.dll
 0000:ffff7000       .debug$S                   0000000180000000     kernel32:KERNEL32.dll
 0001:000001a0       $$000000                   00000001800011a0     MSVCRTD:amdsecgs.obj
 0001:000001d0       ?dllmain_crt_dispatch@@YAHQEAUHINSTANCE__@@KQEAX@Z 00000001800011d0 f   MSVCRTD:dll_dllmain.obj
 0001:00000260       ?dllmain_crt_process_attach@@YAHQEAUHINSTANCE__@@QEAX@Z 0000000180001260 f   MSVCRTD:dll_dllmain.obj
 0001:000003a0       ?dllmain_crt_process_detach@@YAH_N@Z 00000001800013a0 f   MSVCRTD:dll_dllmain.obj
 0001:00000440       ?dllmain_dispatch@@YAHQEAUHINSTANCE__@@KQEAX@Z 0000000180001440 f   MSVCRTD:dll_dllmain.obj
 0001:00000580       ?dllmain_raw@@YAHQEAUHINSTANCE__@@KQEAX@Z 0000000180001580 f   MSVCRTD:dll_dllmain.obj
 0001:00000740       capture_previous_context   0000000180001740 f   MSVCRTD:gs_report.obj
 0001:00000800       __get_entropy              0000000180001800 f   MSVCRTD:gs_support.obj
 0001:00000a00       ?find_pe_section@@YAPEAU_IMAGE_SECTION_HEADER@@QEAE_K@Z 0000000180001a00 f   MSVCRTD:utility.obj
 0001:00000ae0       ?is_potentially_valid_image_base@@YA_NQEAX@Z 0000000180001ae0 f   MSVCRTD:utility.obj
 0001:00001800       $$000000                   0000000180002800     MSVCRTD:guard_dispatch.obj
 0001:00001820       $$000000                   0000000180002820     MSVCRTD:guard_xfg_dispatch.obj
 0001:00001840       ?fin$0@?0??dllmain_crt_process_attach@@YAHQEAUHINSTANCE__@@QEAX@Z@4HA 0000000180002840 f   MSVCRTD:dll_dllmain.obj
 0001:00001860       ?fin$0@?0??dllmain_crt_process_detach@@YAH_N@Z@4HA 0000000180002860 f   MSVCRTD:dll_dllmain.obj
 0001:0000187a       ?fin$1@?0??dllmain_crt_process_detach@@YAH_N@Z@4HA 000000018000287a f   MSVCRTD:dll_dllmain.obj
 0001:00001890       ?filt$0@?0??dllmain_dispatch@@YAHQEAUHINSTANCE__@@KQEAX@Z@4HA 0000000180002890 f   MSVCRTD:dll_dllmain.obj
 0001:000018e0       __scrt_is_nonwritable_in_current_image$filt$0 00000001800028e0 f   MSVCRTD:utility.obj
 0002:00000178       GS_ExceptionPointers       0000000180003178     MSVCRTD:gs_report.obj
 0002:000007b0       $unwind$__local_stdio_printf_options 00000001800037b0     dllmain.obj
 0002:000007b0       $unwind$?__scrt_initialize_type_info@@YAXXZ 00000001800037b0     MSVCRTD:tncleanup.obj
 0002:000007b0       $unwind$?__scrt_uninitialize_type_info@@YAXXZ 00000001800037b0     MSVCRTD:tncleanup.obj
 0002:000007b0       $unwind$?configure_argv@__scrt_narrow_argv_policy@@SAHXZ 00000001800037b0     MSVCRTD:utility.obj
 0002:000007b0       $unwind$?initialize_environment@__scrt_narrow_environment_policy@@SAHXZ 00000001800037b0     MSVCRTD:utility.obj
 0002:000007b0       $unwind$__scrt_dllmain_after_initialize_c 00000001800037b0     MSVCRTD:utility.obj
 0002:000007b0       $unwind$__scrt_dllmain_before_initialize_c 00000001800037b0     MSVCRTD:utility.obj
 0002:000007b0       $unwind$__scrt_dllmain_crt_thread_attach 00000001800037b0     MSVCRTD:utility.obj
 0002:000007b0       $unwind$__scrt_dllmain_crt_thread_detach 00000001800037b0     MSVCRTD:utility.obj
 0002:000007b0       $unwind$__scrt_dllmain_uninitialize_c 00000001800037b0     MSVCRTD:utility.obj
 0002:000007b0       $unwind$__scrt_dllmain_uninitialize_critical 00000001800037b0     MSVCRTD:utility.obj
 0002:000007b8       $unwind$printf             00000001800037b8     dllmain.obj
 0002:000007c4       $unwind$?noInlineFunction@@YAXH@Z 00000001800037c4     dllmain.obj
 0002:000007d8       $unwind$DllMain            00000001800037d8     dllmain.obj
 0002:000007e0       $xdatasym                  00000001800037e0     MSVCRTD:amdsecgs.obj
 0002:000007e4       $unwind$?dllmain_crt_process_attach@@YAHQEAUHINSTANCE__@@QEAX@Z 00000001800037e4     MSVCRTD:dll_dllmain.obj
 0002:00000804       $unwind$?fin$0@?0??dllmain_crt_process_attach@@YAHQEAUHINSTANCE__@@QEAX@Z@4HA 0000000180003804     MSVCRTD:dll_dllmain.obj
 0002:00000804       $unwind$?fin$0@?0??dllmain_crt_process_detach@@YAH_N@Z@4HA 0000000180003804     MSVCRTD:dll_dllmain.obj
 0002:00000804       $unwind$?fin$1@?0??dllmain_crt_process_detach@@YAH_N@Z@4HA 0000000180003804     MSVCRTD:dll_dllmain.obj
 0002:00000804       $unwind$__scrt_is_nonwritable_in_current_image$filt$0 0000000180003804     MSVCRTD:utility.obj
 0002:0000080c       $unwind$?dllmain_crt_process_detach@@YAH_N@Z 000000018000380c     MSVCRTD:dll_dllmain.obj
 0002:0000083c       $unwind$?dllmain_crt_dispatch@@YAHQEAUHINSTANCE__@@KQEAX@Z 000000018000383c     MSVCRTD:dll_dllmain.obj
 0002:0000083c       $unwind$?dllmain_raw@@YAHQEAUHINSTANCE__@@KQEAX@Z 000000018000383c     MSVCRTD:dll_dllmain.obj
 0002:00000844       $unwind$?dllmain_dispatch@@YAHQEAUHINSTANCE__@@KQEAX@Z 0000000180003844     MSVCRTD:dll_dllmain.obj
 0002:00000864       $unwind$?filt$0@?0??dllmain_dispatch@@YAHQEAUHINSTANCE__@@KQEAX@Z@4HA 0000000180003864     MSVCRTD:dll_dllmain.obj
 0002:0000086c       $unwind$_DllMainCRTStartup 000000018000386c     MSVCRTD:dll_dllmain.obj
 0002:00000874       $unwind$__CheckForDebuggerJustMyCode 0000000180003874     MSVCRTD:debugger_jmc.obj
 0002:00000874       $unwind$__report_gsfailure 0000000180003874     MSVCRTD:gs_report.obj
 0002:0000087c       $unwind$capture_previous_context 000000018000387c     MSVCRTD:gs_report.obj
 0002:00000884       $unwind$__raise_securityfailure 0000000180003884     MSVCRTD:gs_report.obj
 0002:00000884       $unwind$?is_potentially_valid_image_base@@YA_NQEAX@Z 0000000180003884     MSVCRTD:utility.obj
 0002:0000088c       $unwind$__scrt_initialize_default_local_stdio_options 000000018000388c     MSVCRTD:default_local_stdio_options.obj
 0002:0000088c       $unwind$__security_init_cookie 000000018000388c     MSVCRTD:gs_support.obj
 0002:00000894       $unwind$__get_entropy      0000000180003894     MSVCRTD:gs_support.obj
 0002:0000089c       $unwind$__scrt_is_nonwritable_in_current_image 000000018000389c     MSVCRTD:utility.obj
 0002:000008bc       $unwind$__scrt_acquire_startup_lock 00000001800038bc     MSVCRTD:utility.obj
 0002:000008c4       $unwind$__scrt_initialize_crt 00000001800038c4     MSVCRTD:utility.obj
 0002:000008c4       $unwind$__scrt_release_startup_lock 00000001800038c4     MSVCRTD:utility.obj
 0002:000008cc       $unwind$__scrt_uninitialize_crt 00000001800038cc     MSVCRTD:utility.obj
 0002:000008d4       $unwind$__scrt_initialize_onexit_tables 00000001800038d4     MSVCRTD:utility.obj
 0002:000008e0       $unwind$__scrt_dllmain_exception_filter 00000001800038e0     MSVCRTD:utility.obj
 0002:000008e8       $unwind$?find_pe_section@@YAPEAU_IMAGE_SECTION_HEADER@@QEAE_K@Z 00000001800038e8     MSVCRTD:utility.obj
 0002:000008f0       $unwind$__scrt_fastfail    00000001800038f0     MSVCRTD:utility_desktop.obj
 0002:000008fc       $unwind$_RTC_Initialize    00000001800038fc     MSVCRTD:initsect.obj
 0002:000008fc       $unwind$_RTC_Terminate     00000001800038fc     MSVCRTD:initsect.obj
 0002:00000908       $unwind$__isa_available_init 0000000180003908     MSVCRTD:cpu_disp.obj
 0002:00000918       $unwind$__scrt_is_ucrt_dll_in_use 0000000180003918     MSVCRTD:ucrt_detection.obj
 0002:00000920       $xdatasym                  0000000180003920     MSVCRTD:guard_dispatch.obj
 0002:00000928       $xdatasym                  0000000180003928     MSVCRTD:guard_xfg_dispatch.obj
 0002:0000092c       $unwind$__GSHandlerCheckCommon 000000018000392c     MSVCRTD:gshandler.obj
 0002:00000934       $unwind$__GSHandlerCheck   0000000180003934     MSVCRTD:gshandler.obj
 0002:00000ac8       .idata$6                   0000000180003ac8     vcruntimed:VCRUNTIME140D.dll
 0002:00000bbe       .idata$6                   0000000180003bbe     ucrtd:ucrtbased.dll
 0002:00000d16       .idata$6                   0000000180003d16     kernel32:KERNEL32.dll
 0003:00000040       ?__proc_attached@@3HA      0000000180004040     MSVCRTD:dll_dllmain.obj
 0003:00000050       GS_ExceptionRecord         0000000180004050     MSVCRTD:gs_report.obj
 0003:000000f0       GS_ContextRecord           00000001800040f0     MSVCRTD:gs_report.obj
 0003:000005e8       ?is_initialized_as_dll@@3_NA 00000001800045e8     MSVCRTD:utility.obj
 0003:000005e9       ?module_local_atexit_table_initialized@@3_NA 00000001800045e9     MSVCRTD:utility.obj
 0003:000005f0       ?module_local_atexit_table@@3U_onexit_table_t@@A 00000001800045f0     MSVCRTD:utility.obj
 0003:00000608       ?module_local_at_quick_exit_table@@3U_onexit_table_t@@A 0000000180004608     MSVCRTD:utility.obj
 0005:00000000       __B2D2BA86_ctype@h         0000000180006000     dllmain.obj
 0005:00000001       __79C7FC57_basetsd@h       0000000180006001     dllmain.obj
 0005:00000002       __1FEB9909_corecrt_memcpy_s@h 0000000180006002     dllmain.obj
 0005:00000003       __A751F051_corecrt_memory@h 0000000180006003     dllmain.obj
 0005:00000004       __9200769A_corecrt_wstring@h 0000000180006004     dllmain.obj
 0005:00000005       __32E5F013_string@h        0000000180006005     dllmain.obj
 0005:00000006       __D545DD43_guiddef@h       0000000180006006     dllmain.obj
 0005:00000007       __D5DDFBF3_winnt@h         0000000180006007     dllmain.obj
 0005:00000008       __439612F0_processthreadsapi@h 0000000180006008     dllmain.obj
 0005:00000009       __5733279A_memoryapi@h     0000000180006009     dllmain.obj
 0005:0000000a       __D4435474_winerror@h      000000018000600a     dllmain.obj
 0005:0000000b       __B3ED30D4_winbase@h       000000018000600b     dllmain.obj
 0005:0000000c       __DB057BA3_winuser@h       000000018000600c     dllmain.obj
 0005:0000000d       __A118E6DC_stralign@h      000000018000600d     dllmain.obj
 0005:0000000e       __A2143F22_corecrt_stdio_config@h 000000018000600e     dllmain.obj
 0005:0000000f       __829E1958_corecrt_wstdio@h 000000018000600f     dllmain.obj
 0005:00000010       __6DFAE8B8_stdio@h         0000000180006010     dllmain.obj
 0005:00000011       __B49664B7_stdlib@h        0000000180006011     dllmain.obj
 0005:00000012       __116BF51F_stdafx@h        0000000180006012     dllmain.obj
 0005:00000013       __251823DC_dllmain@cpp     0000000180006013     dllmain.obj
 0005:00000014       __116BF51F_stdafx@h        0000000180006014     SizeBenchV2.AnalysisEngine.Tests.InlineSites.obj
 0005:00000015       __5203C265_SizeBenchV2@AnalysisEngine@Tests@InlineSites@pch 0000000180006015     SizeBenchV2.AnalysisEngine.Tests.InlineSites.obj
 0005:00000016       __5203C265_SizeBenchV2@AnalysisEngine@Tests@InlineSites@pch 0000000180006016     stdafx.obj
 0005:00000017       __B2D2BA86_ctype@h         0000000180006017     stdafx.obj
 0005:00000018       __79C7FC57_basetsd@h       0000000180006018     stdafx.obj
 0005:00000019       __1FEB9909_corecrt_memcpy_s@h 0000000180006019     stdafx.obj
 0005:0000001a       __A751F051_corecrt_memory@h 000000018000601a     stdafx.obj
 0005:0000001b       __9200769A_corecrt_wstring@h 000000018000601b     stdafx.obj
 0005:0000001c       __32E5F013_string@h        000000018000601c     stdafx.obj
 0005:0000001d       __D545DD43_guiddef@h       000000018000601d     stdafx.obj
 0005:0000001e       __D5DDFBF3_winnt@h         000000018000601e     stdafx.obj
 0005:0000001f       __439612F0_processthreadsapi@h 000000018000601f     stdafx.obj
 0005:00000020       __5733279A_memoryapi@h     0000000180006020     stdafx.obj
 0005:00000021       __D4435474_winerror@h      0000000180006021     stdafx.obj
 0005:00000022       __B3ED30D4_winbase@h       0000000180006022     stdafx.obj
 0005:00000023       __DB057BA3_winuser@h       0000000180006023     stdafx.obj
 0005:00000024       __A118E6DC_stralign@h      0000000180006024     stdafx.obj
 0005:00000025       __A2143F22_corecrt_stdio_config@h 0000000180006025     stdafx.obj
 0005:00000026       __829E1958_corecrt_wstdio@h 0000000180006026     stdafx.obj
 0005:00000027       __6DFAE8B8_stdio@h         0000000180006027     stdafx.obj
 0005:00000028       __B49664B7_stdlib@h        0000000180006028     stdafx.obj
 0005:00000029       __116BF51F_stdafx@h        0000000180006029     stdafx.obj
 0006:00000060       $R000000                   0000000180007060     * linker generated manifest res *

 Exports

  ordinal    name

