 SizeBenchV2.AnalysisEngine.Tests.ForceIntegrityBit

 Timestamp is 5e93f99c (Sun Apr 12 22:33:16 2020)

 Preferred load address is 0000000180000000

 Start         Length     Name                   Class
 0001:00000000 00001740H .text$mn                CODE
 0001:00001740 00000020H .text$mn$00             CODE
 0001:00001760 000000cdH .text$x                 CODE
 0002:00000000 000000e8H .idata$5                DATA
 0002:000000e8 00000010H .00cfg                  DATA
 0002:000000f8 00000008H .CRT$XCA                DATA
 0002:00000100 00000008H .CRT$XCZ                DATA
 0002:00000108 00000008H .CRT$XIA                DATA
 0002:00000110 00000008H .CRT$XIZ                DATA
 0002:00000118 00000008H .CRT$XPA                DATA
 0002:00000120 00000008H .CRT$XPZ                DATA
 0002:00000128 00000008H .CRT$XTA                DATA
 0002:00000130 00000010H .CRT$XTZ                DATA
 0002:00000140 00000114H .rdata                  DATA
 0002:00000254 000002ecH .rdata$zzzdbg           DATA
 0002:00000540 00000008H .rtc$IAA                DATA
 0002:00000548 00000008H .rtc$IZZ                DATA
 0002:00000550 00000008H .rtc$TAA                DATA
 0002:00000558 00000008H .rtc$TZZ                DATA
 0002:00000560 00000194H .xdata                  DATA
 0002:000006f4 00000000H .edata                  DATA
 0002:000006f4 0000003cH .idata$2                DATA
 0002:00000730 00000018H .idata$3                DATA
 0002:00000748 000000e8H .idata$4                DATA
 0002:00000830 00000280H .idata$6                DATA
 0003:00000000 00000040H .data                   DATA
 0003:00000040 00000600H .bss                    DATA
 0004:00000000 00000264H .pdata                  DATA
 0005:00000000 00000010H .gfids$y                DATA
 0006:00000000 00000060H .rsrc$01                DATA
 0006:00000060 00000180H .rsrc$02                DATA

  Address         Publics by Value              Rva+Base               Lib:Object

 0000:00000000       __dynamic_value_reloc_table 0000000000000000     <absolute>
 0000:00000000       __guard_iat_table          0000000000000000     <absolute>
 0000:00000000       __guard_iat_count          0000000000000000     <absolute>
 0000:00000000       __guard_fids_count         0000000000000000     <absolute>
 0000:00000000       __guard_fids_table         0000000000000000     <absolute>
 0000:00000000       ___safe_se_handler_count   0000000000000000     <absolute>
 0000:00000000       __guard_longjmp_table      0000000000000000     <absolute>
 0000:00000000       ___safe_se_handler_table   0000000000000000     <absolute>
 0000:00000000       __guard_longjmp_count      0000000000000000     <absolute>
 0000:00000100       __guard_flags              0000000000000100     <absolute>
 0000:00000000       __ImageBase                0000000180000000     <linker-defined>
 0001:00000000       _get_startup_argv_mode     0000000180001000 f   MSVCRTD:argv_mode.obj
 0001:00000000       DllMain                    0000000180001000 f   dllmain.obj
 0001:00000020       __security_check_cookie    0000000180001020 f   MSVCRTD:_amdsecgs_.obj
 0001:00000440       _DllMainCRTStartup         0000000180001440 f   MSVCRTD:dll_dllmain.obj
 0001:00000480       __raise_securityfailure    0000000180001480 f   MSVCRTD:gs_report.obj
 0001:000004c0       __report_gsfailure         00000001800014c0 f   MSVCRTD:gs_report.obj
 0001:00000660       ??$__crt_fast_decode_pointer@PEAP6AXXZ@@YAPEAP6AXXZQEAP6AXXZ@Z 0000000180001660 f i MSVCRTD:utility.obj
 0001:000006a0       ??$__crt_fast_encode_pointer@PEAP6AXXZ@@YAPEAP6AXXZQEAP6AXXZ@Z 00000001800016a0 f i MSVCRTD:utility.obj
 0001:000006e0       ?__crt_rotate_pointer_value@@YA_K_KH@Z 00000001800016e0 f i MSVCRTD:utility.obj
 0001:00000700       ?configure_argv@__scrt_narrow_argv_policy@@SAHXZ 0000000180001700 f i MSVCRTD:utility.obj
 0001:00000880       NtCurrentTeb               0000000180001880 f i MSVCRTD:utility.obj
 0001:00000890       __scrt_acquire_startup_lock 0000000180001890 f   MSVCRTD:utility.obj
 0001:00000900       __scrt_dllmain_after_initialize_c 0000000180001900 f   MSVCRTD:utility.obj
 0001:00000930       __scrt_dllmain_before_initialize_c 0000000180001930 f   MSVCRTD:utility.obj
 0001:00000950       __scrt_dllmain_crt_thread_attach 0000000180001950 f   MSVCRTD:utility.obj
 0001:00000980       __scrt_dllmain_crt_thread_detach 0000000180001980 f   MSVCRTD:utility.obj
 0001:000009a0       __scrt_dllmain_exception_filter 00000001800019a0 f   MSVCRTD:utility.obj
 0001:00000a00       __scrt_dllmain_uninitialize_c 0000000180001a00 f   MSVCRTD:utility.obj
 0001:00000a30       __scrt_dllmain_uninitialize_critical 0000000180001a30 f   MSVCRTD:utility.obj
 0001:00000a50       __scrt_initialize_crt      0000000180001a50 f   MSVCRTD:utility.obj
 0001:00000aa0       __scrt_initialize_onexit_tables 0000000180001aa0 f   MSVCRTD:utility.obj
 0001:00000ba0       __scrt_is_nonwritable_in_current_image 0000000180001ba0 f   MSVCRTD:utility.obj
 0001:00000c30       __scrt_release_startup_lock 0000000180001c30 f   MSVCRTD:utility.obj
 0001:00000c60       __scrt_uninitialize_crt    0000000180001c60 f   MSVCRTD:utility.obj
 0001:00000ca0       _onexit                    0000000180001ca0 f   MSVCRTD:utility.obj
 0001:00000d30       atexit                     0000000180001d30 f   MSVCRTD:utility.obj
 0001:00000d70       __security_init_cookie     0000000180001d70 f   MSVCRTD:gs_support.obj
 0001:00000e90       ?__scrt_initialize_type_info@@YAXXZ 0000000180001e90 f   MSVCRTD:tncleanup.obj
 0001:00000eb0       ?__scrt_uninitialize_type_info@@YAXXZ 0000000180001eb0 f   MSVCRTD:tncleanup.obj
 0001:00000ed0       __local_stdio_printf_options 0000000180001ed0 f i MSVCRTD:default_local_stdio_options.obj
 0001:00000ee0       __local_stdio_scanf_options 0000000180001ee0 f i MSVCRTD:default_local_stdio_options.obj
 0001:00000ef0       __scrt_initialize_default_local_stdio_options 0000000180001ef0 f   MSVCRTD:default_local_stdio_options.obj
 0001:00000f40       __scrt_get_dyn_tls_init_callback 0000000180001f40 f   MSVCRTD:dyn_tls_init.obj
 0001:00000f50       __crt_debugger_hook        0000000180001f50 f   MSVCRTD:utility_desktop.obj
 0001:00000f60       __scrt_fastfail            0000000180001f60 f   MSVCRTD:utility_desktop.obj
 0001:00001100       _RTC_Initialize            0000000180002100 f   MSVCRTD:_initsect_.obj
 0001:00001150       _RTC_Terminate             0000000180002150 f   MSVCRTD:_initsect_.obj
 0001:000011a0       _guard_check_icall         00000001800021a0 f i MSVCRTD:checkcfg.obj
 0001:000011c0       __isa_available_init       00000001800021c0 f   MSVCRTD:_cpu_disp_.obj
 0001:00001540       __scrt_is_ucrt_dll_in_use  0000000180002540 f   MSVCRTD:ucrt_detection.obj
 0001:00001570       _guard_check_icall_nop     0000000180002570 f i MSVCRTD:guard_support.obj
 0001:00001580       __GSHandlerCheck           0000000180002580 f   MSVCRTD:_gshandler_.obj
 0001:000015c0       __GSHandlerCheckCommon     00000001800025c0 f   MSVCRTD:_gshandler_.obj
 0001:000016c0       __C_specific_handler       00000001800026c0 f   vcruntimed:VCRUNTIME140D.dll
 0001:000016c6       __std_type_info_destroy_list 00000001800026c6 f   vcruntimed:VCRUNTIME140D.dll
 0001:000016cc       _initterm                  00000001800026cc f   ucrtd:ucrtbased.dll
 0001:000016d2       _initterm_e                00000001800026d2 f   ucrtd:ucrtbased.dll
 0001:000016d8       _seh_filter_dll            00000001800026d8 f   ucrtd:ucrtbased.dll
 0001:000016de       _configure_narrow_argv     00000001800026de f   ucrtd:ucrtbased.dll
 0001:000016e4       _initialize_narrow_environment 00000001800026e4 f   ucrtd:ucrtbased.dll
 0001:000016ea       _initialize_onexit_table   00000001800026ea f   ucrtd:ucrtbased.dll
 0001:000016f0       _register_onexit_function  00000001800026f0 f   ucrtd:ucrtbased.dll
 0001:000016f6       _execute_onexit_table      00000001800026f6 f   ucrtd:ucrtbased.dll
 0001:000016fc       _crt_atexit                00000001800026fc f   ucrtd:ucrtbased.dll
 0001:00001702       _cexit                     0000000180002702 f   ucrtd:ucrtbased.dll
 0001:00001708       IsProcessorFeaturePresent  0000000180002708 f   kernel32:KERNEL32.dll
 0001:00001710       __scrt_stub_for_acrt_thread_attach 0000000180002710 f   MSVCRTD:ucrt_stubs.obj
 0001:00001710       __vcrt_thread_attach       0000000180002710 f   MSVCRTD:ucrt_stubs.obj
 0001:00001710       __vcrt_thread_detach       0000000180002710 f   MSVCRTD:ucrt_stubs.obj
 0001:00001710       __acrt_thread_attach       0000000180002710 f   MSVCRTD:ucrt_stubs.obj
 0001:00001710       __vcrt_initialize          0000000180002710 f   MSVCRTD:ucrt_stubs.obj
 0001:00001710       __scrt_stub_for_acrt_thread_detach 0000000180002710 f   MSVCRTD:ucrt_stubs.obj
 0001:00001710       __acrt_initialize          0000000180002710 f   MSVCRTD:ucrt_stubs.obj
 0001:00001710       __scrt_stub_for_acrt_initialize 0000000180002710 f   MSVCRTD:ucrt_stubs.obj
 0001:00001710       __acrt_thread_detach       0000000180002710 f   MSVCRTD:ucrt_stubs.obj
 0001:00001720       __acrt_uninitialize_critical 0000000180002720 f   MSVCRTD:ucrt_stubs.obj
 0001:00001720       __scrt_stub_for_acrt_uninitialize_critical 0000000180002720 f   MSVCRTD:ucrt_stubs.obj
 0001:00001720       __scrt_stub_for_acrt_uninitialize 0000000180002720 f   MSVCRTD:ucrt_stubs.obj
 0001:00001720       __acrt_uninitialize        0000000180002720 f   MSVCRTD:ucrt_stubs.obj
 0001:00001720       __vcrt_uninitialize        0000000180002720 f   MSVCRTD:ucrt_stubs.obj
 0001:00001720       __vcrt_uninitialize_critical 0000000180002720 f   MSVCRTD:ucrt_stubs.obj
 0001:00001730       _is_c_termination_complete 0000000180002730 f   MSVCRTD:ucrt_stubs.obj
 0001:00001730       __scrt_stub_for_is_c_termination_complete 0000000180002730 f   MSVCRTD:ucrt_stubs.obj
 0001:00001750       _guard_dispatch_icall_nop  0000000180002750 f   MSVCRTD:_guard_dispatch_.obj
 0002:00000000       __imp_RtlCaptureContext    0000000180003000     kernel32:KERNEL32.dll
 0002:00000008       __imp_IsDebuggerPresent    0000000180003008     kernel32:KERNEL32.dll
 0002:00000010       __imp_InitializeSListHead  0000000180003010     kernel32:KERNEL32.dll
 0002:00000018       __imp_GetSystemTimeAsFileTime 0000000180003018     kernel32:KERNEL32.dll
 0002:00000020       __imp_GetCurrentThreadId   0000000180003020     kernel32:KERNEL32.dll
 0002:00000028       __imp_GetCurrentProcessId  0000000180003028     kernel32:KERNEL32.dll
 0002:00000030       __imp_QueryPerformanceCounter 0000000180003030     kernel32:KERNEL32.dll
 0002:00000038       __imp_IsProcessorFeaturePresent 0000000180003038     kernel32:KERNEL32.dll
 0002:00000040       __imp_TerminateProcess     0000000180003040     kernel32:KERNEL32.dll
 0002:00000048       __imp_GetCurrentProcess    0000000180003048     kernel32:KERNEL32.dll
 0002:00000050       __imp_SetUnhandledExceptionFilter 0000000180003050     kernel32:KERNEL32.dll
 0002:00000058       __imp_UnhandledExceptionFilter 0000000180003058     kernel32:KERNEL32.dll
 0002:00000060       __imp_RtlVirtualUnwind     0000000180003060     kernel32:KERNEL32.dll
 0002:00000068       __imp_RtlLookupFunctionEntry 0000000180003068     kernel32:KERNEL32.dll
 0002:00000070       \177KERNEL32_NULL_THUNK_DATA 0000000180003070     kernel32:KERNEL32.dll
 0002:00000078       __imp___C_specific_handler 0000000180003078     vcruntimed:VCRUNTIME140D.dll
 0002:00000080       __imp___std_type_info_destroy_list 0000000180003080     vcruntimed:VCRUNTIME140D.dll
 0002:00000088       \177VCRUNTIME140D_NULL_THUNK_DATA 0000000180003088     vcruntimed:VCRUNTIME140D.dll
 0002:00000090       __imp__crt_atexit          0000000180003090     ucrtd:ucrtbased.dll
 0002:00000098       __imp__execute_onexit_table 0000000180003098     ucrtd:ucrtbased.dll
 0002:000000a0       __imp__register_onexit_function 00000001800030a0     ucrtd:ucrtbased.dll
 0002:000000a8       __imp__cexit               00000001800030a8     ucrtd:ucrtbased.dll
 0002:000000b0       __imp__initialize_narrow_environment 00000001800030b0     ucrtd:ucrtbased.dll
 0002:000000b8       __imp__configure_narrow_argv 00000001800030b8     ucrtd:ucrtbased.dll
 0002:000000c0       __imp__seh_filter_dll      00000001800030c0     ucrtd:ucrtbased.dll
 0002:000000c8       __imp__initterm_e          00000001800030c8     ucrtd:ucrtbased.dll
 0002:000000d0       __imp__initterm            00000001800030d0     ucrtd:ucrtbased.dll
 0002:000000d8       __imp__initialize_onexit_table 00000001800030d8     ucrtd:ucrtbased.dll
 0002:000000e0       \177ucrtbased_NULL_THUNK_DATA 00000001800030e0     ucrtd:ucrtbased.dll
 0002:000000e8       __guard_check_icall_fptr   00000001800030e8     MSVCRTD:guard_support.obj
 0002:000000f0       __guard_dispatch_icall_fptr 00000001800030f0     MSVCRTD:guard_support.obj
 0002:000000f8       __xc_a                     00000001800030f8     MSVCRTD:initializers.obj
 0002:00000100       __xc_z                     0000000180003100     MSVCRTD:initializers.obj
 0002:00000108       __xi_a                     0000000180003108     MSVCRTD:initializers.obj
 0002:00000110       __xi_z                     0000000180003110     MSVCRTD:initializers.obj
 0002:00000118       __xp_a                     0000000180003118     MSVCRTD:initializers.obj
 0002:00000120       __xp_z                     0000000180003120     MSVCRTD:initializers.obj
 0002:00000128       __xt_a                     0000000180003128     MSVCRTD:initializers.obj
 0002:00000130       __xt_z                     0000000180003130     MSVCRTD:initializers.obj
 0002:00000140       _pRawDllMain               0000000180003140     MSVCRTD:dll_dllmain.obj
 0002:00000140       _pDefaultRawDllMain        0000000180003140     MSVCRTD:dll_dllmain.obj
 0002:000001c0       _load_config_used          00000001800031c0     MSVCRTD:loadcfg.obj
 0002:00000540       __rtc_iaa                  0000000180003540     MSVCRTD:_initsect_.obj
 0002:00000548       __rtc_izz                  0000000180003548     MSVCRTD:_initsect_.obj
 0002:00000550       __rtc_taa                  0000000180003550     MSVCRTD:_initsect_.obj
 0002:00000558       __rtc_tzz                  0000000180003558     MSVCRTD:_initsect_.obj
 0002:000006f4       __IMPORT_DESCRIPTOR_VCRUNTIME140D 00000001800036f4     vcruntimed:VCRUNTIME140D.dll
 0002:00000708       __IMPORT_DESCRIPTOR_ucrtbased 0000000180003708     ucrtd:ucrtbased.dll
 0002:0000071c       __IMPORT_DESCRIPTOR_KERNEL32 000000018000371c     kernel32:KERNEL32.dll
 0002:00000730       __NULL_IMPORT_DESCRIPTOR   0000000180003730     vcruntimed:VCRUNTIME140D.dll
 0003:00000000       __security_cookie          0000000180004000     MSVCRTD:gs_cookie.obj
 0003:00000008       __security_cookie_complement 0000000180004008     MSVCRTD:gs_cookie.obj
 0003:00000010       __scrt_native_dllmain_reason 0000000180004010     MSVCRTD:utility.obj
 0003:00000018       __isa_available            0000000180004018     MSVCRTD:_cpu_disp_.obj
 0003:0000001c       __isa_enabled              000000018000401c     MSVCRTD:_cpu_disp_.obj
 0003:00000020       __memcpy_nt_iters          0000000180004020     MSVCRTD:_cpu_disp_.obj
 0003:00000030       __scrt_ucrt_dll_is_in_use  0000000180004030     MSVCRTD:ucrt_stubs.obj
 0003:000005c0       __scrt_current_native_startup_state 00000001800045c0     MSVCRTD:utility.obj
 0003:000005c8       __scrt_native_startup_lock 00000001800045c8     MSVCRTD:utility.obj
 0003:00000610       ?__type_info_root_node@@3U__type_info_node@@A 0000000180004610     MSVCRTD:tncleanup.obj
 0003:00000620       ?_OptionsStorage@?1??__local_stdio_printf_options@@9@4_KA 0000000180004620     MSVCRTD:default_local_stdio_options.obj
 0003:00000628       ?_OptionsStorage@?1??__local_stdio_scanf_options@@9@4_KA 0000000180004628     MSVCRTD:default_local_stdio_options.obj
 0003:00000630       __scrt_debugger_hook_flag  0000000180004630     MSVCRTD:utility_desktop.obj
 0003:00000634       __favor                    0000000180004634     MSVCRTD:_cpu_disp_.obj
 0003:00000638       __dyn_tls_init_callback    0000000180004638     <common>

 entry point at        0001:00000440

 Static symbols

 0000:ffff7000       .debug$S                   0000000180000000     vcruntimed:VCRUNTIME140D.dll
 0000:ffff7000       .debug$S                   0000000180000000     kernel32:KERNEL32.dll
 0000:ffff7000       .debug$S                   0000000180000000     kernel32:KERNEL32.dll
 0000:ffff7000       .debug$S                   0000000180000000     kernel32:KERNEL32.dll
 0000:ffff7000       .debug$S                   0000000180000000     kernel32:KERNEL32.dll
 0000:ffff7000       .debug$S                   0000000180000000     kernel32:KERNEL32.dll
 0000:ffff7000       .debug$S                   0000000180000000     kernel32:KERNEL32.dll
 0000:ffff7000       .debug$S                   0000000180000000     kernel32:KERNEL32.dll
 0000:ffff7000       .debug$S                   0000000180000000     kernel32:KERNEL32.dll
 0000:ffff7000       .debug$S                   0000000180000000     kernel32:KERNEL32.dll
 0000:ffff7000       .debug$S                   0000000180000000     kernel32:KERNEL32.dll
 0000:ffff7000       .debug$S                   0000000180000000     kernel32:KERNEL32.dll
 0000:ffff7000       .debug$S                   0000000180000000     kernel32:KERNEL32.dll
 0000:ffff7000       .debug$S                   0000000180000000     kernel32:KERNEL32.dll
 0000:ffff7000       .debug$S                   0000000180000000     kernel32:KERNEL32.dll
 0000:ffff7000       .debug$S                   0000000180000000     kernel32:KERNEL32.dll
 0000:ffff7000       .debug$S                   0000000180000000     kernel32:KERNEL32.dll
 0000:ffff7000       .debug$S                   0000000180000000     ucrtd:ucrtbased.dll
 0000:ffff7000       .debug$S                   0000000180000000     vcruntimed:VCRUNTIME140D.dll
 0000:ffff7000       .debug$S                   0000000180000000     ucrtd:ucrtbased.dll
 0000:ffff7000       .debug$S                   0000000180000000     ucrtd:ucrtbased.dll
 0000:ffff7000       .debug$S                   0000000180000000     ucrtd:ucrtbased.dll
 0000:ffff7000       .debug$S                   0000000180000000     ucrtd:ucrtbased.dll
 0000:ffff7000       .debug$S                   0000000180000000     ucrtd:ucrtbased.dll
 0000:ffff7000       .debug$S                   0000000180000000     ucrtd:ucrtbased.dll
 0000:ffff7000       .debug$S                   0000000180000000     ucrtd:ucrtbased.dll
 0000:ffff7000       .debug$S                   0000000180000000     ucrtd:ucrtbased.dll
 0000:ffff7000       .debug$S                   0000000180000000     ucrtd:ucrtbased.dll
 0000:ffff7000       .debug$S                   0000000180000000     ucrtd:ucrtbased.dll
 0000:ffff7000       .debug$S                   0000000180000000     ucrtd:ucrtbased.dll
 0001:00000010       $$000000                   0000000180001010     MSVCRTD:_amdsecgs_.obj
 0001:00000050       ?dllmain_crt_dispatch@@YAHQEAUHINSTANCE__@@KQEAX@Z 0000000180001050 f   MSVCRTD:dll_dllmain.obj
 0001:000000e0       ?dllmain_crt_process_attach@@YAHQEAUHINSTANCE__@@QEAX@Z 00000001800010e0 f   MSVCRTD:dll_dllmain.obj
 0001:00000230       ?dllmain_crt_process_detach@@YAH_N@Z 0000000180001230 f   MSVCRTD:dll_dllmain.obj
 0001:000002b0       ?dllmain_dispatch@@YAHQEAUHINSTANCE__@@KQEAX@Z 00000001800012b0 f   MSVCRTD:dll_dllmain.obj
 0001:000003f0       ?dllmain_raw@@YAHQEAUHINSTANCE__@@KQEAX@Z 00000001800013f0 f   MSVCRTD:dll_dllmain.obj
 0001:000005a0       capture_previous_context   00000001800015a0 f   MSVCRTD:gs_report.obj
 0001:00000720       ?find_pe_section@@YAPEAU_IMAGE_SECTION_HEADER@@QEAE_K@Z 0000000180001720 f   MSVCRTD:utility.obj
 0001:000007f0       ?is_potentially_valid_image_base@@YA_NQEAX@Z 00000001800017f0 f   MSVCRTD:utility.obj
 0001:00001740       $$000000                   0000000180002740     MSVCRTD:_guard_dispatch_.obj
 0001:00001760       ?fin$0@?0??dllmain_crt_process_attach@@YAHQEAUHINSTANCE__@@QEAX@Z@4HA 0000000180002760 f   MSVCRTD:dll_dllmain.obj
 0001:00001780       ?fin$0@?0??dllmain_crt_process_detach@@YAH_N@Z@4HA 0000000180002780 f   MSVCRTD:dll_dllmain.obj
 0001:000017a0       ?filt$0@?0??dllmain_dispatch@@YAHQEAUHINSTANCE__@@KQEAX@Z@4HA 00000001800027a0 f   MSVCRTD:dll_dllmain.obj
 0001:000017f0       __scrt_is_nonwritable_in_current_image$filt$0 00000001800027f0 f   MSVCRTD:utility.obj
 0002:00000148       GS_ExceptionPointers       0000000180003148     MSVCRTD:gs_report.obj
 0002:00000560       $xdatasym                  0000000180003560     MSVCRTD:_amdsecgs_.obj
 0002:00000564       $unwind$?dllmain_crt_process_attach@@YAHQEAUHINSTANCE__@@QEAX@Z 0000000180003564     MSVCRTD:dll_dllmain.obj
 0002:00000584       $unwind$?dllmain_crt_process_detach@@YAH_N@Z 0000000180003584     MSVCRTD:dll_dllmain.obj
 0002:000005a4       $unwind$?fin$0@?0??dllmain_crt_process_detach@@YAH_N@Z@4HA 00000001800035a4     MSVCRTD:dll_dllmain.obj
 0002:000005a4       $unwind$__scrt_is_nonwritable_in_current_image$filt$0 00000001800035a4     MSVCRTD:utility.obj
 0002:000005a4       $unwind$?fin$0@?0??dllmain_crt_process_attach@@YAHQEAUHINSTANCE__@@QEAX@Z@4HA 00000001800035a4     MSVCRTD:dll_dllmain.obj
 0002:000005ac       $unwind$?dllmain_raw@@YAHQEAUHINSTANCE__@@KQEAX@Z 00000001800035ac     MSVCRTD:dll_dllmain.obj
 0002:000005ac       $unwind$?dllmain_crt_dispatch@@YAHQEAUHINSTANCE__@@KQEAX@Z 00000001800035ac     MSVCRTD:dll_dllmain.obj
 0002:000005b4       $unwind$?dllmain_dispatch@@YAHQEAUHINSTANCE__@@KQEAX@Z 00000001800035b4     MSVCRTD:dll_dllmain.obj
 0002:000005d4       $unwind$?filt$0@?0??dllmain_dispatch@@YAHQEAUHINSTANCE__@@KQEAX@Z@4HA 00000001800035d4     MSVCRTD:dll_dllmain.obj
 0002:000005dc       $unwind$_DllMainCRTStartup 00000001800035dc     MSVCRTD:dll_dllmain.obj
 0002:000005e4       $unwind$capture_previous_context 00000001800035e4     MSVCRTD:gs_report.obj
 0002:000005ec       $unwind$atexit             00000001800035ec     MSVCRTD:utility.obj
 0002:000005ec       $unwind$__report_gsfailure 00000001800035ec     MSVCRTD:gs_report.obj
 0002:000005f4       $unwind$_onexit            00000001800035f4     MSVCRTD:utility.obj
 0002:000005fc       $unwind$__scrt_is_nonwritable_in_current_image 00000001800035fc     MSVCRTD:utility.obj
 0002:0000061c       $unwind$__security_init_cookie 000000018000361c     MSVCRTD:gs_support.obj
 0002:0000061c       $unwind$__scrt_acquire_startup_lock 000000018000361c     MSVCRTD:utility.obj
 0002:00000624       $unwind$__scrt_release_startup_lock 0000000180003624     MSVCRTD:utility.obj
 0002:00000624       $unwind$__scrt_initialize_crt 0000000180003624     MSVCRTD:utility.obj
 0002:0000062c       $unwind$__scrt_uninitialize_crt 000000018000362c     MSVCRTD:utility.obj
 0002:00000634       $unwind$__scrt_initialize_onexit_tables 0000000180003634     MSVCRTD:utility.obj
 0002:00000640       $unwind$__scrt_dllmain_exception_filter 0000000180003640     MSVCRTD:utility.obj
 0002:00000648       $unwind$?__scrt_uninitialize_type_info@@YAXXZ 0000000180003648     MSVCRTD:tncleanup.obj
 0002:00000648       $unwind$?configure_argv@__scrt_narrow_argv_policy@@SAHXZ 0000000180003648     MSVCRTD:utility.obj
 0002:00000648       $unwind$?__scrt_initialize_type_info@@YAXXZ 0000000180003648     MSVCRTD:tncleanup.obj
 0002:00000648       $unwind$__scrt_dllmain_uninitialize_critical 0000000180003648     MSVCRTD:utility.obj
 0002:00000648       $unwind$__scrt_dllmain_crt_thread_detach 0000000180003648     MSVCRTD:utility.obj
 0002:00000648       $unwind$__scrt_dllmain_crt_thread_attach 0000000180003648     MSVCRTD:utility.obj
 0002:00000648       $unwind$__scrt_dllmain_uninitialize_c 0000000180003648     MSVCRTD:utility.obj
 0002:00000648       $unwind$__scrt_dllmain_before_initialize_c 0000000180003648     MSVCRTD:utility.obj
 0002:00000648       $unwind$__scrt_dllmain_after_initialize_c 0000000180003648     MSVCRTD:utility.obj
 0002:00000650       $unwind$?find_pe_section@@YAPEAU_IMAGE_SECTION_HEADER@@QEAE_K@Z 0000000180003650     MSVCRTD:utility.obj
 0002:00000658       $unwind$??$__crt_fast_encode_pointer@PEAP6AXXZ@@YAPEAP6AXXZQEAP6AXXZ@Z 0000000180003658     MSVCRTD:utility.obj
 0002:00000658       $unwind$??$__crt_fast_decode_pointer@PEAP6AXXZ@@YAPEAP6AXXZQEAP6AXXZ@Z 0000000180003658     MSVCRTD:utility.obj
 0002:00000658       $unwind$_guard_check_icall 0000000180003658     MSVCRTD:checkcfg.obj
 0002:00000658       $unwind$__raise_securityfailure 0000000180003658     MSVCRTD:gs_report.obj
 0002:00000658       $unwind$?is_potentially_valid_image_base@@YA_NQEAX@Z 0000000180003658     MSVCRTD:utility.obj
 0002:00000660       $unwind$__scrt_initialize_default_local_stdio_options 0000000180003660     MSVCRTD:default_local_stdio_options.obj
 0002:00000668       $unwind$__scrt_fastfail    0000000180003668     MSVCRTD:utility_desktop.obj
 0002:00000674       $unwind$_RTC_Initialize    0000000180003674     MSVCRTD:_initsect_.obj
 0002:00000674       $unwind$_RTC_Terminate     0000000180003674     MSVCRTD:_initsect_.obj
 0002:00000680       $chain$0$_RTC_Initialize   0000000180003680     MSVCRTD:_initsect_.obj
 0002:00000694       $chain$1$_RTC_Initialize   0000000180003694     MSVCRTD:_initsect_.obj
 0002:000006a4       $chain$0$_RTC_Terminate    00000001800036a4     MSVCRTD:_initsect_.obj
 0002:000006b8       $chain$1$_RTC_Terminate    00000001800036b8     MSVCRTD:_initsect_.obj
 0002:000006c8       $unwind$__isa_available_init 00000001800036c8     MSVCRTD:_cpu_disp_.obj
 0002:000006d8       $unwind$__scrt_is_ucrt_dll_in_use 00000001800036d8     MSVCRTD:ucrt_detection.obj
 0002:000006e0       $unwind$__GSHandlerCheckCommon 00000001800036e0     MSVCRTD:_gshandler_.obj
 0002:000006e8       $unwind$__GSHandlerCheck   00000001800036e8     MSVCRTD:_gshandler_.obj
 0002:000006f0       $xdatasym                  00000001800036f0     MSVCRTD:_guard_dispatch_.obj
 0002:00000868       .idata$6                   0000000180003868     vcruntimed:VCRUNTIME140D.dll
 0002:0000094a       .idata$6                   000000018000394a     ucrtd:ucrtbased.dll
 0002:00000aa2       .idata$6                   0000000180003aa2     kernel32:KERNEL32.dll
 0003:00000040       ?__proc_attached@@3HA      0000000180004040     MSVCRTD:dll_dllmain.obj
 0003:00000050       GS_ExceptionRecord         0000000180004050     MSVCRTD:gs_report.obj
 0003:000000f0       GS_ContextRecord           00000001800040f0     MSVCRTD:gs_report.obj
 0003:000005d0       ?module_local_atexit_table@@3U_onexit_table_t@@A 00000001800045d0     MSVCRTD:utility.obj
 0003:000005e8       ?module_local_at_quick_exit_table@@3U_onexit_table_t@@A 00000001800045e8     MSVCRTD:utility.obj
 0003:00000600       ?is_initialized_as_dll@@3_NA 0000000180004600     MSVCRTD:utility.obj
 0004:0000000c       $pdata$?dllmain_crt_dispatch@@YAHQEAUHINSTANCE__@@KQEAX@Z 000000018000500c     MSVCRTD:dll_dllmain.obj
 0004:00000018       $pdata$?dllmain_crt_process_attach@@YAHQEAUHINSTANCE__@@QEAX@Z 0000000180005018     MSVCRTD:dll_dllmain.obj
 0004:00000024       $pdata$?dllmain_crt_process_detach@@YAH_N@Z 0000000180005024     MSVCRTD:dll_dllmain.obj
 0004:00000030       $pdata$?dllmain_dispatch@@YAHQEAUHINSTANCE__@@KQEAX@Z 0000000180005030     MSVCRTD:dll_dllmain.obj
 0004:0000003c       $pdata$?dllmain_raw@@YAHQEAUHINSTANCE__@@KQEAX@Z 000000018000503c     MSVCRTD:dll_dllmain.obj
 0004:00000048       $pdata$_DllMainCRTStartup  0000000180005048     MSVCRTD:dll_dllmain.obj
 0004:00000054       $pdata$__raise_securityfailure 0000000180005054     MSVCRTD:gs_report.obj
 0004:00000060       $pdata$__report_gsfailure  0000000180005060     MSVCRTD:gs_report.obj
 0004:0000006c       $pdata$capture_previous_context 000000018000506c     MSVCRTD:gs_report.obj
 0004:00000078       $pdata$??$__crt_fast_decode_pointer@PEAP6AXXZ@@YAPEAP6AXXZQEAP6AXXZ@Z 0000000180005078     MSVCRTD:utility.obj
 0004:00000084       $pdata$??$__crt_fast_encode_pointer@PEAP6AXXZ@@YAPEAP6AXXZQEAP6AXXZ@Z 0000000180005084     MSVCRTD:utility.obj
 0004:00000090       $pdata$?configure_argv@__scrt_narrow_argv_policy@@SAHXZ 0000000180005090     MSVCRTD:utility.obj
 0004:0000009c       $pdata$?find_pe_section@@YAPEAU_IMAGE_SECTION_HEADER@@QEAE_K@Z 000000018000509c     MSVCRTD:utility.obj
 0004:000000a8       $pdata$?is_potentially_valid_image_base@@YA_NQEAX@Z 00000001800050a8     MSVCRTD:utility.obj
 0004:000000b4       $pdata$__scrt_acquire_startup_lock 00000001800050b4     MSVCRTD:utility.obj
 0004:000000c0       $pdata$__scrt_dllmain_after_initialize_c 00000001800050c0     MSVCRTD:utility.obj
 0004:000000cc       $pdata$__scrt_dllmain_before_initialize_c 00000001800050cc     MSVCRTD:utility.obj
 0004:000000d8       $pdata$__scrt_dllmain_crt_thread_attach 00000001800050d8     MSVCRTD:utility.obj
 0004:000000e4       $pdata$__scrt_dllmain_crt_thread_detach 00000001800050e4     MSVCRTD:utility.obj
 0004:000000f0       $pdata$__scrt_dllmain_exception_filter 00000001800050f0     MSVCRTD:utility.obj
 0004:000000fc       $pdata$__scrt_dllmain_uninitialize_c 00000001800050fc     MSVCRTD:utility.obj
 0004:00000108       $pdata$__scrt_dllmain_uninitialize_critical 0000000180005108     MSVCRTD:utility.obj
 0004:00000114       $pdata$__scrt_initialize_crt 0000000180005114     MSVCRTD:utility.obj
 0004:00000120       $pdata$__scrt_initialize_onexit_tables 0000000180005120     MSVCRTD:utility.obj
 0004:0000012c       $pdata$__scrt_is_nonwritable_in_current_image 000000018000512c     MSVCRTD:utility.obj
 0004:00000138       $pdata$__scrt_release_startup_lock 0000000180005138     MSVCRTD:utility.obj
 0004:00000144       $pdata$__scrt_uninitialize_crt 0000000180005144     MSVCRTD:utility.obj
 0004:00000150       $pdata$_onexit             0000000180005150     MSVCRTD:utility.obj
 0004:0000015c       $pdata$atexit              000000018000515c     MSVCRTD:utility.obj
 0004:00000168       $pdata$__security_init_cookie 0000000180005168     MSVCRTD:gs_support.obj
 0004:00000174       $pdata$?__scrt_initialize_type_info@@YAXXZ 0000000180005174     MSVCRTD:tncleanup.obj
 0004:00000180       $pdata$?__scrt_uninitialize_type_info@@YAXXZ 0000000180005180     MSVCRTD:tncleanup.obj
 0004:0000018c       $pdata$__scrt_initialize_default_local_stdio_options 000000018000518c     MSVCRTD:default_local_stdio_options.obj
 0004:00000198       $pdata$__scrt_fastfail     0000000180005198     MSVCRTD:utility_desktop.obj
 0004:000001a4       $pdata$_RTC_Initialize     00000001800051a4     MSVCRTD:_initsect_.obj
 0004:000001b0       $pdata$0$_RTC_Initialize   00000001800051b0     MSVCRTD:_initsect_.obj
 0004:000001bc       $pdata$1$_RTC_Initialize   00000001800051bc     MSVCRTD:_initsect_.obj
 0004:000001c8       $pdata$_RTC_Terminate      00000001800051c8     MSVCRTD:_initsect_.obj
 0004:000001d4       $pdata$0$_RTC_Terminate    00000001800051d4     MSVCRTD:_initsect_.obj
 0004:000001e0       $pdata$1$_RTC_Terminate    00000001800051e0     MSVCRTD:_initsect_.obj
 0004:000001ec       $pdata$_guard_check_icall  00000001800051ec     MSVCRTD:checkcfg.obj
 0004:000001f8       $pdata$__isa_available_init 00000001800051f8     MSVCRTD:_cpu_disp_.obj
 0004:00000204       $pdata$__scrt_is_ucrt_dll_in_use 0000000180005204     MSVCRTD:ucrt_detection.obj
 0004:00000210       $pdata$__GSHandlerCheck    0000000180005210     MSVCRTD:_gshandler_.obj
 0004:0000021c       $pdata$__GSHandlerCheckCommon 000000018000521c     MSVCRTD:_gshandler_.obj
 0004:00000234       $pdata$?fin$0@?0??dllmain_crt_process_attach@@YAHQEAUHINSTANCE__@@QEAX@Z@4HA 0000000180005234     MSVCRTD:dll_dllmain.obj
 0004:00000240       $pdata$?fin$0@?0??dllmain_crt_process_detach@@YAH_N@Z@4HA 0000000180005240     MSVCRTD:dll_dllmain.obj
 0004:0000024c       $pdata$?filt$0@?0??dllmain_dispatch@@YAHQEAUHINSTANCE__@@KQEAX@Z@4HA 000000018000524c     MSVCRTD:dll_dllmain.obj
 0004:00000258       $pdata$__scrt_is_nonwritable_in_current_image$filt$0 0000000180005258     MSVCRTD:utility.obj
 0005:00000000       __guard_fids_?dllmain_crt_process_attach@@YAHQEAUHINSTANCE__@@QEAX@Z 0000000180006000     MSVCRTD:dll_dllmain.obj
 0005:00000008       __guard_fids_?dllmain_dispatch@@YAHQEAUHINSTANCE__@@KQEAX@Z 0000000180006008     MSVCRTD:dll_dllmain.obj
 0005:0000000c       __guard_fids__             000000018000600c     MSVCRTD:guard_support.obj
 0006:00000060       $R000000                   0000000180007060     * linker generated manifest res *

 Exports

  ordinal    name

