 SizeBenchV2.AnalysisEngine.Tests.CppDll

 Timestamp is 5747712f (Thu May 26 14:57:03 2016)

 Preferred load address is 0000000180000000

 Start         Length     Name                   Class
 0001:00000000 00001780H .text$mn                CODE
 0001:00001780 00000020H .text$mn$00             CODE
 0001:000017a0 000000cdH .text$x                 CODE
 0002:00000000 000000f8H .idata$5                DATA
 0002:000000f8 00000010H .00cfg                  DATA
 0002:00000108 00000008H .CRT$XCA                DATA
 0002:00000110 00000008H .CRT$XCZ                DATA
 0002:00000118 00000008H .CRT$XIA                DATA
 0002:00000120 00000008H .CRT$XIZ                DATA
 0002:00000128 00000008H .CRT$XPA                DATA
 0002:00000130 00000008H .CRT$XPZ                DATA
 0002:00000138 00000008H .CRT$XTA                DATA
 0002:00000140 00000010H .CRT$XTZ                DATA
 0002:00000150 00000114H .rdata                  DATA
 0002:00000264 000002ccH .rdata$zzzdbg           DATA
 0002:00000530 00000008H .rtc$IAA                DATA
 0002:00000538 00000008H .rtc$IZZ                DATA
 0002:00000540 00000008H .rtc$TAA                DATA
 0002:00000548 00000008H .rtc$TZZ                DATA
 0002:00000550 00000194H .xdata                  DATA
 0002:000006e4 00000000H .edata                  DATA
 0002:000006e4 0000003cH .idata$2                DATA
 0002:00000720 00000018H .idata$3                DATA
 0002:00000738 000000f8H .idata$4                DATA
 0002:00000830 000002c4H .idata$6                DATA
 0003:00000000 00000040H .data                   DATA
 0003:00000040 00000608H .bss                    DATA
 0004:00000000 00000264H .pdata                  DATA
 0005:00000000 00000010H .gfids$y                DATA
 0006:00000000 00000060H .rsrc$01                DATA
 0006:00000060 00000180H .rsrc$02                DATA

  Address         Publics by Value              Rva+Base               Lib:Object

 0000:00000000       __dynamic_value_reloc_table 0000000000000000     <absolute>
 0000:00000000       __guard_iat_table          0000000000000000     <absolute>
 0000:00000000       __guard_iat_count          0000000000000000     <absolute>
 0000:00000000       __guard_fids_count         0000000000000000     <absolute>
 0000:00000000       __guard_fids_table         0000000000000000     <absolute>
 0000:00000000       ___safe_se_handler_count   0000000000000000     <absolute>
 0000:00000000       __guard_longjmp_table      0000000000000000     <absolute>
 0000:00000000       ___safe_se_handler_table   0000000000000000     <absolute>
 0000:00000000       __guard_longjmp_count      0000000000000000     <absolute>
 0000:00000100       __guard_flags              0000000000000100     <absolute>
 0000:00000000       __ImageBase                0000000180000000     <linker-defined>
 0001:00000000       _get_startup_argv_mode     0000000180001000 f   MSVCRTD:argv_mode.obj
 0001:00000000       DllMain                    0000000180001000 f   dllmain.obj
 0001:00000020       __security_check_cookie    0000000180001020 f   MSVCRTD:_amdsecgs_.obj
 0001:00000470       _DllMainCRTStartup         0000000180001470 f   MSVCRTD:dll_dllmain.obj
 0001:000004b0       __raise_securityfailure    00000001800014b0 f   MSVCRTD:gs_report.obj
 0001:000004f0       __report_gsfailure         00000001800014f0 f   MSVCRTD:gs_report.obj
 0001:00000690       ??$__crt_fast_decode_pointer@PEAP6AXXZ@@YAPEAP6AXXZQEAP6AXXZ@Z 0000000180001690 f i MSVCRTD:utility.obj
 0001:000006d0       ??$__crt_fast_encode_pointer@PEAP6AXXZ@@YAPEAP6AXXZQEAP6AXXZ@Z 00000001800016d0 f i MSVCRTD:utility.obj
 0001:00000710       ?__crt_rotate_pointer_value@@YA_K_KH@Z 0000000180001710 f i MSVCRTD:utility.obj
 0001:00000730       ?configure_argv@__scrt_narrow_argv_policy@@SAHXZ 0000000180001730 f i MSVCRTD:utility.obj
 0001:000008b0       NtCurrentTeb               00000001800018b0 f i MSVCRTD:utility.obj
 0001:000008c0       __scrt_acquire_startup_lock 00000001800018c0 f   MSVCRTD:utility.obj
 0001:00000930       __scrt_dllmain_after_initialize_c 0000000180001930 f   MSVCRTD:utility.obj
 0001:00000960       __scrt_dllmain_before_initialize_c 0000000180001960 f   MSVCRTD:utility.obj
 0001:00000980       __scrt_dllmain_crt_thread_attach 0000000180001980 f   MSVCRTD:utility.obj
 0001:000009b0       __scrt_dllmain_crt_thread_detach 00000001800019b0 f   MSVCRTD:utility.obj
 0001:000009d0       __scrt_dllmain_exception_filter 00000001800019d0 f   MSVCRTD:utility.obj
 0001:00000a30       __scrt_dllmain_uninitialize_c 0000000180001a30 f   MSVCRTD:utility.obj
 0001:00000a60       __scrt_dllmain_uninitialize_critical 0000000180001a60 f   MSVCRTD:utility.obj
 0001:00000a80       __scrt_initialize_crt      0000000180001a80 f   MSVCRTD:utility.obj
 0001:00000ad0       __scrt_initialize_onexit_tables 0000000180001ad0 f   MSVCRTD:utility.obj
 0001:00000bd0       __scrt_is_nonwritable_in_current_image 0000000180001bd0 f   MSVCRTD:utility.obj
 0001:00000c60       __scrt_release_startup_lock 0000000180001c60 f   MSVCRTD:utility.obj
 0001:00000c90       __scrt_uninitialize_crt    0000000180001c90 f   MSVCRTD:utility.obj
 0001:00000cd0       _onexit                    0000000180001cd0 f   MSVCRTD:utility.obj
 0001:00000d60       atexit                     0000000180001d60 f   MSVCRTD:utility.obj
 0001:00000da0       __security_init_cookie     0000000180001da0 f   MSVCRTD:gs_support.obj
 0001:00000ec0       ?__scrt_initialize_type_info@@YAXXZ 0000000180001ec0 f   MSVCRTD:tncleanup.obj
 0001:00000ee0       ?__scrt_uninitialize_type_info@@YAXXZ 0000000180001ee0 f   MSVCRTD:tncleanup.obj
 0001:00000f00       __local_stdio_printf_options 0000000180001f00 f i MSVCRTD:default_local_stdio_options.obj
 0001:00000f10       __local_stdio_scanf_options 0000000180001f10 f i MSVCRTD:default_local_stdio_options.obj
 0001:00000f20       __scrt_initialize_default_local_stdio_options 0000000180001f20 f   MSVCRTD:default_local_stdio_options.obj
 0001:00000f70       __scrt_get_dyn_tls_init_callback 0000000180001f70 f   MSVCRTD:dyn_tls_init.obj
 0001:00000f80       __crt_debugger_hook        0000000180001f80 f   MSVCRTD:utility_desktop.obj
 0001:00000f90       __scrt_fastfail            0000000180001f90 f   MSVCRTD:utility_desktop.obj
 0001:00001130       _RTC_Initialize            0000000180002130 f   MSVCRTD:_initsect_.obj
 0001:00001180       _RTC_Terminate             0000000180002180 f   MSVCRTD:_initsect_.obj
 0001:000011d0       _guard_check_icall         00000001800021d0 f i MSVCRTD:checkcfg.obj
 0001:000011f0       __isa_available_init       00000001800021f0 f   MSVCRTD:_cpu_disp_.obj
 0001:00001570       __scrt_is_ucrt_dll_in_use  0000000180002570 f   MSVCRTD:ucrt_detection.obj
 0001:000015a0       _guard_check_icall_nop     00000001800025a0 f i MSVCRTD:guard_support.obj
 0001:000015b0       __GSHandlerCheck           00000001800025b0 f   MSVCRTD:_gshandler_.obj
 0001:000015f0       __GSHandlerCheckCommon     00000001800025f0 f   MSVCRTD:_gshandler_.obj
 0001:000016f0       __telemetry_main_invoke_trigger 00000001800026f0 f   vcruntimed:VCRUNTIME140D.dll
 0001:000016f6       __telemetry_main_return_trigger 00000001800026f6 f   vcruntimed:VCRUNTIME140D.dll
 0001:000016fc       __C_specific_handler       00000001800026fc f   vcruntimed:VCRUNTIME140D.dll
 0001:00001702       __std_type_info_destroy_list 0000000180002702 f   vcruntimed:VCRUNTIME140D.dll
 0001:00001708       _initterm                  0000000180002708 f   ucrtd:ucrtbased.dll
 0001:0000170e       _initterm_e                000000018000270e f   ucrtd:ucrtbased.dll
 0001:00001714       _seh_filter_dll            0000000180002714 f   ucrtd:ucrtbased.dll
 0001:0000171a       _configure_narrow_argv     000000018000271a f   ucrtd:ucrtbased.dll
 0001:00001720       _initialize_narrow_environment 0000000180002720 f   ucrtd:ucrtbased.dll
 0001:00001726       _initialize_onexit_table   0000000180002726 f   ucrtd:ucrtbased.dll
 0001:0000172c       _register_onexit_function  000000018000272c f   ucrtd:ucrtbased.dll
 0001:00001732       _execute_onexit_table      0000000180002732 f   ucrtd:ucrtbased.dll
 0001:00001738       _crt_atexit                0000000180002738 f   ucrtd:ucrtbased.dll
 0001:0000173e       _cexit                     000000018000273e f   ucrtd:ucrtbased.dll
 0001:00001744       IsProcessorFeaturePresent  0000000180002744 f   kernel32:KERNEL32.dll
 0001:00001750       __acrt_thread_attach       0000000180002750 f   MSVCRTD:ucrt_stubs.obj
 0001:00001750       __scrt_stub_for_acrt_thread_attach 0000000180002750 f   MSVCRTD:ucrt_stubs.obj
 0001:00001750       __acrt_thread_detach       0000000180002750 f   MSVCRTD:ucrt_stubs.obj
 0001:00001750       __acrt_initialize          0000000180002750 f   MSVCRTD:ucrt_stubs.obj
 0001:00001750       __scrt_stub_for_acrt_thread_detach 0000000180002750 f   MSVCRTD:ucrt_stubs.obj
 0001:00001750       __scrt_stub_for_acrt_initialize 0000000180002750 f   MSVCRTD:ucrt_stubs.obj
 0001:00001750       __vcrt_initialize          0000000180002750 f   MSVCRTD:ucrt_stubs.obj
 0001:00001750       __vcrt_thread_detach       0000000180002750 f   MSVCRTD:ucrt_stubs.obj
 0001:00001750       __vcrt_thread_attach       0000000180002750 f   MSVCRTD:ucrt_stubs.obj
 0001:00001760       __scrt_stub_for_acrt_uninitialize 0000000180002760 f   MSVCRTD:ucrt_stubs.obj
 0001:00001760       __vcrt_uninitialize        0000000180002760 f   MSVCRTD:ucrt_stubs.obj
 0001:00001760       __scrt_stub_for_acrt_uninitialize_critical 0000000180002760 f   MSVCRTD:ucrt_stubs.obj
 0001:00001760       __acrt_uninitialize_critical 0000000180002760 f   MSVCRTD:ucrt_stubs.obj
 0001:00001760       __acrt_uninitialize        0000000180002760 f   MSVCRTD:ucrt_stubs.obj
 0001:00001760       __vcrt_uninitialize_critical 0000000180002760 f   MSVCRTD:ucrt_stubs.obj
 0001:00001770       __scrt_stub_for_is_c_termination_complete 0000000180002770 f   MSVCRTD:ucrt_stubs.obj
 0001:00001770       _is_c_termination_complete 0000000180002770 f   MSVCRTD:ucrt_stubs.obj
 0001:00001790       _guard_dispatch_icall_nop  0000000180002790 f   MSVCRTD:_guard_dispatch_.obj
 0002:00000000       __imp_RtlVirtualUnwind     0000000180003000     kernel32:KERNEL32.dll
 0002:00000008       __imp_RtlLookupFunctionEntry 0000000180003008     kernel32:KERNEL32.dll
 0002:00000010       __imp_RtlCaptureContext    0000000180003010     kernel32:KERNEL32.dll
 0002:00000018       __imp_SetUnhandledExceptionFilter 0000000180003018     kernel32:KERNEL32.dll
 0002:00000020       __imp_IsDebuggerPresent    0000000180003020     kernel32:KERNEL32.dll
 0002:00000028       __imp_InitializeSListHead  0000000180003028     kernel32:KERNEL32.dll
 0002:00000030       __imp_GetSystemTimeAsFileTime 0000000180003030     kernel32:KERNEL32.dll
 0002:00000038       __imp_GetCurrentThreadId   0000000180003038     kernel32:KERNEL32.dll
 0002:00000040       __imp_GetCurrentProcessId  0000000180003040     kernel32:KERNEL32.dll
 0002:00000048       __imp_QueryPerformanceCounter 0000000180003048     kernel32:KERNEL32.dll
 0002:00000050       __imp_IsProcessorFeaturePresent 0000000180003050     kernel32:KERNEL32.dll
 0002:00000058       __imp_TerminateProcess     0000000180003058     kernel32:KERNEL32.dll
 0002:00000060       __imp_GetCurrentProcess    0000000180003060     kernel32:KERNEL32.dll
 0002:00000068       __imp_UnhandledExceptionFilter 0000000180003068     kernel32:KERNEL32.dll
 0002:00000070       \177KERNEL32_NULL_THUNK_DATA 0000000180003070     kernel32:KERNEL32.dll
 0002:00000078       __imp___std_type_info_destroy_list 0000000180003078     vcruntimed:VCRUNTIME140D.dll
 0002:00000080       __imp___C_specific_handler 0000000180003080     vcruntimed:VCRUNTIME140D.dll
 0002:00000088       __imp___telemetry_main_return_trigger 0000000180003088     vcruntimed:VCRUNTIME140D.dll
 0002:00000090       __imp___telemetry_main_invoke_trigger 0000000180003090     vcruntimed:VCRUNTIME140D.dll
 0002:00000098       \177VCRUNTIME140D_NULL_THUNK_DATA 0000000180003098     vcruntimed:VCRUNTIME140D.dll
 0002:000000a0       __imp__cexit               00000001800030a0     ucrtd:ucrtbased.dll
 0002:000000a8       __imp__crt_atexit          00000001800030a8     ucrtd:ucrtbased.dll
 0002:000000b0       __imp__execute_onexit_table 00000001800030b0     ucrtd:ucrtbased.dll
 0002:000000b8       __imp__register_onexit_function 00000001800030b8     ucrtd:ucrtbased.dll
 0002:000000c0       __imp__initialize_onexit_table 00000001800030c0     ucrtd:ucrtbased.dll
 0002:000000c8       __imp__initialize_narrow_environment 00000001800030c8     ucrtd:ucrtbased.dll
 0002:000000d0       __imp__configure_narrow_argv 00000001800030d0     ucrtd:ucrtbased.dll
 0002:000000d8       __imp__seh_filter_dll      00000001800030d8     ucrtd:ucrtbased.dll
 0002:000000e0       __imp__initterm_e          00000001800030e0     ucrtd:ucrtbased.dll
 0002:000000e8       __imp__initterm            00000001800030e8     ucrtd:ucrtbased.dll
 0002:000000f0       \177ucrtbased_NULL_THUNK_DATA 00000001800030f0     ucrtd:ucrtbased.dll
 0002:000000f8       __guard_check_icall_fptr   00000001800030f8     MSVCRTD:guard_support.obj
 0002:00000100       __guard_dispatch_icall_fptr 0000000180003100     MSVCRTD:guard_support.obj
 0002:00000108       __xc_a                     0000000180003108     MSVCRTD:initializers.obj
 0002:00000110       __xc_z                     0000000180003110     MSVCRTD:initializers.obj
 0002:00000118       __xi_a                     0000000180003118     MSVCRTD:initializers.obj
 0002:00000120       __xi_z                     0000000180003120     MSVCRTD:initializers.obj
 0002:00000128       __xp_a                     0000000180003128     MSVCRTD:initializers.obj
 0002:00000130       __xp_z                     0000000180003130     MSVCRTD:initializers.obj
 0002:00000138       __xt_a                     0000000180003138     MSVCRTD:initializers.obj
 0002:00000140       __xt_z                     0000000180003140     MSVCRTD:initializers.obj
 0002:00000150       _pRawDllMain               0000000180003150     MSVCRTD:dll_dllmain.obj
 0002:00000150       _pDefaultRawDllMain        0000000180003150     MSVCRTD:dll_dllmain.obj
 0002:000001d0       _load_config_used          00000001800031d0     MSVCRTD:loadcfg.obj
 0002:00000530       __rtc_iaa                  0000000180003530     MSVCRTD:_initsect_.obj
 0002:00000538       __rtc_izz                  0000000180003538     MSVCRTD:_initsect_.obj
 0002:00000540       __rtc_taa                  0000000180003540     MSVCRTD:_initsect_.obj
 0002:00000548       __rtc_tzz                  0000000180003548     MSVCRTD:_initsect_.obj
 0002:000006e4       __IMPORT_DESCRIPTOR_VCRUNTIME140D 00000001800036e4     vcruntimed:VCRUNTIME140D.dll
 0002:000006f8       __IMPORT_DESCRIPTOR_ucrtbased 00000001800036f8     ucrtd:ucrtbased.dll
 0002:0000070c       __IMPORT_DESCRIPTOR_KERNEL32 000000018000370c     kernel32:KERNEL32.dll
 0002:00000720       __NULL_IMPORT_DESCRIPTOR   0000000180003720     vcruntimed:VCRUNTIME140D.dll
 0003:00000000       __security_cookie          0000000180004000     MSVCRTD:gs_cookie.obj
 0003:00000008       __security_cookie_complement 0000000180004008     MSVCRTD:gs_cookie.obj
 0003:00000010       __scrt_native_dllmain_reason 0000000180004010     MSVCRTD:utility.obj
 0003:00000018       __isa_available            0000000180004018     MSVCRTD:_cpu_disp_.obj
 0003:0000001c       __isa_enabled              000000018000401c     MSVCRTD:_cpu_disp_.obj
 0003:00000020       __memcpy_nt_iters          0000000180004020     MSVCRTD:_cpu_disp_.obj
 0003:00000030       __scrt_ucrt_dll_is_in_use  0000000180004030     MSVCRTD:ucrt_stubs.obj
 0003:000005c0       __scrt_current_native_startup_state 00000001800045c0     MSVCRTD:utility.obj
 0003:000005c8       __scrt_native_startup_lock 00000001800045c8     MSVCRTD:utility.obj
 0003:00000610       ?__type_info_root_node@@3U__type_info_node@@A 0000000180004610     MSVCRTD:tncleanup.obj
 0003:00000620       ?_OptionsStorage@?1??__local_stdio_printf_options@@9@4_KA 0000000180004620     MSVCRTD:default_local_stdio_options.obj
 0003:00000628       ?_OptionsStorage@?1??__local_stdio_scanf_options@@9@4_KA 0000000180004628     MSVCRTD:default_local_stdio_options.obj
 0003:00000630       __scrt_debugger_hook_flag  0000000180004630     MSVCRTD:utility_desktop.obj
 0003:00000634       __favor                    0000000180004634     MSVCRTD:_cpu_disp_.obj
 0003:00000638       __@@_PchSym_@00@UyolcvmorhgnvmghUhravyvmxsUhravyvmxseCOzmzobhrhvmtrmvOgvhghOxkkwooUgvhgkvhUhgwzucOlyq@1B118E6D00581E37 0000000180004638     stdafx.obj
 0003:00000640       __dyn_tls_init_callback    0000000180004640     <common>

 entry point at        0001:00000470

 Static symbols

 0000:ffff7000       .debug$S                   0000000180000000     ucrtd:ucrtbased.dll
 0000:ffff7000       .debug$S                   0000000180000000     kernel32:KERNEL32.dll
 0000:ffff7000       .debug$S                   0000000180000000     kernel32:KERNEL32.dll
 0000:ffff7000       .debug$S                   0000000180000000     kernel32:KERNEL32.dll
 0000:ffff7000       .debug$S                   0000000180000000     kernel32:KERNEL32.dll
 0000:ffff7000       .debug$S                   0000000180000000     kernel32:KERNEL32.dll
 0000:ffff7000       .debug$S                   0000000180000000     kernel32:KERNEL32.dll
 0000:ffff7000       .debug$S                   0000000180000000     kernel32:KERNEL32.dll
 0000:ffff7000       .debug$S                   0000000180000000     kernel32:KERNEL32.dll
 0000:ffff7000       .debug$S                   0000000180000000     kernel32:KERNEL32.dll
 0000:ffff7000       .debug$S                   0000000180000000     kernel32:KERNEL32.dll
 0000:ffff7000       .debug$S                   0000000180000000     kernel32:KERNEL32.dll
 0000:ffff7000       .debug$S                   0000000180000000     kernel32:KERNEL32.dll
 0000:ffff7000       .debug$S                   0000000180000000     kernel32:KERNEL32.dll
 0000:ffff7000       .debug$S                   0000000180000000     kernel32:KERNEL32.dll
 0000:ffff7000       .debug$S                   0000000180000000     kernel32:KERNEL32.dll
 0000:ffff7000       .debug$S                   0000000180000000     kernel32:KERNEL32.dll
 0000:ffff7000       .debug$S                   0000000180000000     ucrtd:ucrtbased.dll
 0000:ffff7000       .debug$S                   0000000180000000     ucrtd:ucrtbased.dll
 0000:ffff7000       .debug$S                   0000000180000000     ucrtd:ucrtbased.dll
 0000:ffff7000       .debug$S                   0000000180000000     ucrtd:ucrtbased.dll
 0000:ffff7000       .debug$S                   0000000180000000     ucrtd:ucrtbased.dll
 0000:ffff7000       .debug$S                   0000000180000000     ucrtd:ucrtbased.dll
 0000:ffff7000       .debug$S                   0000000180000000     vcruntimed:VCRUNTIME140D.dll
 0000:ffff7000       .debug$S                   0000000180000000     vcruntimed:VCRUNTIME140D.dll
 0000:ffff7000       .debug$S                   0000000180000000     vcruntimed:VCRUNTIME140D.dll
 0000:ffff7000       .debug$S                   0000000180000000     vcruntimed:VCRUNTIME140D.dll
 0000:ffff7000       .debug$S                   0000000180000000     ucrtd:ucrtbased.dll
 0000:ffff7000       .debug$S                   0000000180000000     ucrtd:ucrtbased.dll
 0000:ffff7000       .debug$S                   0000000180000000     ucrtd:ucrtbased.dll
 0000:ffff7000       .debug$S                   0000000180000000     ucrtd:ucrtbased.dll
 0000:ffff7000       .debug$S                   0000000180000000     ucrtd:ucrtbased.dll
 0001:00000010       $$000000                   0000000180001010     MSVCRTD:_amdsecgs_.obj
 0001:00000050       ?dllmain_crt_dispatch@@YAHQEAUHINSTANCE__@@KQEAX@Z 0000000180001050 f   MSVCRTD:dll_dllmain.obj
 0001:000000e0       ?dllmain_crt_process_attach@@YAHQEAUHINSTANCE__@@QEAX@Z 00000001800010e0 f   MSVCRTD:dll_dllmain.obj
 0001:00000230       ?dllmain_crt_process_detach@@YAH_N@Z 0000000180001230 f   MSVCRTD:dll_dllmain.obj
 0001:000002b0       ?dllmain_dispatch@@YAHQEAUHINSTANCE__@@KQEAX@Z 00000001800012b0 f   MSVCRTD:dll_dllmain.obj
 0001:00000420       ?dllmain_raw@@YAHQEAUHINSTANCE__@@KQEAX@Z 0000000180001420 f   MSVCRTD:dll_dllmain.obj
 0001:000005d0       capture_previous_context   00000001800015d0 f   MSVCRTD:gs_report.obj
 0001:00000750       ?find_pe_section@@YAPEAU_IMAGE_SECTION_HEADER@@QEAE_K@Z 0000000180001750 f   MSVCRTD:utility.obj
 0001:00000820       ?is_potentially_valid_image_base@@YA_NQEAX@Z 0000000180001820 f   MSVCRTD:utility.obj
 0001:00001780       $$000000                   0000000180002780     MSVCRTD:_guard_dispatch_.obj
 0001:000017a0       ?fin$0@?0??dllmain_crt_process_attach@@YAHQEAUHINSTANCE__@@QEAX@Z@4HA 00000001800027a0 f   MSVCRTD:dll_dllmain.obj
 0001:000017c0       ?fin$0@?0??dllmain_crt_process_detach@@YAH_N@Z@4HA 00000001800027c0 f   MSVCRTD:dll_dllmain.obj
 0001:000017e0       ?filt$0@?0??dllmain_dispatch@@YAHQEAUHINSTANCE__@@KQEAX@Z@4HA 00000001800027e0 f   MSVCRTD:dll_dllmain.obj
 0001:00001830       __scrt_is_nonwritable_in_current_image$filt$0 0000000180002830 f   MSVCRTD:utility.obj
 0002:00000158       GS_ExceptionPointers       0000000180003158     MSVCRTD:gs_report.obj
 0002:00000550       $xdatasym                  0000000180003550     MSVCRTD:_amdsecgs_.obj
 0002:00000554       $unwind$?dllmain_crt_process_attach@@YAHQEAUHINSTANCE__@@QEAX@Z 0000000180003554     MSVCRTD:dll_dllmain.obj
 0002:00000574       $unwind$?dllmain_crt_process_detach@@YAH_N@Z 0000000180003574     MSVCRTD:dll_dllmain.obj
 0002:00000594       $unwind$?fin$0@?0??dllmain_crt_process_detach@@YAH_N@Z@4HA 0000000180003594     MSVCRTD:dll_dllmain.obj
 0002:00000594       $unwind$__scrt_is_nonwritable_in_current_image$filt$0 0000000180003594     MSVCRTD:utility.obj
 0002:00000594       $unwind$?fin$0@?0??dllmain_crt_process_attach@@YAHQEAUHINSTANCE__@@QEAX@Z@4HA 0000000180003594     MSVCRTD:dll_dllmain.obj
 0002:0000059c       $unwind$?dllmain_crt_dispatch@@YAHQEAUHINSTANCE__@@KQEAX@Z 000000018000359c     MSVCRTD:dll_dllmain.obj
 0002:0000059c       $unwind$?dllmain_raw@@YAHQEAUHINSTANCE__@@KQEAX@Z 000000018000359c     MSVCRTD:dll_dllmain.obj
 0002:000005a4       $unwind$?dllmain_dispatch@@YAHQEAUHINSTANCE__@@KQEAX@Z 00000001800035a4     MSVCRTD:dll_dllmain.obj
 0002:000005c4       $unwind$?filt$0@?0??dllmain_dispatch@@YAHQEAUHINSTANCE__@@KQEAX@Z@4HA 00000001800035c4     MSVCRTD:dll_dllmain.obj
 0002:000005cc       $unwind$_DllMainCRTStartup 00000001800035cc     MSVCRTD:dll_dllmain.obj
 0002:000005d4       $unwind$capture_previous_context 00000001800035d4     MSVCRTD:gs_report.obj
 0002:000005dc       $unwind$__report_gsfailure 00000001800035dc     MSVCRTD:gs_report.obj
 0002:000005dc       $unwind$atexit             00000001800035dc     MSVCRTD:utility.obj
 0002:000005e4       $unwind$_onexit            00000001800035e4     MSVCRTD:utility.obj
 0002:000005ec       $unwind$__scrt_is_nonwritable_in_current_image 00000001800035ec     MSVCRTD:utility.obj
 0002:0000060c       $unwind$__scrt_acquire_startup_lock 000000018000360c     MSVCRTD:utility.obj
 0002:0000060c       $unwind$__security_init_cookie 000000018000360c     MSVCRTD:gs_support.obj
 0002:00000614       $unwind$__scrt_release_startup_lock 0000000180003614     MSVCRTD:utility.obj
 0002:00000614       $unwind$__scrt_initialize_crt 0000000180003614     MSVCRTD:utility.obj
 0002:0000061c       $unwind$__scrt_uninitialize_crt 000000018000361c     MSVCRTD:utility.obj
 0002:00000624       $unwind$__scrt_initialize_onexit_tables 0000000180003624     MSVCRTD:utility.obj
 0002:00000630       $unwind$__scrt_dllmain_exception_filter 0000000180003630     MSVCRTD:utility.obj
 0002:00000638       $unwind$__scrt_dllmain_crt_thread_detach 0000000180003638     MSVCRTD:utility.obj
 0002:00000638       $unwind$?configure_argv@__scrt_narrow_argv_policy@@SAHXZ 0000000180003638     MSVCRTD:utility.obj
 0002:00000638       $unwind$__scrt_dllmain_uninitialize_critical 0000000180003638     MSVCRTD:utility.obj
 0002:00000638       $unwind$__scrt_dllmain_crt_thread_attach 0000000180003638     MSVCRTD:utility.obj
 0002:00000638       $unwind$?__scrt_uninitialize_type_info@@YAXXZ 0000000180003638     MSVCRTD:tncleanup.obj
 0002:00000638       $unwind$?__scrt_initialize_type_info@@YAXXZ 0000000180003638     MSVCRTD:tncleanup.obj
 0002:00000638       $unwind$__scrt_dllmain_uninitialize_c 0000000180003638     MSVCRTD:utility.obj
 0002:00000638       $unwind$__scrt_dllmain_after_initialize_c 0000000180003638     MSVCRTD:utility.obj
 0002:00000638       $unwind$__scrt_dllmain_before_initialize_c 0000000180003638     MSVCRTD:utility.obj
 0002:00000640       $unwind$?find_pe_section@@YAPEAU_IMAGE_SECTION_HEADER@@QEAE_K@Z 0000000180003640     MSVCRTD:utility.obj
 0002:00000648       $unwind$??$__crt_fast_decode_pointer@PEAP6AXXZ@@YAPEAP6AXXZQEAP6AXXZ@Z 0000000180003648     MSVCRTD:utility.obj
 0002:00000648       $unwind$_guard_check_icall 0000000180003648     MSVCRTD:checkcfg.obj
 0002:00000648       $unwind$??$__crt_fast_encode_pointer@PEAP6AXXZ@@YAPEAP6AXXZQEAP6AXXZ@Z 0000000180003648     MSVCRTD:utility.obj
 0002:00000648       $unwind$?is_potentially_valid_image_base@@YA_NQEAX@Z 0000000180003648     MSVCRTD:utility.obj
 0002:00000648       $unwind$__raise_securityfailure 0000000180003648     MSVCRTD:gs_report.obj
 0002:00000650       $unwind$__scrt_initialize_default_local_stdio_options 0000000180003650     MSVCRTD:default_local_stdio_options.obj
 0002:00000658       $unwind$__scrt_fastfail    0000000180003658     MSVCRTD:utility_desktop.obj
 0002:00000664       $unwind$_RTC_Terminate     0000000180003664     MSVCRTD:_initsect_.obj
 0002:00000664       $unwind$_RTC_Initialize    0000000180003664     MSVCRTD:_initsect_.obj
 0002:00000670       $chain$0$_RTC_Initialize   0000000180003670     MSVCRTD:_initsect_.obj
 0002:00000684       $chain$1$_RTC_Initialize   0000000180003684     MSVCRTD:_initsect_.obj
 0002:00000694       $chain$0$_RTC_Terminate    0000000180003694     MSVCRTD:_initsect_.obj
 0002:000006a8       $chain$1$_RTC_Terminate    00000001800036a8     MSVCRTD:_initsect_.obj
 0002:000006b8       $unwind$__isa_available_init 00000001800036b8     MSVCRTD:_cpu_disp_.obj
 0002:000006c8       $unwind$__scrt_is_ucrt_dll_in_use 00000001800036c8     MSVCRTD:ucrt_detection.obj
 0002:000006d0       $unwind$__GSHandlerCheckCommon 00000001800036d0     MSVCRTD:_gshandler_.obj
 0002:000006d8       $unwind$__GSHandlerCheck   00000001800036d8     MSVCRTD:_gshandler_.obj
 0002:000006e0       $xdatasym                  00000001800036e0     MSVCRTD:_guard_dispatch_.obj
 0002:000008ac       .idata$6                   00000001800038ac     vcruntimed:VCRUNTIME140D.dll
 0002:0000098e       .idata$6                   000000018000398e     ucrtd:ucrtbased.dll
 0002:00000ae6       .idata$6                   0000000180003ae6     kernel32:KERNEL32.dll
 0003:00000040       ?__proc_attached@@3HA      0000000180004040     MSVCRTD:dll_dllmain.obj
 0003:00000050       GS_ExceptionRecord         0000000180004050     MSVCRTD:gs_report.obj
 0003:000000f0       GS_ContextRecord           00000001800040f0     MSVCRTD:gs_report.obj
 0003:000005d0       ?module_local_atexit_table@@3U_onexit_table_t@@A 00000001800045d0     MSVCRTD:utility.obj
 0003:000005e8       ?module_local_at_quick_exit_table@@3U_onexit_table_t@@A 00000001800045e8     MSVCRTD:utility.obj
 0003:00000600       ?is_initialized_as_dll@@3_NA 0000000180004600     MSVCRTD:utility.obj
 0004:0000000c       $pdata$?dllmain_crt_dispatch@@YAHQEAUHINSTANCE__@@KQEAX@Z 000000018000500c     MSVCRTD:dll_dllmain.obj
 0004:00000018       $pdata$?dllmain_crt_process_attach@@YAHQEAUHINSTANCE__@@QEAX@Z 0000000180005018     MSVCRTD:dll_dllmain.obj
 0004:00000024       $pdata$?dllmain_crt_process_detach@@YAH_N@Z 0000000180005024     MSVCRTD:dll_dllmain.obj
 0004:00000030       $pdata$?dllmain_dispatch@@YAHQEAUHINSTANCE__@@KQEAX@Z 0000000180005030     MSVCRTD:dll_dllmain.obj
 0004:0000003c       $pdata$?dllmain_raw@@YAHQEAUHINSTANCE__@@KQEAX@Z 000000018000503c     MSVCRTD:dll_dllmain.obj
 0004:00000048       $pdata$_DllMainCRTStartup  0000000180005048     MSVCRTD:dll_dllmain.obj
 0004:00000054       $pdata$__raise_securityfailure 0000000180005054     MSVCRTD:gs_report.obj
 0004:00000060       $pdata$__report_gsfailure  0000000180005060     MSVCRTD:gs_report.obj
 0004:0000006c       $pdata$capture_previous_context 000000018000506c     MSVCRTD:gs_report.obj
 0004:00000078       $pdata$??$__crt_fast_decode_pointer@PEAP6AXXZ@@YAPEAP6AXXZQEAP6AXXZ@Z 0000000180005078     MSVCRTD:utility.obj
 0004:00000084       $pdata$??$__crt_fast_encode_pointer@PEAP6AXXZ@@YAPEAP6AXXZQEAP6AXXZ@Z 0000000180005084     MSVCRTD:utility.obj
 0004:00000090       $pdata$?configure_argv@__scrt_narrow_argv_policy@@SAHXZ 0000000180005090     MSVCRTD:utility.obj
 0004:0000009c       $pdata$?find_pe_section@@YAPEAU_IMAGE_SECTION_HEADER@@QEAE_K@Z 000000018000509c     MSVCRTD:utility.obj
 0004:000000a8       $pdata$?is_potentially_valid_image_base@@YA_NQEAX@Z 00000001800050a8     MSVCRTD:utility.obj
 0004:000000b4       $pdata$__scrt_acquire_startup_lock 00000001800050b4     MSVCRTD:utility.obj
 0004:000000c0       $pdata$__scrt_dllmain_after_initialize_c 00000001800050c0     MSVCRTD:utility.obj
 0004:000000cc       $pdata$__scrt_dllmain_before_initialize_c 00000001800050cc     MSVCRTD:utility.obj
 0004:000000d8       $pdata$__scrt_dllmain_crt_thread_attach 00000001800050d8     MSVCRTD:utility.obj
 0004:000000e4       $pdata$__scrt_dllmain_crt_thread_detach 00000001800050e4     MSVCRTD:utility.obj
 0004:000000f0       $pdata$__scrt_dllmain_exception_filter 00000001800050f0     MSVCRTD:utility.obj
 0004:000000fc       $pdata$__scrt_dllmain_uninitialize_c 00000001800050fc     MSVCRTD:utility.obj
 0004:00000108       $pdata$__scrt_dllmain_uninitialize_critical 0000000180005108     MSVCRTD:utility.obj
 0004:00000114       $pdata$__scrt_initialize_crt 0000000180005114     MSVCRTD:utility.obj
 0004:00000120       $pdata$__scrt_initialize_onexit_tables 0000000180005120     MSVCRTD:utility.obj
 0004:0000012c       $pdata$__scrt_is_nonwritable_in_current_image 000000018000512c     MSVCRTD:utility.obj
 0004:00000138       $pdata$__scrt_release_startup_lock 0000000180005138     MSVCRTD:utility.obj
 0004:00000144       $pdata$__scrt_uninitialize_crt 0000000180005144     MSVCRTD:utility.obj
 0004:00000150       $pdata$_onexit             0000000180005150     MSVCRTD:utility.obj
 0004:0000015c       $pdata$atexit              000000018000515c     MSVCRTD:utility.obj
 0004:00000168       $pdata$__security_init_cookie 0000000180005168     MSVCRTD:gs_support.obj
 0004:00000174       $pdata$?__scrt_initialize_type_info@@YAXXZ 0000000180005174     MSVCRTD:tncleanup.obj
 0004:00000180       $pdata$?__scrt_uninitialize_type_info@@YAXXZ 0000000180005180     MSVCRTD:tncleanup.obj
 0004:0000018c       $pdata$__scrt_initialize_default_local_stdio_options 000000018000518c     MSVCRTD:default_local_stdio_options.obj
 0004:00000198       $pdata$__scrt_fastfail     0000000180005198     MSVCRTD:utility_desktop.obj
 0004:000001a4       $pdata$_RTC_Initialize     00000001800051a4     MSVCRTD:_initsect_.obj
 0004:000001b0       $pdata$0$_RTC_Initialize   00000001800051b0     MSVCRTD:_initsect_.obj
 0004:000001bc       $pdata$1$_RTC_Initialize   00000001800051bc     MSVCRTD:_initsect_.obj
 0004:000001c8       $pdata$_RTC_Terminate      00000001800051c8     MSVCRTD:_initsect_.obj
 0004:000001d4       $pdata$0$_RTC_Terminate    00000001800051d4     MSVCRTD:_initsect_.obj
 0004:000001e0       $pdata$1$_RTC_Terminate    00000001800051e0     MSVCRTD:_initsect_.obj
 0004:000001ec       $pdata$_guard_check_icall  00000001800051ec     MSVCRTD:checkcfg.obj
 0004:000001f8       $pdata$__isa_available_init 00000001800051f8     MSVCRTD:_cpu_disp_.obj
 0004:00000204       $pdata$__scrt_is_ucrt_dll_in_use 0000000180005204     MSVCRTD:ucrt_detection.obj
 0004:00000210       $pdata$__GSHandlerCheck    0000000180005210     MSVCRTD:_gshandler_.obj
 0004:0000021c       $pdata$__GSHandlerCheckCommon 000000018000521c     MSVCRTD:_gshandler_.obj
 0004:00000234       $pdata$?fin$0@?0??dllmain_crt_process_attach@@YAHQEAUHINSTANCE__@@QEAX@Z@4HA 0000000180005234     MSVCRTD:dll_dllmain.obj
 0004:00000240       $pdata$?fin$0@?0??dllmain_crt_process_detach@@YAH_N@Z@4HA 0000000180005240     MSVCRTD:dll_dllmain.obj
 0004:0000024c       $pdata$?filt$0@?0??dllmain_dispatch@@YAHQEAUHINSTANCE__@@KQEAX@Z@4HA 000000018000524c     MSVCRTD:dll_dllmain.obj
 0004:00000258       $pdata$__scrt_is_nonwritable_in_current_image$filt$0 0000000180005258     MSVCRTD:utility.obj
 0005:00000000       __guard_fids_?dllmain_crt_process_attach@@YAHQEAUHINSTANCE__@@QEAX@Z 0000000180006000     MSVCRTD:dll_dllmain.obj
 0005:00000008       __guard_fids_?dllmain_dispatch@@YAHQEAUHINSTANCE__@@KQEAX@Z 0000000180006008     MSVCRTD:dll_dllmain.obj
 0005:0000000c       __guard_fids__             000000018000600c     MSVCRTD:guard_support.obj
 0006:00000060       $R000000                   0000000180007060     * linker generated manifest res *

 Exports

  ordinal    name

