 SizeBenchV2.AnalysisEngine.Tests.CodePageWin32Rsrc

 Timestamp is 65bab3b0 (Wed Jan 31 12:55:12 2024)

 Preferred load address is 0000000180000000

 Start         Length     Name                   Class
 0001:00000000 00001680H .text$mn                CODE
 0001:00001680 00000040H .text$mn$00             CODE
 0001:000016c0 000000ddH .text$x                 CODE
 0002:00000000 000000d8H .idata$5                DATA
 0002:000000d8 00000028H .00cfg                  DATA
 0002:00000100 00000008H .CRT$XCA                DATA
 0002:00000108 00000008H .CRT$XCZ                DATA
 0002:00000110 00000008H .CRT$XIA                DATA
 0002:00000118 00000008H .CRT$XIZ                DATA
 0002:00000120 00000008H .CRT$XPA                DATA
 0002:00000128 00000008H .CRT$XPZ                DATA
 0002:00000130 00000008H .CRT$XTA                DATA
 0002:00000138 00000008H .CRT$XTZ                DATA
 0002:00000140 00000000H .gehcont$y              DATA
 0002:00000140 00000000H .gfids$y                DATA
 0002:00000140 000001c0H .rdata                  DATA
 0002:00000300 00000000H .rdata$CastGuardVftablesA DATA
 0002:00000300 00000000H .rdata$CastGuardVftablesC DATA
 0002:00000300 00000020H .rdata$voltmd           DATA
 0002:00000320 000002f8H .rdata$zzzdbg           DATA
 0002:00000618 00000008H .rtc$IAA                DATA
 0002:00000620 00000008H .rtc$IZZ                DATA
 0002:00000628 00000008H .rtc$TAA                DATA
 0002:00000630 00000008H .rtc$TZZ                DATA
 0002:00000638 00000164H .xdata                  DATA
 0002:0000079c 00000000H .edata                  DATA
 0002:0000079c 0000003cH .idata$2                DATA
 0002:000007d8 00000018H .idata$3                DATA
 0002:000007f0 000000d8H .idata$4                DATA
 0002:000008c8 00000256H .idata$6                DATA
 0003:00000000 00000040H .data                   DATA
 0003:00000040 00000610H .bss                    DATA
 0004:00000000 00000240H .pdata                  DATA
 0005:00000000 00000026H .msvcjmc                DATA
 0006:00000000 00000250H .rsrc$01                DATA
 0006:00000250 00009f10H .rsrc$02                DATA

  Address         Publics by Value              Rva+Base               Lib:Object

 0000:00000000       __x64_code_ranges_to_entry_points 0000000000000000     <absolute>
 0000:00000000       __arm64x_extra_rfe_table_size 0000000000000000     <absolute>
 0000:00000000       __guard_iat_table          0000000000000000     <absolute>
 0000:00000000       __arm64x_redirection_metadata 0000000000000000     <absolute>
 0000:00000000       __hybrid_code_map_count    0000000000000000     <absolute>
 0000:00000000       __guard_iat_count          0000000000000000     <absolute>
 0000:00000000       __guard_longjmp_count      0000000000000000     <absolute>
 0000:00000000       __dynamic_value_reloc_table 0000000000000000     <absolute>
 0000:00000000       __guard_eh_cont_count      0000000000000000     <absolute>
 0000:00000000       __hybrid_code_map          0000000000000000     <absolute>
 0000:00000000       __hybrid_auxiliary_iat     0000000000000000     <absolute>
 0000:00000000       __guard_longjmp_table      0000000000000000     <absolute>
 0000:00000000       __arm64x_native_entrypoint 0000000000000000     <absolute>
 0000:00000000       __guard_eh_cont_table      0000000000000000     <absolute>
 0000:00000000       __hybrid_auxiliary_iat_copy 0000000000000000     <absolute>
 0000:00000000       __arm64x_extra_rfe_table   0000000000000000     <absolute>
 0000:00000000       __enclave_config           0000000000000000     <absolute>
 0000:00000000       __arm64x_redirection_metadata_count 0000000000000000     <absolute>
 0000:00000000       __x64_code_ranges_to_entry_points_count 0000000000000000     <absolute>
 0000:00000000       __guard_fids_count         0000000000000000     <absolute>
 0000:00000000       ___safe_se_handler_count   0000000000000000     <absolute>
 0000:00000000       __AbsoluteZero             0000000000000000     <absolute>
 0000:00000000       ___safe_se_handler_table   0000000000000000     <absolute>
 0000:00000000       __guard_check_icall_a64n_fptr 0000000000000000     <absolute>
 0000:00000000       __guard_fids_table         0000000000000000     <absolute>
 0000:00000100       __guard_flags              0000000000000100     <absolute>
 0000:00000000       __ImageBase                0000000180000000     <linker-defined>
 0001:00000000       DllMain                    0000000180001000 f   dllmain.obj
 0001:00000030       __security_check_cookie    0000000180001030 f   MSVCRTD:amdsecgs.obj
 0001:00000460       _DllMainCRTStartup         0000000180001460 f   MSVCRTD:dll_dllmain.obj
 0001:000004a0       __raise_securityfailure    00000001800014a0 f   MSVCRTD:gs_report.obj
 0001:000004e0       __report_gsfailure         00000001800014e0 f   MSVCRTD:gs_report.obj
 0001:00000740       __security_init_cookie     0000000180001740 f   MSVCRTD:gs_support.obj
 0001:000007c0       ?__scrt_initialize_type_info@@YAXXZ 00000001800017c0 f   MSVCRTD:tncleanup.obj
 0001:000007e0       ?__scrt_uninitialize_type_info@@YAXXZ 00000001800017e0 f   MSVCRTD:tncleanup.obj
 0001:00000800       __local_stdio_printf_options 0000000180001800 f i MSVCRTD:default_local_stdio_options.obj
 0001:00000810       __local_stdio_scanf_options 0000000180001810 f i MSVCRTD:default_local_stdio_options.obj
 0001:00000820       __scrt_initialize_default_local_stdio_options 0000000180001820 f   MSVCRTD:default_local_stdio_options.obj
 0001:00000870       ?configure_argv@__scrt_narrow_argv_policy@@SAHXZ 0000000180001870 f i MSVCRTD:utility.obj
 0001:00000960       ?initialize_environment@__scrt_narrow_environment_policy@@SAHXZ 0000000180001960 f i MSVCRTD:utility.obj
 0001:00000a00       NtCurrentTeb               0000000180001a00 f i MSVCRTD:utility.obj
 0001:00000a10       __scrt_acquire_startup_lock 0000000180001a10 f   MSVCRTD:utility.obj
 0001:00000a80       __scrt_dllmain_after_initialize_c 0000000180001a80 f   MSVCRTD:utility.obj
 0001:00000ab0       __scrt_dllmain_before_initialize_c 0000000180001ab0 f   MSVCRTD:utility.obj
 0001:00000ad0       __scrt_dllmain_crt_thread_attach 0000000180001ad0 f   MSVCRTD:utility.obj
 0001:00000b00       __scrt_dllmain_crt_thread_detach 0000000180001b00 f   MSVCRTD:utility.obj
 0001:00000b20       __scrt_dllmain_exception_filter 0000000180001b20 f   MSVCRTD:utility.obj
 0001:00000b90       __scrt_dllmain_uninitialize_c 0000000180001b90 f   MSVCRTD:utility.obj
 0001:00000bc0       __scrt_dllmain_uninitialize_critical 0000000180001bc0 f   MSVCRTD:utility.obj
 0001:00000be0       __scrt_initialize_crt      0000000180001be0 f   MSVCRTD:utility.obj
 0001:00000c30       __scrt_initialize_onexit_tables 0000000180001c30 f   MSVCRTD:utility.obj
 0001:00000d40       __scrt_is_nonwritable_in_current_image 0000000180001d40 f   MSVCRTD:utility.obj
 0001:00000dd0       __scrt_release_startup_lock 0000000180001dd0 f   MSVCRTD:utility.obj
 0001:00000e00       __scrt_uninitialize_crt    0000000180001e00 f   MSVCRTD:utility.obj
 0001:00000e40       __scrt_get_dyn_tls_init_callback 0000000180001e40 f   MSVCRTD:dyn_tls_init.obj
 0001:00000e50       __crt_debugger_hook        0000000180001e50 f   MSVCRTD:utility_desktop.obj
 0001:00000e60       __scrt_fastfail            0000000180001e60 f   MSVCRTD:utility_desktop.obj
 0001:00001000       _RTC_Initialize            0000000180002000 f   MSVCRTD:initsect.obj
 0001:00001050       _RTC_Terminate             0000000180002050 f   MSVCRTD:initsect.obj
 0001:000010a0       _guard_check_icall_nop     00000001800020a0 f i MSVCRTD:guard_support.obj
 0001:000010b0       __isa_available_init       00000001800020b0 f   MSVCRTD:cpu_disp.obj
 0001:00001450       _get_startup_argv_mode     0000000180002450 f   MSVCRTD:argv_mode.obj
 0001:00001460       __scrt_is_ucrt_dll_in_use  0000000180002460 f   MSVCRTD:ucrt_detection.obj
 0001:00001490       __GSHandlerCheck           0000000180002490 f   MSVCRTD:gshandler.obj
 0001:000014d0       __GSHandlerCheckCommon     00000001800024d0 f   MSVCRTD:gshandler.obj
 0001:000015c8       __C_specific_handler       00000001800025c8 f   vcruntimed:VCRUNTIME140D.dll
 0001:000015ce       __std_type_info_destroy_list 00000001800025ce f   vcruntimed:VCRUNTIME140D.dll
 0001:000015d4       _initterm                  00000001800025d4 f   ucrtd:ucrtbased.dll
 0001:000015da       _initterm_e                00000001800025da f   ucrtd:ucrtbased.dll
 0001:000015e0       _seh_filter_dll            00000001800025e0 f   ucrtd:ucrtbased.dll
 0001:000015e6       _configure_narrow_argv     00000001800025e6 f   ucrtd:ucrtbased.dll
 0001:000015ec       _initialize_narrow_environment 00000001800025ec f   ucrtd:ucrtbased.dll
 0001:000015f2       _initialize_onexit_table   00000001800025f2 f   ucrtd:ucrtbased.dll
 0001:000015f8       _execute_onexit_table      00000001800025f8 f   ucrtd:ucrtbased.dll
 0001:000015fe       _cexit                     00000001800025fe f   ucrtd:ucrtbased.dll
 0001:00001610       __vcrt_thread_detach       0000000180002610 f   MSVCRTD:ucrt_stubs.obj
 0001:00001610       __scrt_stub_for_acrt_thread_detach 0000000180002610 f   MSVCRTD:ucrt_stubs.obj
 0001:00001610       __vcrt_thread_attach       0000000180002610 f   MSVCRTD:ucrt_stubs.obj
 0001:00001610       __acrt_initialize          0000000180002610 f   MSVCRTD:ucrt_stubs.obj
 0001:00001610       __vcrt_initialize          0000000180002610 f   MSVCRTD:ucrt_stubs.obj
 0001:00001610       __scrt_stub_for_acrt_thread_attach 0000000180002610 f   MSVCRTD:ucrt_stubs.obj
 0001:00001610       __scrt_stub_for_acrt_initialize 0000000180002610 f   MSVCRTD:ucrt_stubs.obj
 0001:00001610       __acrt_thread_detach       0000000180002610 f   MSVCRTD:ucrt_stubs.obj
 0001:00001610       __acrt_thread_attach       0000000180002610 f   MSVCRTD:ucrt_stubs.obj
 0001:00001620       __vcrt_uninitialize        0000000180002620 f   MSVCRTD:ucrt_stubs.obj
 0001:00001620       __scrt_stub_for_acrt_uninitialize_critical 0000000180002620 f   MSVCRTD:ucrt_stubs.obj
 0001:00001620       __vcrt_uninitialize_critical 0000000180002620 f   MSVCRTD:ucrt_stubs.obj
 0001:00001620       __scrt_stub_for_acrt_uninitialize 0000000180002620 f   MSVCRTD:ucrt_stubs.obj
 0001:00001620       __acrt_uninitialize_critical 0000000180002620 f   MSVCRTD:ucrt_stubs.obj
 0001:00001620       __acrt_uninitialize        0000000180002620 f   MSVCRTD:ucrt_stubs.obj
 0001:00001630       __scrt_stub_for_is_c_termination_complete 0000000180002630 f   MSVCRTD:ucrt_stubs.obj
 0001:00001630       _is_c_termination_complete 0000000180002630 f   MSVCRTD:ucrt_stubs.obj
 0001:00001640       __CheckForDebuggerJustMyCode 0000000180002640 f   MSVCRTD:debugger_jmc.obj
 0001:00001690       _guard_dispatch_icall_nop  0000000180002690 f   MSVCRTD:guard_dispatch.obj
 0001:000016b0       _guard_xfg_dispatch_icall_nop 00000001800026b0 f   MSVCRTD:guard_xfg_dispatch.obj
 0002:00000000       __imp_GetCurrentProcessId  0000000180003000     kernel32:KERNEL32.dll
 0002:00000008       __imp_RtlLookupFunctionEntry 0000000180003008     kernel32:KERNEL32.dll
 0002:00000010       __imp_RtlCaptureContext    0000000180003010     kernel32:KERNEL32.dll
 0002:00000018       __imp_UnhandledExceptionFilter 0000000180003018     kernel32:KERNEL32.dll
 0002:00000020       __imp_IsDebuggerPresent    0000000180003020     kernel32:KERNEL32.dll
 0002:00000028       __imp_InitializeSListHead  0000000180003028     kernel32:KERNEL32.dll
 0002:00000030       __imp_GetSystemTimeAsFileTime 0000000180003030     kernel32:KERNEL32.dll
 0002:00000038       __imp_GetCurrentThreadId   0000000180003038     kernel32:KERNEL32.dll
 0002:00000040       __imp_RtlVirtualUnwind     0000000180003040     kernel32:KERNEL32.dll
 0002:00000048       __imp_QueryPerformanceCounter 0000000180003048     kernel32:KERNEL32.dll
 0002:00000050       __imp_IsProcessorFeaturePresent 0000000180003050     kernel32:KERNEL32.dll
 0002:00000058       __imp_TerminateProcess     0000000180003058     kernel32:KERNEL32.dll
 0002:00000060       __imp_GetCurrentProcess    0000000180003060     kernel32:KERNEL32.dll
 0002:00000068       __imp_SetUnhandledExceptionFilter 0000000180003068     kernel32:KERNEL32.dll
 0002:00000070       \177KERNEL32_NULL_THUNK_DATA 0000000180003070     kernel32:KERNEL32.dll
 0002:00000078       __imp___std_type_info_destroy_list 0000000180003078     vcruntimed:VCRUNTIME140D.dll
 0002:00000080       __imp___C_specific_handler 0000000180003080     vcruntimed:VCRUNTIME140D.dll
 0002:00000088       \177VCRUNTIME140D_NULL_THUNK_DATA 0000000180003088     vcruntimed:VCRUNTIME140D.dll
 0002:00000090       __imp__cexit               0000000180003090     ucrtd:ucrtbased.dll
 0002:00000098       __imp__execute_onexit_table 0000000180003098     ucrtd:ucrtbased.dll
 0002:000000a0       __imp__initialize_onexit_table 00000001800030a0     ucrtd:ucrtbased.dll
 0002:000000a8       __imp__initialize_narrow_environment 00000001800030a8     ucrtd:ucrtbased.dll
 0002:000000b0       __imp__configure_narrow_argv 00000001800030b0     ucrtd:ucrtbased.dll
 0002:000000b8       __imp__seh_filter_dll      00000001800030b8     ucrtd:ucrtbased.dll
 0002:000000c0       __imp__initterm_e          00000001800030c0     ucrtd:ucrtbased.dll
 0002:000000c8       __imp__initterm            00000001800030c8     ucrtd:ucrtbased.dll
 0002:000000d0       \177ucrtbased_NULL_THUNK_DATA 00000001800030d0     ucrtd:ucrtbased.dll
 0002:000000d8       __guard_check_icall_fptr   00000001800030d8     MSVCRTD:guard_support.obj
 0002:000000e0       __guard_xfg_check_icall_fptr 00000001800030e0     MSVCRTD:guard_support.obj
 0002:000000e8       __guard_dispatch_icall_fptr 00000001800030e8     MSVCRTD:guard_support.obj
 0002:000000f0       __guard_xfg_dispatch_icall_fptr 00000001800030f0     MSVCRTD:guard_support.obj
 0002:000000f8       __guard_xfg_table_dispatch_icall_fptr 00000001800030f8     MSVCRTD:guard_support.obj
 0002:00000100       __xc_a                     0000000180003100     MSVCRTD:initializers.obj
 0002:00000108       __xc_z                     0000000180003108     MSVCRTD:initializers.obj
 0002:00000110       __xi_a                     0000000180003110     MSVCRTD:initializers.obj
 0002:00000118       __xi_z                     0000000180003118     MSVCRTD:initializers.obj
 0002:00000120       __xp_a                     0000000180003120     MSVCRTD:initializers.obj
 0002:00000128       __xp_z                     0000000180003128     MSVCRTD:initializers.obj
 0002:00000130       __xt_a                     0000000180003130     MSVCRTD:initializers.obj
 0002:00000138       __xt_z                     0000000180003138     MSVCRTD:initializers.obj
 0002:00000140       _pRawDllMain               0000000180003140     MSVCRTD:dll_dllmain.obj
 0002:00000140       _pDefaultRawDllMain        0000000180003140     MSVCRTD:dll_dllmain.obj
 0002:000001b0       _load_config_used          00000001800031b0     MSVCRTD:loadcfg.obj
 0002:00000300       __volatile_metadata        0000000180003300     <linker-defined>
 0002:00000618       __rtc_iaa                  0000000180003618     MSVCRTD:initsect.obj
 0002:00000620       __rtc_izz                  0000000180003620     MSVCRTD:initsect.obj
 0002:00000628       __rtc_taa                  0000000180003628     MSVCRTD:initsect.obj
 0002:00000630       __rtc_tzz                  0000000180003630     MSVCRTD:initsect.obj
 0002:0000079c       __IMPORT_DESCRIPTOR_VCRUNTIME140D 000000018000379c     vcruntimed:VCRUNTIME140D.dll
 0002:000007b0       __IMPORT_DESCRIPTOR_ucrtbased 00000001800037b0     ucrtd:ucrtbased.dll
 0002:000007c4       __IMPORT_DESCRIPTOR_KERNEL32 00000001800037c4     kernel32:KERNEL32.dll
 0002:000007d8       __NULL_IMPORT_DESCRIPTOR   00000001800037d8     vcruntimed:VCRUNTIME140D.dll
 0003:00000000       __security_cookie_complement 0000000180004000     MSVCRTD:gs_cookie.obj
 0003:00000008       __security_cookie          0000000180004008     MSVCRTD:gs_cookie.obj
 0003:00000010       __scrt_native_dllmain_reason 0000000180004010     MSVCRTD:utility.obj
 0003:00000018       __isa_available            0000000180004018     MSVCRTD:cpu_disp.obj
 0003:0000001c       __isa_enabled              000000018000401c     MSVCRTD:cpu_disp.obj
 0003:00000020       __memcpy_nt_iters          0000000180004020     MSVCRTD:cpu_disp.obj
 0003:00000028       __memset_nt_iters          0000000180004028     MSVCRTD:cpu_disp.obj
 0003:00000030       __scrt_ucrt_dll_is_in_use  0000000180004030     MSVCRTD:ucrt_stubs.obj
 0003:000005c0       ?__type_info_root_node@@3U__type_info_node@@A 00000001800045c0     MSVCRTD:tncleanup.obj
 0003:000005d0       ?_OptionsStorage@?1??__local_stdio_printf_options@@9@4_KA 00000001800045d0     MSVCRTD:default_local_stdio_options.obj
 0003:000005d8       ?_OptionsStorage@?1??__local_stdio_scanf_options@@9@4_KA 00000001800045d8     MSVCRTD:default_local_stdio_options.obj
 0003:000005e0       __scrt_current_native_startup_state 00000001800045e0     MSVCRTD:utility.obj
 0003:000005e8       __scrt_native_startup_lock 00000001800045e8     MSVCRTD:utility.obj
 0003:00000628       __scrt_debugger_hook_flag  0000000180004628     MSVCRTD:utility_desktop.obj
 0003:00000630       __castguard_check_failure_os_handled_fptr 0000000180004630     MSVCRTD:guard_support.obj
 0003:00000638       __favor                    0000000180004638     MSVCRTD:cpu_disp.obj
 0003:0000063c       __@@_PchSym_@00@UivklhUhravyvmxsRtrgsfyRkirhgrmvUhixUgvhgkvkilqvxghUhravyvmxseCOzmzobhrhvmtrmvOgvhghOxlwvkztvdrmDCihixUhixUgvhgkvhUhgwzucOlyq@4B2008FD98C1DD4 000000018000463c     stdafx.obj
 0003:00000640       __DebuggerCurrentSteppingThreadId 0000000180004640     <common>
 0003:00000648       __dyn_tls_init_callback    0000000180004648     <common>

 entry point at        0001:00000460

 Static symbols

 0000:fffed000       .debug$S                   0000000180000000     vcruntimed:VCRUNTIME140D.dll
 0000:fffed000       .debug$S                   0000000180000000     vcruntimed:VCRUNTIME140D.dll
 0000:fffed000       .debug$S                   0000000180000000     vcruntimed:VCRUNTIME140D.dll
 0000:fffed000       .debug$S                   0000000180000000     vcruntimed:VCRUNTIME140D.dll
 0000:fffed000       .debug$S                   0000000180000000     ucrtd:ucrtbased.dll
 0000:fffed000       .debug$S                   0000000180000000     ucrtd:ucrtbased.dll
 0000:fffed000       .debug$S                   0000000180000000     ucrtd:ucrtbased.dll
 0000:fffed000       .debug$S                   0000000180000000     ucrtd:ucrtbased.dll
 0000:fffed000       .debug$S                   0000000180000000     ucrtd:ucrtbased.dll
 0000:fffed000       .debug$S                   0000000180000000     ucrtd:ucrtbased.dll
 0000:fffed000       .debug$S                   0000000180000000     ucrtd:ucrtbased.dll
 0000:fffed000       .debug$S                   0000000180000000     ucrtd:ucrtbased.dll
 0000:fffed000       .debug$S                   0000000180000000     ucrtd:ucrtbased.dll
 0000:fffed000       .debug$S                   0000000180000000     ucrtd:ucrtbased.dll
 0000:fffed000       .debug$S                   0000000180000000     ucrtd:ucrtbased.dll
 0000:fffed000       .debug$S                   0000000180000000     ucrtd:ucrtbased.dll
 0000:fffed000       .debug$S                   0000000180000000     kernel32:KERNEL32.dll
 0000:fffed000       .debug$S                   0000000180000000     kernel32:KERNEL32.dll
 0000:fffed000       .debug$S                   0000000180000000     kernel32:KERNEL32.dll
 0000:fffed000       .debug$S                   0000000180000000     kernel32:KERNEL32.dll
 0000:fffed000       .debug$S                   0000000180000000     kernel32:KERNEL32.dll
 0000:fffed000       .debug$S                   0000000180000000     kernel32:KERNEL32.dll
 0000:fffed000       .debug$S                   0000000180000000     kernel32:KERNEL32.dll
 0000:fffed000       .debug$S                   0000000180000000     kernel32:KERNEL32.dll
 0000:fffed000       .debug$S                   0000000180000000     kernel32:KERNEL32.dll
 0000:fffed000       .debug$S                   0000000180000000     kernel32:KERNEL32.dll
 0000:fffed000       .debug$S                   0000000180000000     kernel32:KERNEL32.dll
 0000:fffed000       .debug$S                   0000000180000000     kernel32:KERNEL32.dll
 0000:fffed000       .debug$S                   0000000180000000     kernel32:KERNEL32.dll
 0000:fffed000       .debug$S                   0000000180000000     kernel32:KERNEL32.dll
 0000:fffed000       .debug$S                   0000000180000000     kernel32:KERNEL32.dll
 0000:fffed000       .debug$S                   0000000180000000     kernel32:KERNEL32.dll
 0001:00000020       $$000000                   0000000180001020     MSVCRTD:amdsecgs.obj
 0001:00000050       ?dllmain_crt_dispatch@@YAHQEAUHINSTANCE__@@KQEAX@Z 0000000180001050 f   MSVCRTD:dll_dllmain.obj
 0001:000000e0       ?dllmain_crt_process_attach@@YAHQEAUHINSTANCE__@@QEAX@Z 00000001800010e0 f   MSVCRTD:dll_dllmain.obj
 0001:00000220       ?dllmain_crt_process_detach@@YAH_N@Z 0000000180001220 f   MSVCRTD:dll_dllmain.obj
 0001:000002c0       ?dllmain_dispatch@@YAHQEAUHINSTANCE__@@KQEAX@Z 00000001800012c0 f   MSVCRTD:dll_dllmain.obj
 0001:00000400       ?dllmain_raw@@YAHQEAUHINSTANCE__@@KQEAX@Z 0000000180001400 f   MSVCRTD:dll_dllmain.obj
 0001:000005c0       capture_previous_context   00000001800015c0 f   MSVCRTD:gs_report.obj
 0001:00000680       __get_entropy              0000000180001680 f   MSVCRTD:gs_support.obj
 0001:00000890       ?find_pe_section@@YAPEAU_IMAGE_SECTION_HEADER@@QEAE_K@Z 0000000180001890 f   MSVCRTD:utility.obj
 0001:00000970       ?is_potentially_valid_image_base@@YA_NQEAX@Z 0000000180001970 f   MSVCRTD:utility.obj
 0001:00001680       $$000000                   0000000180002680     MSVCRTD:guard_dispatch.obj
 0001:000016a0       $$000000                   00000001800026a0     MSVCRTD:guard_xfg_dispatch.obj
 0001:000016c0       ?fin$0@?0??dllmain_crt_process_attach@@YAHQEAUHINSTANCE__@@QEAX@Z@4HA 00000001800026c0 f   MSVCRTD:dll_dllmain.obj
 0001:000016e0       ?fin$0@?0??dllmain_crt_process_detach@@YAH_N@Z@4HA 00000001800026e0 f   MSVCRTD:dll_dllmain.obj
 0001:000016fa       ?fin$1@?0??dllmain_crt_process_detach@@YAH_N@Z@4HA 00000001800026fa f   MSVCRTD:dll_dllmain.obj
 0001:00001710       ?filt$0@?0??dllmain_dispatch@@YAHQEAUHINSTANCE__@@KQEAX@Z@4HA 0000000180002710 f   MSVCRTD:dll_dllmain.obj
 0001:00001760       __scrt_is_nonwritable_in_current_image$filt$0 0000000180002760 f   MSVCRTD:utility.obj
 0002:00000148       GS_ExceptionPointers       0000000180003148     MSVCRTD:gs_report.obj
 0002:00000638       $unwind$DllMain            0000000180003638     dllmain.obj
 0002:00000638       $unwind$?__scrt_initialize_type_info@@YAXXZ 0000000180003638     MSVCRTD:tncleanup.obj
 0002:00000638       $unwind$?__scrt_uninitialize_type_info@@YAXXZ 0000000180003638     MSVCRTD:tncleanup.obj
 0002:00000638       $unwind$?configure_argv@__scrt_narrow_argv_policy@@SAHXZ 0000000180003638     MSVCRTD:utility.obj
 0002:00000638       $unwind$?initialize_environment@__scrt_narrow_environment_policy@@SAHXZ 0000000180003638     MSVCRTD:utility.obj
 0002:00000638       $unwind$__scrt_dllmain_after_initialize_c 0000000180003638     MSVCRTD:utility.obj
 0002:00000638       $unwind$__scrt_dllmain_before_initialize_c 0000000180003638     MSVCRTD:utility.obj
 0002:00000638       $unwind$__scrt_dllmain_crt_thread_attach 0000000180003638     MSVCRTD:utility.obj
 0002:00000638       $unwind$__scrt_dllmain_crt_thread_detach 0000000180003638     MSVCRTD:utility.obj
 0002:00000638       $unwind$__scrt_dllmain_uninitialize_c 0000000180003638     MSVCRTD:utility.obj
 0002:00000638       $unwind$__scrt_dllmain_uninitialize_critical 0000000180003638     MSVCRTD:utility.obj
 0002:00000640       $xdatasym                  0000000180003640     MSVCRTD:amdsecgs.obj
 0002:00000644       $unwind$?dllmain_crt_process_attach@@YAHQEAUHINSTANCE__@@QEAX@Z 0000000180003644     MSVCRTD:dll_dllmain.obj
 0002:00000664       $unwind$?fin$0@?0??dllmain_crt_process_attach@@YAHQEAUHINSTANCE__@@QEAX@Z@4HA 0000000180003664     MSVCRTD:dll_dllmain.obj
 0002:00000664       $unwind$?fin$0@?0??dllmain_crt_process_detach@@YAH_N@Z@4HA 0000000180003664     MSVCRTD:dll_dllmain.obj
 0002:00000664       $unwind$?fin$1@?0??dllmain_crt_process_detach@@YAH_N@Z@4HA 0000000180003664     MSVCRTD:dll_dllmain.obj
 0002:00000664       $unwind$__scrt_is_nonwritable_in_current_image$filt$0 0000000180003664     MSVCRTD:utility.obj
 0002:0000066c       $unwind$?dllmain_crt_process_detach@@YAH_N@Z 000000018000366c     MSVCRTD:dll_dllmain.obj
 0002:0000069c       $unwind$?dllmain_crt_dispatch@@YAHQEAUHINSTANCE__@@KQEAX@Z 000000018000369c     MSVCRTD:dll_dllmain.obj
 0002:0000069c       $unwind$?dllmain_raw@@YAHQEAUHINSTANCE__@@KQEAX@Z 000000018000369c     MSVCRTD:dll_dllmain.obj
 0002:000006a4       $unwind$?dllmain_dispatch@@YAHQEAUHINSTANCE__@@KQEAX@Z 00000001800036a4     MSVCRTD:dll_dllmain.obj
 0002:000006c4       $unwind$?filt$0@?0??dllmain_dispatch@@YAHQEAUHINSTANCE__@@KQEAX@Z@4HA 00000001800036c4     MSVCRTD:dll_dllmain.obj
 0002:000006cc       $unwind$_DllMainCRTStartup 00000001800036cc     MSVCRTD:dll_dllmain.obj
 0002:000006d4       $unwind$__CheckForDebuggerJustMyCode 00000001800036d4     MSVCRTD:debugger_jmc.obj
 0002:000006d4       $unwind$__report_gsfailure 00000001800036d4     MSVCRTD:gs_report.obj
 0002:000006dc       $unwind$capture_previous_context 00000001800036dc     MSVCRTD:gs_report.obj
 0002:000006e4       $unwind$__raise_securityfailure 00000001800036e4     MSVCRTD:gs_report.obj
 0002:000006e4       $unwind$?is_potentially_valid_image_base@@YA_NQEAX@Z 00000001800036e4     MSVCRTD:utility.obj
 0002:000006ec       $unwind$__scrt_initialize_default_local_stdio_options 00000001800036ec     MSVCRTD:default_local_stdio_options.obj
 0002:000006ec       $unwind$__security_init_cookie 00000001800036ec     MSVCRTD:gs_support.obj
 0002:000006f4       $unwind$__get_entropy      00000001800036f4     MSVCRTD:gs_support.obj
 0002:000006fc       $unwind$__scrt_is_nonwritable_in_current_image 00000001800036fc     MSVCRTD:utility.obj
 0002:0000071c       $unwind$__scrt_acquire_startup_lock 000000018000371c     MSVCRTD:utility.obj
 0002:00000724       $unwind$__scrt_initialize_crt 0000000180003724     MSVCRTD:utility.obj
 0002:00000724       $unwind$__scrt_release_startup_lock 0000000180003724     MSVCRTD:utility.obj
 0002:0000072c       $unwind$__scrt_uninitialize_crt 000000018000372c     MSVCRTD:utility.obj
 0002:00000734       $unwind$__scrt_initialize_onexit_tables 0000000180003734     MSVCRTD:utility.obj
 0002:00000740       $unwind$__scrt_dllmain_exception_filter 0000000180003740     MSVCRTD:utility.obj
 0002:00000748       $unwind$?find_pe_section@@YAPEAU_IMAGE_SECTION_HEADER@@QEAE_K@Z 0000000180003748     MSVCRTD:utility.obj
 0002:00000750       $unwind$__scrt_fastfail    0000000180003750     MSVCRTD:utility_desktop.obj
 0002:0000075c       $unwind$_RTC_Initialize    000000018000375c     MSVCRTD:initsect.obj
 0002:0000075c       $unwind$_RTC_Terminate     000000018000375c     MSVCRTD:initsect.obj
 0002:00000768       $unwind$__isa_available_init 0000000180003768     MSVCRTD:cpu_disp.obj
 0002:00000778       $unwind$__scrt_is_ucrt_dll_in_use 0000000180003778     MSVCRTD:ucrt_detection.obj
 0002:00000780       $xdatasym                  0000000180003780     MSVCRTD:guard_dispatch.obj
 0002:00000788       $xdatasym                  0000000180003788     MSVCRTD:guard_xfg_dispatch.obj
 0002:0000078c       $unwind$__GSHandlerCheckCommon 000000018000378c     MSVCRTD:gshandler.obj
 0002:00000794       $unwind$__GSHandlerCheck   0000000180003794     MSVCRTD:gshandler.obj
 0002:00000900       .idata$6                   0000000180003900     vcruntimed:VCRUNTIME140D.dll
 0002:000009b8       .idata$6                   00000001800039b8     ucrtd:ucrtbased.dll
 0002:00000b10       .idata$6                   0000000180003b10     kernel32:KERNEL32.dll
 0003:00000040       ?__proc_attached@@3HA      0000000180004040     MSVCRTD:dll_dllmain.obj
 0003:00000050       GS_ExceptionRecord         0000000180004050     MSVCRTD:gs_report.obj
 0003:000000f0       GS_ContextRecord           00000001800040f0     MSVCRTD:gs_report.obj
 0003:000005f0       ?is_initialized_as_dll@@3_NA 00000001800045f0     MSVCRTD:utility.obj
 0003:000005f1       ?module_local_atexit_table_initialized@@3_NA 00000001800045f1     MSVCRTD:utility.obj
 0003:000005f8       ?module_local_atexit_table@@3U_onexit_table_t@@A 00000001800045f8     MSVCRTD:utility.obj
 0003:00000610       ?module_local_at_quick_exit_table@@3U_onexit_table_t@@A 0000000180004610     MSVCRTD:utility.obj
 0005:00000000       __B2D2BA86_ctype@h         0000000180006000     dllmain.obj
 0005:00000001       __79C7FC57_basetsd@h       0000000180006001     dllmain.obj
 0005:00000002       __1FEB9909_corecrt_memcpy_s@h 0000000180006002     dllmain.obj
 0005:00000003       __A751F051_corecrt_memory@h 0000000180006003     dllmain.obj
 0005:00000004       __9200769A_corecrt_wstring@h 0000000180006004     dllmain.obj
 0005:00000005       __32E5F013_string@h        0000000180006005     dllmain.obj
 0005:00000006       __D545DD43_guiddef@h       0000000180006006     dllmain.obj
 0005:00000007       __D5DDFBF3_winnt@h         0000000180006007     dllmain.obj
 0005:00000008       __439612F0_processthreadsapi@h 0000000180006008     dllmain.obj
 0005:00000009       __5733279A_memoryapi@h     0000000180006009     dllmain.obj
 0005:0000000a       __D4435474_winerror@h      000000018000600a     dllmain.obj
 0005:0000000b       __B3ED30D4_winbase@h       000000018000600b     dllmain.obj
 0005:0000000c       __DB057BA3_winuser@h       000000018000600c     dllmain.obj
 0005:0000000d       __A118E6DC_stralign@h      000000018000600d     dllmain.obj
 0005:0000000e       __A2143F22_corecrt_stdio_config@h 000000018000600e     dllmain.obj
 0005:0000000f       __829E1958_corecrt_wstdio@h 000000018000600f     dllmain.obj
 0005:00000010       __6DFAE8B8_stdio@h         0000000180006010     dllmain.obj
 0005:00000011       __BB464714_dllmain@cpp     0000000180006011     dllmain.obj
 0005:00000012       __2F8FE773_stdafx@h        0000000180006012     SizeBenchV2.AnalysisEngine.Tests.CodePageWin32Rsrc.obj
 0005:00000013       __DFEA2729_SizeBenchV2@AnalysisEngine@Tests@CodePageWin32Rsrc@pch 0000000180006013     SizeBenchV2.AnalysisEngine.Tests.CodePageWin32Rsrc.obj
 0005:00000014       __DFEA2729_SizeBenchV2@AnalysisEngine@Tests@CodePageWin32Rsrc@pch 0000000180006014     stdafx.obj
 0005:00000015       __B2D2BA86_ctype@h         0000000180006015     stdafx.obj
 0005:00000016       __79C7FC57_basetsd@h       0000000180006016     stdafx.obj
 0005:00000017       __1FEB9909_corecrt_memcpy_s@h 0000000180006017     stdafx.obj
 0005:00000018       __A751F051_corecrt_memory@h 0000000180006018     stdafx.obj
 0005:00000019       __9200769A_corecrt_wstring@h 0000000180006019     stdafx.obj
 0005:0000001a       __32E5F013_string@h        000000018000601a     stdafx.obj
 0005:0000001b       __D545DD43_guiddef@h       000000018000601b     stdafx.obj
 0005:0000001c       __D5DDFBF3_winnt@h         000000018000601c     stdafx.obj
 0005:0000001d       __439612F0_processthreadsapi@h 000000018000601d     stdafx.obj
 0005:0000001e       __5733279A_memoryapi@h     000000018000601e     stdafx.obj
 0005:0000001f       __D4435474_winerror@h      000000018000601f     stdafx.obj
 0005:00000020       __B3ED30D4_winbase@h       0000000180006020     stdafx.obj
 0005:00000021       __DB057BA3_winuser@h       0000000180006021     stdafx.obj
 0005:00000022       __A118E6DC_stralign@h      0000000180006022     stdafx.obj
 0005:00000023       __A2143F22_corecrt_stdio_config@h 0000000180006023     stdafx.obj
 0005:00000024       __829E1958_corecrt_wstdio@h 0000000180006024     stdafx.obj
 0005:00000025       __6DFAE8B8_stdio@h         0000000180006025     stdafx.obj
 0006:00000250       $R000000                   0000000180007250     SizeBenchV2.AnalysisEngine.Tests.CodePageWin32Rsrc.res
 0006:000010f8       $R000EA8                   00000001800080f8     SizeBenchV2.AnalysisEngine.Tests.CodePageWin32Rsrc.res
 0006:000019a0       $R001750                   00000001800089a0     SizeBenchV2.AnalysisEngine.Tests.CodePageWin32Rsrc.res
 0006:00001f08       $R001CB8                   0000000180008f08     SizeBenchV2.AnalysisEngine.Tests.CodePageWin32Rsrc.res
 0006:00006130       $R005EE0                   000000018000d130     SizeBenchV2.AnalysisEngine.Tests.CodePageWin32Rsrc.res
 0006:000086d8       $R008488                   000000018000f6d8     SizeBenchV2.AnalysisEngine.Tests.CodePageWin32Rsrc.res
 0006:00009780       $R009530                   0000000180010780     SizeBenchV2.AnalysisEngine.Tests.CodePageWin32Rsrc.res
 0006:00009be8       $R009998                   0000000180010be8     SizeBenchV2.AnalysisEngine.Tests.CodePageWin32Rsrc.res
 0006:00009c50       $R009A00                   0000000180010c50     SizeBenchV2.AnalysisEngine.Tests.CodePageWin32Rsrc.res
 0006:00009fe0       $R009D90                   0000000180010fe0     SizeBenchV2.AnalysisEngine.Tests.CodePageWin32Rsrc.res

 Exports

  ordinal    name

